formatted plan matches: crates/chaoscontrol-evidence/src/dogfood_guards.rs
formatted plan matches: crates/chaoscontrol-evidence/src/evidence_contracts.rs
formatted plan matches: crates/chaoscontrol-evidence/src/oci_intake.rs
formatted plan matches: crates/chaoscontrol-evidence/src/replay_readiness_surfaces.rs
formatted plan matches: crates/chaoscontrol-evidence/src/rust_automation/dogfood_receipt.rs
formatted plan matches: crates/chaoscontrol-evidence/src/rust_automation/dogfood_summary.rs
formatted plan matches: crates/chaoscontrol-evidence/src/rust_automation/readiness_receipt.rs
formatted plan matches: crates/chaoscontrol-evidence/src/sdk_local_identity.rs
formatted plan matches: crates/chaoscontrol-explore/src/assertion_summary.rs
formatted plan matches: crates/chaoscontrol-explore/src/bug/identity.rs
formatted plan matches: crates/chaoscontrol-explore/src/campaign.rs
formatted plan matches: crates/chaoscontrol-explore/src/checkpoint.rs
formatted plan matches: crates/chaoscontrol-explore/src/dashboard_types.rs
formatted plan matches: crates/chaoscontrol-explore/src/marker_branching.rs
formatted plan matches: crates/chaoscontrol-explore/src/replay_verdict.rs
formatted plan matches: crates/chaoscontrol-explore/src/report.rs
formatted plan matches: crates/chaoscontrol-explore/src/snapshot_store.rs
formatted plan matches: crates/chaoscontrol-fault/src/oracle_validation.rs
formatted plan matches: crates/chaoscontrol-protocol/src/oci_intake.rs
formatted plan matches: crates/chaoscontrol-sdk/src/details.rs
formatted plan matches: crates/chaoscontrol-sdk/src/supervisor.rs
formatted plan matches: crates/chaoscontrol-vmm/src/controller.rs
formatted plan matches: crates/chaoscontrol-vmm/src/cpu.rs
formatted plan matches: crates/chaoscontrol-vmm/src/devices/block.rs
formatted plan matches: crates/chaoscontrol-vmm/src/memory.rs
formatted plan matches: crates/chaoscontrol-vmm/src/snapshot.rs
