crates/chaoscontrol-evidence/src/assertion/readiness.rs: OK
crates/chaoscontrol-evidence/src/consistency_checker.rs: OK
crates/chaoscontrol-evidence/src/in_process_simulator.rs: OK
crates/chaoscontrol-evidence/src/kernel_bundle_initrd.rs: OK
crates/chaoscontrol-evidence/src/kernel_bundle_validation.rs: OK
crates/chaoscontrol-evidence/src/product_scope.rs: OK
crates/chaoscontrol-evidence/src/semantic_history.rs: OK
crates/chaoscontrol-evidence/src/simulator_profile.rs: OK
crates/chaoscontrol-explore/src/campaign.rs: OK
crates/chaoscontrol-explore/src/checkpoint.rs: OK
crates/chaoscontrol-explore/src/dashboard_types.rs: OK
crates/chaoscontrol-explore/src/marker_branching.rs: OK
crates/chaoscontrol-explore/src/snapshot_store.rs: OK
crates/chaoscontrol-fault/src/faults.rs: OK
crates/chaoscontrol-fault/src/outcomes.rs: OK
crates/chaoscontrol-fault/src/scenario.rs: OK
crates/chaoscontrol-protocol/src/branch_marker.rs: OK
crates/chaoscontrol-protocol/src/fallback.rs: OK
crates/chaoscontrol-protocol/src/guest_process.rs: OK
crates/chaoscontrol-protocol/src/oci_intake.rs: OK
crates/chaoscontrol-protocol/src/process.rs: OK
crates/chaoscontrol-sim-core/src/boundary.rs: OK
crates/chaoscontrol-sim-core/src/guest_determinism.rs: OK
crates/chaoscontrol-sim-core/src/kernel.rs: OK
crates/chaoscontrol-sim-core/src/protocol_fault.rs: OK
crates/chaoscontrol-sim-core/src/protocol_replay.rs: OK
crates/chaoscontrol-sim-core/src/protocol_simulation.rs: OK
crates/chaoscontrol-sim-core/src/runtime_capacity.rs: OK
crates/chaoscontrol-sim-core/src/scheduler/core.rs: OK
crates/chaoscontrol-sim-core/src/snapshot.rs: OK
crates/chaoscontrol-vmm/src/controller_core.rs: OK
crates/chaoscontrol-vmm/src/determinism_gate.rs: OK
crates/chaoscontrol-vmm/src/devices/block.rs: OK
crates/chaoscontrol-vmm/src/devices/net.rs: OK
crates/chaoscontrol-vmm/src/snapshot.rs: OK
docs/vm-cohort-adoption.md: OK
flake.nix: OK
nix/fixtures/vendor/probe.rs: OK
nix/tests/source-filter.nix: OK
nix/tests/vm-cohort-vendor.nix: OK
nix/vm-cohort-vendor.nix: OK
