evaluating flake...
checking flake output 'lib'...
checking flake output 'packages'...
checking derivation packages.x86_64-linux.default...
derivation evaluated to /nix/store/g900j59nqcwx0xqy2z7y8wg26fpl96af-chaoscontrol-0.1.0.drv
checking derivation packages.x86_64-linux.guest-sdk...
derivation evaluated to /nix/store/7w8krvnsmp3mfj0i1f4wi2s90prl3zwn-chaoscontrol-guest-0.1.0.drv
checking derivation packages.x86_64-linux.guest-determinism-probe...
derivation evaluated to /nix/store/x635ihs4wg56397ky3dx3qvikz4lr8gw-chaoscontrol-guest-determinism-probe-0.1.0.drv
checking derivation packages.x86_64-linux.guest-raft...
derivation evaluated to /nix/store/6y436fa2zjngpsr11byca18yr4dfgdav-chaoscontrol-raft-guest-0.1.0.drv
checking derivation packages.x86_64-linux.guest-net...
derivation evaluated to /nix/store/npgwikzsg5iayi4fycyv6yx2112inr8d-chaoscontrol-net-guest-0.1.0.drv
checking derivation packages.x86_64-linux.guest-redb...
derivation evaluated to /nix/store/hsin88nbq83qb258m5jz2lxnciqd9kgz-chaoscontrol-redb-guest-0.1.0.drv
checking derivation packages.x86_64-linux.guest-rust-workload...
derivation evaluated to /nix/store/xgd3bdvz14am8yyfqn2gv3y59a6y74hl-chaoscontrol-rust-workload-guest-0.1.0.drv
checking derivation packages.x86_64-linux.guest-supervisor...
derivation evaluated to /nix/store/xn05zam3ij25g1i7li2if1fq7q7n2xrj-chaoscontrol-sdk-0.1.0.drv
checking derivation packages.x86_64-linux.initrd-sdk...
derivation evaluated to /nix/store/pfszn4kdszxhrb66a903vpiyk4fayi37-chaoscontrol-initrd-sdk.drv
checking derivation packages.x86_64-linux.initrd-determinism-probe...
derivation evaluated to /nix/store/j5m9411zbcfcg3i2hysq4f3gpq9vp745-chaoscontrol-initrd-determinism-probe.drv
checking derivation packages.x86_64-linux.initrd-raft...
derivation evaluated to /nix/store/v3mqp0inmx4y58idyzvpy03nai5ffsvy-chaoscontrol-initrd-raft.drv
checking derivation packages.x86_64-linux.initrd-net...
derivation evaluated to /nix/store/ybngrmbrr2814xc1iw30h3wdwkwas871-chaoscontrol-initrd-net.drv
checking derivation packages.x86_64-linux.initrd-redb...
derivation evaluated to /nix/store/hg7ggksylv60xjxns8ln5955vaqzakq7-chaoscontrol-initrd-redb.drv
checking derivation packages.x86_64-linux.initrd-rust-workload...
derivation evaluated to /nix/store/iv5fr2syzkjkpcxqqsjms7p90yq7d5mk-chaoscontrol-initrd-rust-workload.drv
checking derivation packages.x86_64-linux.initrd-multiprocess...
derivation evaluated to /nix/store/00rfpgkxcnh6hpgjzijfz90qdfnzbf7w-chaoscontrol-initrd-multiprocess.drv
checking derivation packages.x86_64-linux.redb-disk-image...
derivation evaluated to /nix/store/smr9nf644lykjg18rjjdmwhzjc2haasb-redb-disk-image.drv
checking derivation packages.x86_64-linux.chaoscontrol-vmm...
derivation evaluated to /nix/store/g900j59nqcwx0xqy2z7y8wg26fpl96af-chaoscontrol-0.1.0.drv
checking derivation packages.x86_64-linux.oci-intake...
derivation evaluated to /nix/store/f52mgca8nknfpvnrhgcwcxm7nqv31fzc-chaoscontrol-oci-intake-0.1.0.drv
checking derivation packages.x86_64-linux.guest-determinism-gate...
derivation evaluated to /nix/store/95m2rygnxvai08l5y1mj5njpg9fbgvbx-chaoscontrol-guest-determinism-gate-0.1.0.drv
checking derivation packages.x86_64-linux.raft-accepted-verdict-dogfood...
derivation evaluated to /nix/store/0kmayyy12c3ppvskw1i4pycg6sp7ichy-raft-accepted-verdict-dogfood.drv
checking derivation packages.x86_64-linux.redb-accepted-verdict-dogfood...
derivation evaluated to /nix/store/hd1jpgihlc404bbri5d2jm0ww236pjcm-redb-accepted-verdict-dogfood.drv
checking derivation packages.x86_64-linux.net-accepted-verdict-dogfood...
derivation evaluated to /nix/store/mvaw7g7zpcg4hv1m5jj2z202zx74a6gm-net-accepted-verdict-dogfood.drv
checking derivation packages.x86_64-linux.rust-workload-accepted-verdict-dogfood...
derivation evaluated to /nix/store/abng76g118af6mzkrbfm8962lv7lxfsl-rust-workload-accepted-verdict-dogfood.drv
checking derivation packages.x86_64-linux.accepted-verdict-dogfood-config...
derivation evaluated to /nix/store/i20nqmd2phsbh6gil75p6q42b5xy65sm-accepted-verdict-dogfood-config.json.drv
checking derivation packages.x86_64-linux.replay-readiness...
derivation evaluated to /nix/store/2svvydw02p866mknbhp333nr1m06n1ys-replay-readiness.drv
checking derivation packages.x86_64-linux.scaffold-rust-workload...
derivation evaluated to /nix/store/d38id1lssyznpvxcwcpg8xy7xkdmyf7q-scaffold-rust-workload.drv
checking derivation packages.x86_64-linux.fresh-rust-workload-proof...
derivation evaluated to /nix/store/pfingcckyvh0066j0jsy2nsag1ldlgcq-fresh-rust-workload-proof.drv
checking derivation packages.x86_64-linux.vm-determinism-matrix...
derivation evaluated to /nix/store/s17dvc857npjzpjyz0igbr0xv0ray6s1-vm-determinism-matrix.drv
checking derivation packages.x86_64-linux.replay-readiness-summary...
derivation evaluated to /nix/store/3bq9hsqq07flz1zkm51b34dkfxs3py9j-replay-readiness-summary.drv
checking derivation packages.x86_64-linux.replay-readiness-dashboard...
derivation evaluated to /nix/store/msyf1n6axg3yz5h2v7095ama9bq8qa4n-replay-readiness-dashboard.drv
checking derivation packages.x86_64-linux.replay-readiness-triage...
derivation evaluated to /nix/store/kvf1sznvj758l3hfjpd3kydw4y9gkm5i-replay-readiness-triage.drv
checking derivation packages.x86_64-linux.replay-readiness-fleet-index...
derivation evaluated to /nix/store/jcvh1ba8gm3sr14h9a34q1nsvvlhkljm-replay-readiness-fleet-index.drv
checking derivation packages.x86_64-linux.replay-readiness-decision-receipt...
derivation evaluated to /nix/store/zsy09bwg3yfcjlpc3qavfg5sl7shhmc7-replay-readiness-decision-receipt.drv
checking derivation packages.x86_64-linux.replay-readiness-scheduler-receipt...
derivation evaluated to /nix/store/r053fp954g53ij4ahw9c6pqqq5y59s73-replay-readiness-scheduler-receipt.drv
checking derivation packages.x86_64-linux.in-process-simulator-receipt...
derivation evaluated to /nix/store/0i22z72phss4inzw5nh0c046vhs96s6k-in-process-simulator-receipt.drv
checking derivation packages.x86_64-linux.local-multi-hypervisor-kvm-smoke...
derivation evaluated to /nix/store/5z84vs0ip7cmrp8im0phy6k9xw2s7r9s-local-multi-hypervisor-kvm-smoke.drv
checking derivation packages.x86_64-linux.replay-readiness-readme-status...
derivation evaluated to /nix/store/vc0y1ifag17akp5sykc85zmn95244iy6-replay-readiness-readme-status.drv
checking derivation packages.x86_64-linux.cargo-radicle...
derivation evaluated to /nix/store/fig6g6sivb8in9y5g8mpxzvk9cax6i67-cargo-radicle-1.92.0.drv
checking derivation packages.x86_64-linux.cargo-tigerstyle...
derivation evaluated to /nix/store/i675hk4mr2svhbpz7ilv7jly4vpysw6i-cargo-octet-0.1.0.drv
checking derivation packages.x86_64-linux.tigerstyle-standards...
derivation evaluated to /nix/store/w5njs8pm48gd6rzsjcnbk29g7d8hjsq0-octet-standards-0.1.0.drv
checking derivation packages.x86_64-linux.verified-logic...
derivation evaluated to /nix/store/c3z245a5jqpl0hmf1ai9i8jzgb1nfq6w-verified-logic-0.2.0.drv
checking derivation packages.x86_64-linux.determinism-probe-vmlinux...
derivation evaluated to /nix/store/r0nhjyymj3xmkywcq0q87g2g7b0d13ak-chaoscontrol-vmlinux.drv
checking derivation packages.x86_64-linux.net-vmlinux...
derivation evaluated to /nix/store/m4nnxffwrzjlnqczph76sr1xsn3n0y0d-chaoscontrol-vmlinux.drv
checking derivation packages.x86_64-linux.kcov-vmlinux...
derivation evaluated to /nix/store/d9jgpxqp1fcjffc563w059n6rd8jwy91-chaoscontrol-vmlinux.drv
checking derivation packages.x86_64-linux.kcov-net-vmlinux...
derivation evaluated to /nix/store/vz4vngrnym8c2cjd5f2xs9gf376yw9k5-chaoscontrol-vmlinux.drv
checking derivation packages.x86_64-linux.raft-sim...
derivation evaluated to /nix/store/8ykcvjmiims43l9n1xm7fpafj1z6562d-chaoscontrol-test-raft-sim.drv
checking derivation packages.x86_64-linux.redb-sim...
derivation evaluated to /nix/store/qcj0n1mi0c48hrx8wk3dac81svk6skg7-chaoscontrol-test-redb-sim.drv
checking derivation packages.x86_64-linux.rust-workload-sim...
derivation evaluated to /nix/store/ii5lh8qd43r3lvjw1k7cfk2w8yl8w663-chaoscontrol-test-rust-workload-sim.drv
checking derivation packages.x86_64-linux.rust-workload-local-report...
derivation evaluated to /nix/store/2n40fm71dgml8k9vglk3nzscqkyliqjv-rust-workload-local-report.drv
checking derivation packages.x86_64-linux.docs...
derivation evaluated to /nix/store/bid9wz6nzsb7qcbh4nsmf43lz6i1yq93-chaoscontrol-docs.drv
checking flake output 'checks'...
checking derivation checks.x86_64-linux.replay-readiness...
derivation evaluated to /nix/store/agrl46jvar6qvpmp4h9lz2xk39yvma5i-replay-readiness-check.drv
checking derivation checks.x86_64-linux.local-multi-hypervisor-kvm-smoke...
derivation evaluated to /nix/store/4nwb4dw5ggfmmncsbdz8wad714kk15cq-local-multi-hypervisor-kvm-smoke-check.drv
checking derivation checks.x86_64-linux.rustdoc...
derivation evaluated to /nix/store/zdjq24sl69k4i5jxdsjplpkc8lvvn0cg-chaoscontrol-doc-0.1.0.drv
checking derivation checks.x86_64-linux.package...
derivation evaluated to /nix/store/g900j59nqcwx0xqy2z7y8wg26fpl96af-chaoscontrol-0.1.0.drv
checking derivation checks.x86_64-linux.protocol-observation-tests...
derivation evaluated to /nix/store/fpvg1jfj8cbr11g3z5g1m36rxi64ibcr-chaoscontrol-protocol-observation-test-0.1.0.drv
checking derivation checks.x86_64-linux.protocol-observation-contracts...
derivation evaluated to /nix/store/6hjsjwsgx7fbqygs8368bh9l89dk97gh-protocol-observation-contracts.drv
checking derivation checks.x86_64-linux.license-boundary...
derivation evaluated to /nix/store/3mb0610a26z523bvx1zf1cgrvmymbbls-chaoscontrol-license-boundary.drv
checking derivation checks.x86_64-linux.vm-cohort-dependency...
derivation evaluated to /nix/store/h2xnk7i3gaj3icvn4kl07z57r0ain7fq-chaoscontrol-vm-cohort-dependency.drv
checking derivation checks.x86_64-linux.vm-cohort-adoption-contract...
derivation evaluated to /nix/store/cq12jqsgk4lhqc874jb846i45w97kdy1-chaoscontrol-vm-cohort-adoption-contract.drv
checking derivation checks.x86_64-linux.nickel-cohort-exact...
derivation evaluated to /nix/store/7caq9rzkd8ij2av7xl8mjj37gicd6m8y-chaoscontrol-nickel-cohort-exact.drv
checking derivation checks.x86_64-linux.clippy...
derivation evaluated to /nix/store/66ln574kg9l0d2i0k8hg3bcy2fqcaz4a-chaoscontrol-clippy-0.1.0.drv
checking derivation checks.x86_64-linux.fmt...
derivation evaluated to /nix/store/fxbm9mmgcqahj4qyvanggds10qrph3x1-chaoscontrol-fmt-0.1.0.drv
checking derivation checks.x86_64-linux.tests...
derivation evaluated to /nix/store/3zzaflm1vmkrhklaf8xi4x5hl63z1i9s-chaoscontrol-test-0.1.0.drv
checking derivation checks.x86_64-linux.property-coverage...
derivation evaluated to /nix/store/4l2q7dj3ap9i07j60mklr2jim7jq9gp1-property-coverage-check.drv
checking derivation checks.x86_64-linux.ebpf-trace-evidence...
derivation evaluated to /nix/store/ds06zwzpyl4nzszp8sgqnl15g7y796di-ebpf-trace-evidence-check.drv
checking derivation checks.x86_64-linux.virtio-malicious-guest-kvm-smoke...
derivation evaluated to /nix/store/w4jchi79s8nzr5f818n18zbgvkd1y8il-chaoscontrol-test-0.1.0.drv
checking derivation checks.x86_64-linux.profiling...
derivation evaluated to /nix/store/qa1pcn2jbsi4lk12xrq1bwc6vm6r4cmj-chaoscontrol-clippy-0.1.0.drv
checking derivation checks.x86_64-linux.nixfmt...
derivation evaluated to /nix/store/g35j3i0dwza5ym23q9dxmd2c542xzgwp-nixfmt-check.drv
checking derivation checks.x86_64-linux.dependency-audit...
derivation evaluated to /nix/store/xyd1696lhhvp2rv06nxmxbf92nrynsx1-dependency-audit-check.drv
checking derivation checks.x86_64-linux.dependency-policy...
derivation evaluated to /nix/store/3qihakbpc1mays0vn9bhpcai8pl3q9p2-chaoscontrol-deny-0.1.0.drv
checking derivation checks.x86_64-linux.snapshot-descriptor-contracts...
derivation evaluated to /nix/store/rlm5x23fhhcav85ch2gjqvsiaihdyva5-snapshot-descriptor-contracts-check.drv
checking derivation checks.x86_64-linux.evidence-contracts...
derivation evaluated to /nix/store/3xf8zcp2jnbzdkdpgsa7nwhy90yhwcjc-evidence-contracts-check.drv
checking derivation checks.x86_64-linux.spacewasm-mvp-differential...
building '/nix/store/k8x5162igc5f0843k8jdny0w7ih12j94-mantle-spacewasm-bundler-source.drv'...
derivation evaluated to /nix/store/3x3sl63awgnivyaqm4hnpjq4hzym4w8l-spacewasm-mvp-differential-check.drv
checking derivation checks.x86_64-linux.vm-determinism-drift-receipt...
derivation evaluated to /nix/store/f366g69xhr0qnllghbffm1gyjnak196j-vm-determinism-drift-receipt-check.drv
checking derivation checks.x86_64-linux.snapshot-replay-smoke...
derivation evaluated to /nix/store/6h36jzfwlds6n67pg1bwx1b1a1pldwja-snapshot-replay-smoke-check.drv
checking derivation checks.x86_64-linux.tigerstyle-policy-registry...
derivation evaluated to /nix/store/y6j4w8055wqw5xvcnx98hk9xgr2gp9hk-octet-policy-registry-check.drv
checking derivation checks.x86_64-linux.vm-cohort-adapter-octet-deny-all...
derivation evaluated to /nix/store/z0ryj8fnfg8virixz4r8lms20gkmn7rd-octet-consumer-check.drv
checking derivation checks.x86_64-linux.snapshot-descriptor-octet-deny-all...
derivation evaluated to /nix/store/4pdl7801v2x5z292482873qxyman9zf0-octet-consumer-check.drv
checking derivation checks.x86_64-linux.tigerstyle-chaoscontrol-focused...
derivation evaluated to /nix/store/iz8v1hc2bydzrg4ml0glj93l95c3j7sw-octet-consumer-check.drv
checking derivation checks.x86_64-linux.verified-logic-verus-proofs...
derivation evaluated to /nix/store/fqz40hr70fmsssi5n8ijc3cz99lvafcq-verus-proofs.drv
checking flake output 'apps'...
checking app 'apps.x86_64-linux.default'...
checking app 'apps.x86_64-linux.oci-intake'...
checking app 'apps.x86_64-linux.guest-determinism-gate'...
checking app 'apps.x86_64-linux.raft-accepted-verdict-dogfood'...
checking app 'apps.x86_64-linux.redb-accepted-verdict-dogfood'...
checking app 'apps.x86_64-linux.net-accepted-verdict-dogfood'...
checking app 'apps.x86_64-linux.rust-workload-accepted-verdict-dogfood'...
checking app 'apps.x86_64-linux.replay-readiness'...
checking app 'apps.x86_64-linux.scaffold-rust-workload'...
checking app 'apps.x86_64-linux.fresh-rust-workload-proof'...
checking app 'apps.x86_64-linux.vm-determinism-matrix'...
checking app 'apps.x86_64-linux.replay-readiness-summary'...
checking app 'apps.x86_64-linux.replay-readiness-dashboard'...
checking app 'apps.x86_64-linux.replay-readiness-triage'...
checking app 'apps.x86_64-linux.replay-readiness-fleet-index'...
checking app 'apps.x86_64-linux.replay-readiness-decision-receipt'...
checking app 'apps.x86_64-linux.replay-readiness-scheduler-receipt'...
checking app 'apps.x86_64-linux.in-process-simulator-receipt'...
checking app 'apps.x86_64-linux.local-multi-hypervisor-kvm-smoke'...
checking app 'apps.x86_64-linux.replay-readiness-readme-status'...
checking app 'apps.x86_64-linux.rust-workload-local-report'...
checking app 'apps.x86_64-linux.boot'...
checking app 'apps.x86_64-linux.snapshot-demo'...
checking app 'apps.x86_64-linux.explore'...
checking app 'apps.x86_64-linux.explore-raft'...
checking app 'apps.x86_64-linux.explore-redb'...
checking app 'apps.x86_64-linux.explore-sdk'...
checking app 'apps.x86_64-linux.explore-rust-workload'...
checking app 'apps.x86_64-linux.check-kvm-release-matrix'...
checking app 'apps.x86_64-linux.kvm-release-matrix'...
checking app 'apps.x86_64-linux.vm-determinism-drift'...
checking flake output 'devShells'...
checking derivation devShells.x86_64-linux.default...
derivation evaluated to /nix/store/x1kyl5ldx915q5xc722z2h6db7mj8v42-nix-shell.drv
running 140 flake checks...
building '/nix/store/i20nqmd2phsbh6gil75p6q42b5xy65sm-accepted-verdict-dogfood-config.json.drv'...
building '/nix/store/milxq53n8mr1l6sfsi11fj7k57mji0s5-rust-default-1.98.0.drv'...
copying path '/nix/store/90alqfxsdgcq3jmld4wnsp2687iwsx4a-rust-std-1.91.1-wasm32-unknown-unknown' from 'http://100.100.103.95:5000'...
copying path '/nix/store/bnyg1gycq05zcasq05z83qd0kz3lkxwn-spacewasm-e24cf09355a90497148eb5029fdb8e3400bd63e3-corpora' from 'http://100.100.103.95:5000'...
copying path '/nix/store/2pbgy5agk2kxn0blsznz7gpc1il7cirh-spacewasm-e24cf09355a90497148eb5029fdb8e3400bd63e3.tar.gz' from 'http://100.100.103.95:5000'...
copying path '/nix/store/0bw8ynkhhbxv51kc4q872vyj1dqlm5zj-spacewasm-source-e24cf09355a90497148eb5029fdb8e3400bd63e3' from 'http://100.100.103.95:5000'...
copying path '/nix/store/kx4xmzcv0njjcvcp2q5i1ka0vxd1n6s5-cargo-1.91.1-x86_64-unknown-linux-gnu' from 'http://100.100.103.95:5000'...
copying path '/nix/store/5yz8zc0v13kxb0glpclayyd2dmq7zn9z-rust-std-1.91.1-x86_64-unknown-linux-gnu' from 'http://100.100.103.95:5000'...
copying path '/nix/store/v47jhnn6lc5vf555cgnd1dq5vjsq8jqk-rustc-1.91.1-x86_64-unknown-linux-gnu' from 'http://100.100.103.95:5000'...
building '/nix/store/f39khaiqig9jxdhmby3zb2r2aijwmcyd-cargo-package-aho-corasick-1.1.5.drv'...
building '/nix/store/dssyf59w8cxpibcrqaajqmyhwn2gyg0x-cargo-package-bitflags-2.13.1.drv'...
building '/nix/store/7vd27rsz6f0mfwpsj2j2vid7clsswsyi-cargo-package-blake3-1.8.7.drv'...
cargo-package-aho-corasick> Running phase: unpackPhase
cargo-package-aho-corasick> setting SOURCE_DATE_EPOCH to timestamp 1153704088 of file "./crate/src/util/special.rs"
cargo-package-aho-corasick> Running phase: patchPhase
cargo-package-aho-corasick> Running phase: updateAutotoolsGnuConfigScriptsPhase
cargo-package-aho-corasick> Running phase: installPhase
cargo-package-bitflags> Running phase: unpackPhase
copying path '/nix/store/m7ml4g146b4prgpqgk0v3px50mlrp7iq-cargo-audit-0.22.0' from 'http://100.100.103.95:5000'...
copying path '/nix/store/8i68yqrfslag4nxlkn331sq1n93bh8x5-redb-disk-image' from 'http://100.100.103.95:5000'...
copying path '/nix/store/s7ay48jh2rnwgs3wzr7k0lkf6imnn371-ShellCheck-0.11.0' from 'http://100.100.103.95:5000'...
copying path '/nix/store/2iy1jp3n0lf7q4vx633iyygs2spw9831-env_filter-1.0.1' from 'https://cache.nixos.org'...
copying path '/nix/store/myjc6ajfxj626x0fmdyxszaq957yf1rm-wabt-1.0.39' from 'http://100.100.103.95:5000'...
copying path '/nix/store/5bwc8lhmiyz9i6d9d11nhx88drxpkgj1-flagset-0.4.7' from 'https://cache.nixos.org'...
copying path '/nix/store/acbam4si6ryld7kz9781sqsb0bmzg54j-derive_arbitrary-1.4.2' from 'https://cache.nixos.org'...
copying path '/nix/store/qzy834qdd473gsywmx7ysbc1xi6rsv44-env_logger-0.11.10' from 'https://cache.nixos.org'...
copying path '/nix/store/cmrahwlsdrxgf95ayk4x9yxkf0zb6fwb-wasm-tools-1.245.1' from 'http://100.100.103.95:5000'...
copying path '/nix/store/q8qk0mkndvphprcfvng6n435x3pwy9vl-wasmtime-41.0.3' from 'https://cache.nixos.org'...
cargo-package-bitflags> setting SOURCE_DATE_EPOCH to timestamp 1153704088 of file "./crate/src/traits.rs"
copying path '/nix/store/qnlhxhd8ac7409j0hq5aqs9qwq6yyx15-cargo-src-log-0.4.34' from 'https://nix-community.cachix.org'...
copying path '/nix/store/mc3x7gqp0pwd59459d8z4q25wc8gyxg1-cargo-src-syn-3.0.4' from 'https://nix-community.cachix.org'...
cargo-package-bitflags> Running phase: patchPhase
cargo-package-bitflags> Running phase: updateAutotoolsGnuConfigScriptsPhase
cargo-package-bitflags> Running phase: installPhase
cargo-package-blake3> Running phase: unpackPhase
cargo-package-blake3> setting SOURCE_DATE_EPOCH to timestamp 1153704088 of file "./crate/tools/release.md"
cargo-package-blake3> Running phase: patchPhase
cargo-package-blake3> Running phase: updateAutotoolsGnuConfigScriptsPhase
cargo-package-blake3> Running phase: installPhase
building '/nix/store/pjwwi3yy4h3p3nanq25ywpdv5db06ipm-memchr-2.8.2.drv'...
copying path '/nix/store/704fvdf1ihvikmb7jqbwkj2792m8rzh7-crate-jiff-0.2.28.tar.gz' from 'https://nix-community.cachix.org'...
copying path '/nix/store/dl68apx6p614rvsd7fq0rwbcma5g09cs-crate-jiff-static-0.2.28.tar.gz' from 'https://nix-community.cachix.org'...
copying path '/nix/store/6wndx4vdfnrvgqsj7xxhk8dc1l8gdpfd-linux-6.19' from 'http://100.100.103.95:5000'...
copying path '/nix/store/8awfafv0l1j281lmy8h20pfid676v140-wasmtime-41.0.3-lib' from 'https://cache.nixos.org'...
building '/nix/store/g35j3i0dwza5ym23q9dxmd2c542xzgwp-nixfmt-check.drv'...
building '/nix/store/6b64dihsmkr3fncvq560ih24w6d493ma-source.drv'...
copying path '/nix/store/2zg8a82r8l591h5j35a09r66vakrg4iy-linux-6.19' from 'http://100.100.103.95:5000'...
copying path '/nix/store/37z0f7m30gxphvkpdvpk5gz40cky30wl-linux-6.19' from 'http://100.100.103.95:5000'...
copying path '/nix/store/jslljr5js1wnn7hqlmlbs6cx43n4az8g-rust-lib-src' from 'http://100.100.103.95:5000'...
building '/nix/store/x0g0bxgi1ilykg0nd3d1yrnbi47pr6p9-log-0.4.32.drv'...
source> structuredAttrs is enabled
source> 
source> trying https://github.com/verus-lang/verus/releases/download/release/0.2026.03.22.5e66329/verus-0.2026.03.22.5e66329-x86-linux.zip
source>   % Total    % Received % Xferd  Average Speed  Time    Time    Time   Current
source>                                  Dload  Upload  Total   Spent   Left   Speed
building '/nix/store/bzkvzfd521n8cx0a4jhgbk18dr58g3vc-cargo-package-syn-3.0.4.drv'...
building '/nix/store/vs8n8n619nihwbd6vbkd286326k3wsks-jiff-static-0.2.28.drv'...
cargo-package-syn> Running phase: unpackPhase
cargo-package-syn> setting SOURCE_DATE_EPOCH to timestamp 1153704088 of file "./crate/tests/zzz_stable.rs"
cargo-package-syn> Running phase: patchPhase
cargo-package-syn> Running phase: updateAutotoolsGnuConfigScriptsPhase
cargo-package-syn> Running phase: installPhase
source>   0      0   0      0   0      0      0      0                              0
building '/nix/store/4pdl7801v2x5z292482873qxyman9zf0-octet-consumer-check.drv'...
building '/nix/store/6v0ry0x1ph90g2y8y7s06aps5sx52k6z-crate-wasm-smith-0.220.1.tar.gz.drv'...
crate-wasm-smith> structuredAttrs is enabled
source> 100 29.83M 100 29.83M   0      0 43.77M      0                              0
source> unpacking source archive /build/verus-0.2026.03.22.5e66329-x86-linux.zip
crate-wasm-smith> 
crate-wasm-smith> trying https://crates.io/api/v1/crates/wasm-smith/0.220.1/download
crate-wasm-smith>   % Total    % Received % Xferd  Average Speed  Time    Time    Time   Current
crate-wasm-smith>                                  Dload  Upload  Total   Spent   Left   Speed
crate-wasm-smith>   0      0   0      0   0      0      0      0                              0
crate-wasm-smith> curl: (22) The requested URL returned error: 403
crate-wasm-smith> Warning: Problem (retrying all errors). Will retry in 1 second. 3 retries left.
octet-consumer-check>    Compiling version_check v0.9.5
octet-consumer-check>    Compiling proc-macro2 v1.0.106
octet-consumer-check>    Compiling unicode-ident v1.0.24
octet-consumer-check>    Compiling quote v1.0.44
octet-consumer-check>     Checking typenum v1.20.0
octet-consumer-check>    Compiling serde_core v1.0.228
octet-consumer-check>    Compiling shlex v1.3.0
octet-consumer-check>    Compiling find-msvc-tools v0.1.9
octet-consumer-check>    Compiling serde v1.0.228
octet-consumer-check>     Checking cfg-if v1.0.4
octet-consumer-check>    Compiling zmij v1.0.21
octet-consumer-check>     Checking arrayvec v0.7.8
octet-consumer-check>     Checking constant_time_eq v0.3.1
octet-consumer-check>    Compiling serde_json v1.0.149
octet-consumer-check>     Checking arrayref v0.3.9
octet-consumer-check>     Checking cpufeatures v0.2.17
octet-consumer-check>     Checking itoa v1.0.17
octet-consumer-check>     Checking memchr v2.8.0
octet-consumer-check>    Compiling cfg_if v1.0.4
octet-consumer-check>    Compiling arrayref v0.3.9
octet-consumer-check>    Compiling cpufeatures v0.2.17
octet-consumer-check>    Compiling constant_time_eq v0.3.1
octet-consumer-check>    Compiling unicode_ident v1.0.24
octet-consumer-check>    Compiling itoa v1.0.17
octet-consumer-check>    Compiling cc v1.2.56
octet-consumer-check>    Compiling shlex v1.3.0
octet-consumer-check>    Compiling arrayvec v0.7.8
octet-consumer-check>    Compiling build-script-build v1.0.149
octet-consumer-check>    Compiling find_msvc_tools v0.1.9
octet-consumer-check>    Compiling version_check v0.9.5
octet-consumer-check>    Compiling generic-array v0.14.7
octet-consumer-check>    Compiling build-script-build v1.0.44
octet-consumer-check>    Compiling build-script-build v1.0.21
octet-consumer-check>    Compiling build-script-build v1.0.106
octet-consumer-check>    Compiling build-script-build v1.0.228
octet-consumer-check>    Compiling build-script-build v1.0.228
octet-consumer-check>    Compiling build-script-build v0.14.7
octet-consumer-check>    Compiling zmij v1.0.21
octet-consumer-check>    Compiling memchr v2.8.0
copying path '/nix/store/mk2xd4jc9d0nnpqyxjr40v5qkr5cbv15-wasmtime-41.0.3-dev' from 'https://cache.nixos.org'...
octet-consumer-check>    Compiling proc_macro2 v1.0.106
octet-consumer-check>    Compiling typenum v1.20.0
octet-consumer-check>    Compiling syn v2.0.116
octet-consumer-check>    Compiling quote v1.0.44
rust-default> nullglob                  on
octet-consumer-check>    Compiling cc v1.2.56
octet-consumer-check>    Compiling blake3 v1.8.2
octet-consumer-check>    Compiling generic_array v0.14.7
octet-consumer-check>     Checking block-buffer v0.10.4
octet-consumer-check>     Checking crypto-common v0.1.7
octet-consumer-check>    Compiling crypto_common v0.1.7
octet-consumer-check>     Checking digest v0.10.7
octet-consumer-check>    Compiling block_buffer v0.10.4
crate-wasm-smith>   0      0   0      0   0      0      0      0                              0
crate-wasm-smith> curl: (22) The requested URL returned error: 403
crate-wasm-smith> Warning: Problem (retrying all errors). Will retry in 2 seconds. 2 retries
crate-wasm-smith> Warning: left.
octet-consumer-check>    Compiling build-script-build v1.8.2
octet-consumer-check>    Compiling digest v0.10.7
octet-consumer-check>     Checking sha2 v0.10.9
building '/nix/store/wjzqqypc41f4zd0gz1rsz8c2kh1ix2hi-cargo-src-crc32fast-1.5.1.drv'...
octet-consumer-check>    Compiling sha2 v0.10.9
octet-consumer-check>    Compiling blake3 v1.8.2
octet-consumer-check>    Compiling serde_core v1.0.228
rust-default> warning: entry 48 in symbol table refers to a non-existent section, skipping
copying path '/nix/store/944s4mx9a14nrjpnslp4g7kfqyk0k7w7-linux-6.19-dev' from 'http://100.100.103.95:5000'...
copying path '/nix/store/cag982m78l51rxccpw8qfz7vb66kxy1i-linux-6.19-dev' from 'http://100.100.103.95:5000'...
copying path '/nix/store/sxfyw375xwpr7v0jnqdnydcy6y5drz9g-linux-6.19-dev' from 'http://100.100.103.95:5000'...
cargo-src-crc32fast> structuredAttrs is enabled
building '/nix/store/lrxnqv8n9hgmzkg2aasy4w6qapx4pdly-verus-0.2026.03.22.drv'...
cargo-src-crc32fast> 
cargo-src-crc32fast> trying https://static.crates.io/crates/crc32fast/1.5.1/download
cargo-src-crc32fast>   % Total    % Received % Xferd  Average Speed  Time    Time    Time   Current
cargo-src-crc32fast>                                  Dload  Upload  Total   Spent   Left   Speed
cargo-src-crc32fast> 100  47893 100  47893   0      0 709.0k      0                              0
crate-wasm-smith>   0      0   0      0   0      0      0      0                              0
crate-wasm-smith> curl: (22) The requested URL returned error: 403
crate-wasm-smith> Warning: Problem (retrying all errors). Will retry in 4 seconds. 1 retry left.
crate-wasm-smith>   0      0   0      0   0      0      0      0                              0
crate-wasm-smith> curl: (22) The requested URL returned error: 403
crate-wasm-smith> error: cannot download crate-wasm-smith-0.220.1.tar.gz from any mirror
octet-consumer-check>    Compiling syn v2.0.116
octet-consumer-check>    Compiling serde_derive v1.0.228
octet-consumer-check>    Compiling serde_json v1.0.149
octet-consumer-check>    Compiling serde_derive v1.0.228
octet-consumer-check>    Compiling serde v1.0.228
octet-consumer-check>     Checking chaoscontrol-snapshot-descriptor v0.1.0 (/build/source/crates/chaoscontrol-snapshot-descriptor)
octet-consumer-check>    Compiling chaoscontrol_snapshot_descriptor v0.1.0
octet-consumer-check>    Compiling chaoscontrol_snapshot_descriptor v0.1.0
octet-consumer-check>    Compiling identity v0.1.0
octet-consumer-check>    Compiling negative v0.1.0
octet-consumer-check>     Finished `dev` profile [unoptimized + debuginfo] target(s) in 4.17s
octet-consumer-check>     Finished checking
octet-consumer-check> --- octet summary ---
octet-consumer-check> Status: clean
octet-consumer-check> Findings: 0
octet-consumer-check> Warnings: 0
octet-consumer-check> Errors: 0
octet-consumer-check> Autofixable: 0
octet-consumer-check> Tool: cargo-octet 0.1.0
octet-consumer-check> Toolchain: nightly-2026-03-21-x86_64-unknown-linux-gnu
octet-consumer-check> Config hash: b3:b728bdc2ac350e35a5fdc1f24c6e0b55d766a35e4216998cf4cf16cc09a92617
octet-consumer-check> Profile hash: b3:0aa1b5f44b07f7d139c57888693146a5c82cafc24269135f6ba8e7eb87ef4532
octet-consumer-check> ---
copying path '/nix/store/8ki40sdb3cb8zyg7zsvjlmybgir46z6b-chaoscontrol-vmlinux' from 'http://100.100.103.95:5000'...
copying path '/nix/store/96hxkvhlf1ifzvkrl5xpkigf3g2jv1m6-chaoscontrol-vmlinux' from 'http://100.100.103.95:5000'...
copying path '/nix/store/kj9mfk6jh4iscgdjlbpmjbzxjdnw93r0-rust-minimal-1.91.1' from 'http://100.100.103.95:5000'...
copying path '/nix/store/x9qp3ls75w73mxf1mvypsj6p8zmyk9x4-chaoscontrol-vmlinux' from 'http://100.100.103.95:5000'...
error: Cannot build '/nix/store/6v0ry0x1ph90g2y8y7s06aps5sx52k6z-crate-wasm-smith-0.220.1.tar.gz.drv'.
       Reason: builder failed with exit code 1.
       Output paths:
         /nix/store/pbnnfg9gap9w965czvjhnfm7q6ch4i1r-crate-wasm-smith-0.220.1.tar.gz
       Last 18 log lines:
       > structuredAttrs is enabled
       >
       > trying https://crates.io/api/v1/crates/wasm-smith/0.220.1/download
       >   % Total    % Received % Xferd  Average Speed  Time    Time    Time   Current
       >                                  Dload  Upload  Total   Spent   Left   Speed
       >   0      0   0      0   0      0      0      0                              0
       > curl: (22) The requested URL returned error: 403
       > Warning: Problem (retrying all errors). Will retry in 1 second. 3 retries left.
       >   0      0   0      0   0      0      0      0                              0
       > curl: (22) The requested URL returned error: 403
       > Warning: Problem (retrying all errors). Will retry in 2 seconds. 2 retries
       > Warning: left.
       >   0      0   0      0   0      0      0      0                              0
       > curl: (22) The requested URL returned error: 403
       > Warning: Problem (retrying all errors). Will retry in 4 seconds. 1 retry left.
       >   0      0   0      0   0      0      0      0                              0
       > curl: (22) The requested URL returned error: 403
       > error: cannot download crate-wasm-smith-0.220.1.tar.gz from any mirror
       For full logs, run:
         nix log /nix/store/6v0ry0x1ph90g2y8y7s06aps5sx52k6z-crate-wasm-smith-0.220.1.tar.gz.drv
building '/nix/store/4rjfw4hq84v0s806kzzn0kcagl52r2xp-cargo-git-https-git.onix.computer-z2CpqLFpdP36fZXYUK5ZNWxMibpCo.git-29dac88ecded94457572db3fdfaaaab95fa91525.drv'...
building '/nix/store/dlnd6w3qxy0rm4lcmw0pgj359b5xy0hl-cargo-git-https-seed.radicle.garden-z2pbwQ4Zd52M4oC1W9bLT3nQem9ay.git-cad5a7cb6c6502b0ec5dc76c51e03352260d8efd.drv'...
building '/nix/store/ilv14cr9b79iihwd4gs518zk1hjf2m48-cargo-git-rad-z2QJLUqyAZnnHPiZQ1BFjLsX9ush3-ab123e3673b6dd616b3df5d044026b5e85755149.drv'...
warning: killing stray builder process 3204442 ()...
error: build of '/nix/store/vlyis2iwzph8hrnisccivqprvz98k8rx-crate-wasm-smith-0.220.1.tar.gz.drv^*' failed: build of resolved derivation '/nix/store/6v0ry0x1ph90g2y8y7s06aps5sx52k6z-crate-wasm-smith-0.220.1.tar.gz.drv' failed
