evaluating flake...
checking flake output 'lib'...
checking flake output 'packages'...
checking derivation packages.x86_64-linux.default...
derivation evaluated to /nix/store/5drpavwg6g8s245fz286mhcl8c2g9qrv-chaoscontrol-0.1.0.drv
checking derivation packages.x86_64-linux.guest-sdk...
derivation evaluated to /nix/store/j3xy9n3ks263dnchggc8xhjxk2x9gsjm-chaoscontrol-guest-0.1.0.drv
checking derivation packages.x86_64-linux.guest-determinism-probe...
derivation evaluated to /nix/store/h9rpnca15pada52pyngjlbfbh5n42ysj-chaoscontrol-guest-determinism-probe-0.1.0.drv
checking derivation packages.x86_64-linux.guest-raft...
derivation evaluated to /nix/store/vn0yisffcds1k3wlgisfhgi6n3035i0q-chaoscontrol-raft-guest-0.1.0.drv
checking derivation packages.x86_64-linux.guest-net...
derivation evaluated to /nix/store/wzxl3p53m5hkh47i248xhzz0bmqy11l4-chaoscontrol-net-guest-0.1.0.drv
checking derivation packages.x86_64-linux.guest-redb...
derivation evaluated to /nix/store/8s6d78qzr96bjpnb4ys1k1xhx1jfmn2n-chaoscontrol-redb-guest-0.1.0.drv
checking derivation packages.x86_64-linux.guest-rust-workload...
derivation evaluated to /nix/store/3awx70sr9kdz31ds9kj9pqvigrslnc77-chaoscontrol-rust-workload-guest-0.1.0.drv
checking derivation packages.x86_64-linux.guest-supervisor...
derivation evaluated to /nix/store/9kzgf059vf63mh0frnmzmjdfv3qj2df7-chaoscontrol-sdk-0.1.0.drv
checking derivation packages.x86_64-linux.initrd-sdk...
derivation evaluated to /nix/store/p9v6zlb3bf960ii55aj4nyqic1kyi3q3-chaoscontrol-initrd-sdk.drv
checking derivation packages.x86_64-linux.initrd-determinism-probe...
derivation evaluated to /nix/store/y06r6xj94sk200gryzv49jdg3l1czj6l-chaoscontrol-initrd-determinism-probe.drv
checking derivation packages.x86_64-linux.initrd-raft...
derivation evaluated to /nix/store/68iy2lpqbg72bn0f9fjg7faysyx4kjrm-chaoscontrol-initrd-raft.drv
checking derivation packages.x86_64-linux.initrd-net...
derivation evaluated to /nix/store/ib6kaqr8dvd3i777agvkd514wknhqi91-chaoscontrol-initrd-net.drv
checking derivation packages.x86_64-linux.initrd-redb...
derivation evaluated to /nix/store/c6qgcf6sjppkvmvhrqy3dha3nz3w9b4c-chaoscontrol-initrd-redb.drv
checking derivation packages.x86_64-linux.initrd-rust-workload...
derivation evaluated to /nix/store/jnl8zc9fczm709fhbrrjs9iw7nk28lvw-chaoscontrol-initrd-rust-workload.drv
checking derivation packages.x86_64-linux.initrd-multiprocess...
derivation evaluated to /nix/store/wx36ia2ai20a23laivvhbr7wwwswzsqm-chaoscontrol-initrd-multiprocess.drv
checking derivation packages.x86_64-linux.redb-disk-image...
derivation evaluated to /nix/store/smr9nf644lykjg18rjjdmwhzjc2haasb-redb-disk-image.drv
checking derivation packages.x86_64-linux.chaoscontrol-vmm...
derivation evaluated to /nix/store/5drpavwg6g8s245fz286mhcl8c2g9qrv-chaoscontrol-0.1.0.drv
checking derivation packages.x86_64-linux.oci-intake...
derivation evaluated to /nix/store/sacsc0q6v0bfpprhhisdyqmsvq68xli7-chaoscontrol-oci-intake-0.1.0.drv
checking derivation packages.x86_64-linux.guest-determinism-gate...
derivation evaluated to /nix/store/snqypbl45g783fmyz7hvaq3rj67hhfrm-chaoscontrol-guest-determinism-gate-0.1.0.drv
checking derivation packages.x86_64-linux.raft-accepted-verdict-dogfood...
derivation evaluated to /nix/store/75x6cr8vkk0c86xf91qvl5gcbbyx5qm0-raft-accepted-verdict-dogfood.drv
checking derivation packages.x86_64-linux.redb-accepted-verdict-dogfood...
derivation evaluated to /nix/store/k4mn6djdnr2idx4vbcilz138ph9k5qdp-redb-accepted-verdict-dogfood.drv
checking derivation packages.x86_64-linux.net-accepted-verdict-dogfood...
derivation evaluated to /nix/store/nw3pldg9kfqyq13fi3p7dzcgm1k1sbn4-net-accepted-verdict-dogfood.drv
checking derivation packages.x86_64-linux.rust-workload-accepted-verdict-dogfood...
derivation evaluated to /nix/store/g4q53gxad8rh6ndi4lv5vdq00vk2pmcw-rust-workload-accepted-verdict-dogfood.drv
checking derivation packages.x86_64-linux.accepted-verdict-dogfood-config...
derivation evaluated to /nix/store/i20nqmd2phsbh6gil75p6q42b5xy65sm-accepted-verdict-dogfood-config.json.drv
checking derivation packages.x86_64-linux.replay-readiness...
derivation evaluated to /nix/store/nifzddxh60grrcc677iwv93308dbk5r7-replay-readiness.drv
checking derivation packages.x86_64-linux.scaffold-rust-workload...
derivation evaluated to /nix/store/if8gl7cmnpphigx4f6bcf4jq0c484i63-scaffold-rust-workload.drv
checking derivation packages.x86_64-linux.fresh-rust-workload-proof...
derivation evaluated to /nix/store/vds2rfz7814b6qd0c3g52fiqcbx1y932-fresh-rust-workload-proof.drv
checking derivation packages.x86_64-linux.vm-determinism-matrix...
derivation evaluated to /nix/store/mx30n52cxb2linqc59g5jxzwy278dnci-vm-determinism-matrix.drv
checking derivation packages.x86_64-linux.replay-readiness-summary...
derivation evaluated to /nix/store/bfab3ilabqyslp93v9wndvj89xgrx9bp-replay-readiness-summary.drv
checking derivation packages.x86_64-linux.replay-readiness-dashboard...
derivation evaluated to /nix/store/dw8rd8a7zfwsrv50g8lhyd317w5g82fq-replay-readiness-dashboard.drv
checking derivation packages.x86_64-linux.replay-readiness-triage...
derivation evaluated to /nix/store/fzdqihai4vig61dx1880c8f240nixbc6-replay-readiness-triage.drv
checking derivation packages.x86_64-linux.replay-readiness-fleet-index...
derivation evaluated to /nix/store/vry5ifrm1qq9lwkcdsxb383h9082p9mj-replay-readiness-fleet-index.drv
checking derivation packages.x86_64-linux.replay-readiness-decision-receipt...
derivation evaluated to /nix/store/19lamypjby8zha7lilxp8w9wyl3vq29b-replay-readiness-decision-receipt.drv
checking derivation packages.x86_64-linux.replay-readiness-scheduler-receipt...
derivation evaluated to /nix/store/fbic7z94xz2dgx79iz593kj0hcv74sxg-replay-readiness-scheduler-receipt.drv
checking derivation packages.x86_64-linux.in-process-simulator-receipt...
derivation evaluated to /nix/store/3b2scvj1xip2jg9zz67dwpz41q8jcm44-in-process-simulator-receipt.drv
checking derivation packages.x86_64-linux.local-multi-hypervisor-kvm-smoke...
derivation evaluated to /nix/store/j0cfd6fv0ibq56437wj00m84dxq3yc3c-local-multi-hypervisor-kvm-smoke.drv
checking derivation packages.x86_64-linux.replay-readiness-readme-status...
derivation evaluated to /nix/store/73l6dmc2xfmldz1db34hl45rpdmz0qp5-replay-readiness-readme-status.drv
checking derivation packages.x86_64-linux.cargo-radicle...
derivation evaluated to /nix/store/fig6g6sivb8in9y5g8mpxzvk9cax6i67-cargo-radicle-1.92.0.drv
checking derivation packages.x86_64-linux.cargo-tigerstyle...
derivation evaluated to /nix/store/i675hk4mr2svhbpz7ilv7jly4vpysw6i-cargo-octet-0.1.0.drv
checking derivation packages.x86_64-linux.tigerstyle-standards...
derivation evaluated to /nix/store/w5njs8pm48gd6rzsjcnbk29g7d8hjsq0-octet-standards-0.1.0.drv
checking derivation packages.x86_64-linux.verified-logic...
derivation evaluated to /nix/store/c3z245a5jqpl0hmf1ai9i8jzgb1nfq6w-verified-logic-0.2.0.drv
checking derivation packages.x86_64-linux.determinism-probe-vmlinux...
derivation evaluated to /nix/store/r0nhjyymj3xmkywcq0q87g2g7b0d13ak-chaoscontrol-vmlinux.drv
checking derivation packages.x86_64-linux.net-vmlinux...
derivation evaluated to /nix/store/m4nnxffwrzjlnqczph76sr1xsn3n0y0d-chaoscontrol-vmlinux.drv
checking derivation packages.x86_64-linux.kcov-vmlinux...
derivation evaluated to /nix/store/d9jgpxqp1fcjffc563w059n6rd8jwy91-chaoscontrol-vmlinux.drv
checking derivation packages.x86_64-linux.kcov-net-vmlinux...
derivation evaluated to /nix/store/vz4vngrnym8c2cjd5f2xs9gf376yw9k5-chaoscontrol-vmlinux.drv
checking derivation packages.x86_64-linux.raft-sim...
derivation evaluated to /nix/store/s6ybfrpp4azs8fcf8656di1wrvs4pmq2-chaoscontrol-test-raft-sim.drv
checking derivation packages.x86_64-linux.redb-sim...
derivation evaluated to /nix/store/j8x7jdrfasvagqy6n5sh67shv422zxhl-chaoscontrol-test-redb-sim.drv
checking derivation packages.x86_64-linux.rust-workload-sim...
derivation evaluated to /nix/store/n4mj3a0pbibpd3f8dg7v3qbsf5cn3w77-chaoscontrol-test-rust-workload-sim.drv
checking derivation packages.x86_64-linux.rust-workload-local-report...
derivation evaluated to /nix/store/lrlzd9sgxsplv19pia0yjar17jn7137d-rust-workload-local-report.drv
checking derivation packages.x86_64-linux.docs...
derivation evaluated to /nix/store/1bgsndjnnh53knsgfn9v06sfdilykp78-chaoscontrol-docs.drv
checking flake output 'checks'...
checking derivation checks.x86_64-linux.replay-readiness...
derivation evaluated to /nix/store/rsjpm9iarwznrjxsrv0li2jdxpxqh7n0-replay-readiness-check.drv
checking derivation checks.x86_64-linux.local-multi-hypervisor-kvm-smoke...
derivation evaluated to /nix/store/h3c3wc6581rkarh582nk18d340v52dwb-local-multi-hypervisor-kvm-smoke-check.drv
checking derivation checks.x86_64-linux.rustdoc...
derivation evaluated to /nix/store/qn7srhjn014xjw116ahmzx7zqn7jh4gv-chaoscontrol-doc-0.1.0.drv
checking derivation checks.x86_64-linux.package...
derivation evaluated to /nix/store/5drpavwg6g8s245fz286mhcl8c2g9qrv-chaoscontrol-0.1.0.drv
checking derivation checks.x86_64-linux.protocol-observation-tests...
derivation evaluated to /nix/store/lngk9lmppax4dhscisng7kz8hqkln888-chaoscontrol-protocol-observation-test-0.1.0.drv
checking derivation checks.x86_64-linux.protocol-observation-contracts...
derivation evaluated to /nix/store/qq6861q3d8gc472rwkzbx4w1hgki1d02-protocol-observation-contracts.drv
checking derivation checks.x86_64-linux.license-boundary...
derivation evaluated to /nix/store/w2kj7lr332lgi5wpr4rvqadr6dman00m-chaoscontrol-license-boundary.drv
checking derivation checks.x86_64-linux.vm-cohort-dependency...
derivation evaluated to /nix/store/h2avl0w191ajbskw1xrj2rr6xnpwrkq2-chaoscontrol-vm-cohort-dependency.drv
checking derivation checks.x86_64-linux.vm-cohort-adoption-contract...
derivation evaluated to /nix/store/n9nbdbnqcs7k1yra6x38hgyka1y9j0bj-chaoscontrol-vm-cohort-adoption-contract.drv
checking derivation checks.x86_64-linux.nickel-cohort-exact...
derivation evaluated to /nix/store/a3xh0i78vsndgdsyraqn8innq7y4npl7-chaoscontrol-nickel-cohort-exact.drv
checking derivation checks.x86_64-linux.clippy...
derivation evaluated to /nix/store/024jlpj113xd0qbhdqy1nzyf3mjh26cp-chaoscontrol-clippy-0.1.0.drv
checking derivation checks.x86_64-linux.fmt...
derivation evaluated to /nix/store/kg8a1s5bngz7y9szg3ng8rqlvfa3b9qv-chaoscontrol-fmt-0.1.0.drv
checking derivation checks.x86_64-linux.tests...
derivation evaluated to /nix/store/fq4fbdywzgli1wzlzixfiwcqb2w6lvcl-chaoscontrol-test-0.1.0.drv
checking derivation checks.x86_64-linux.property-coverage...
derivation evaluated to /nix/store/9ismsjzwkc8g1z4zlc4qa40nx3gf6x2z-property-coverage-check.drv
checking derivation checks.x86_64-linux.ebpf-trace-evidence...
derivation evaluated to /nix/store/h2q0fhbcaczbgl70gh7pz73rn511nsgw-ebpf-trace-evidence-check.drv
checking derivation checks.x86_64-linux.virtio-malicious-guest-kvm-smoke...
derivation evaluated to /nix/store/zzfp6myiizi507ji43z6q0s42dlnfb6q-chaoscontrol-test-0.1.0.drv
checking derivation checks.x86_64-linux.profiling...
derivation evaluated to /nix/store/xy7ag0chknakrffsgh63q0y4ipani6m2-chaoscontrol-clippy-0.1.0.drv
checking derivation checks.x86_64-linux.nixfmt...
derivation evaluated to /nix/store/0f2jvr5jyck5c69rxr5yig1nk0fhmdgv-nixfmt-check.drv
checking derivation checks.x86_64-linux.dependency-audit...
derivation evaluated to /nix/store/1jlqv880gsa4g4y5jlrycd8cxkh0b2ng-dependency-audit-check.drv
checking derivation checks.x86_64-linux.dependency-policy...
derivation evaluated to /nix/store/ribh6q8gn0hfmf42wfj9i4cnsph162n7-chaoscontrol-deny-0.1.0.drv
checking derivation checks.x86_64-linux.snapshot-descriptor-contracts...
derivation evaluated to /nix/store/mhfqg13x22yzzp93fba5ja2x4gmnfjw8-snapshot-descriptor-contracts-check.drv
checking derivation checks.x86_64-linux.evidence-contracts...
derivation evaluated to /nix/store/bzh71rfi0916lgp3xfhqwkafidn5swpn-evidence-contracts-check.drv
checking derivation checks.x86_64-linux.spacewasm-mvp-differential...
derivation evaluated to /nix/store/l0vhycrh1msm663vl2qd1f46k7wrkg8x-spacewasm-mvp-differential-check.drv
checking derivation checks.x86_64-linux.vm-determinism-drift-receipt...
derivation evaluated to /nix/store/qq27za9w32svxk3xp3gclmx19v2hih1b-vm-determinism-drift-receipt-check.drv
checking derivation checks.x86_64-linux.snapshot-replay-smoke...
derivation evaluated to /nix/store/gfk18px2sd48azpcg5irkf8cqink9s3s-snapshot-replay-smoke-check.drv
checking derivation checks.x86_64-linux.tigerstyle-policy-registry...
derivation evaluated to /nix/store/y6j4w8055wqw5xvcnx98hk9xgr2gp9hk-octet-policy-registry-check.drv
checking derivation checks.x86_64-linux.vm-cohort-adapter-octet-deny-all...
derivation evaluated to /nix/store/6ydd418w7bz098dcmsv81zfsw0vrw9s8-octet-consumer-check.drv
checking derivation checks.x86_64-linux.snapshot-descriptor-octet-deny-all...
derivation evaluated to /nix/store/i5m6hgfla44m7hwzqyhf5ljlzg1bik4n-octet-consumer-check.drv
checking derivation checks.x86_64-linux.tigerstyle-chaoscontrol-focused...
derivation evaluated to /nix/store/hcc849r5zbirlkgarnpm4plcp4ifj7hm-octet-consumer-check.drv
checking derivation checks.x86_64-linux.verified-logic-verus-proofs...
derivation evaluated to /nix/store/fqz40hr70fmsssi5n8ijc3cz99lvafcq-verus-proofs.drv
checking flake output 'apps'...
checking app 'apps.x86_64-linux.default'...
checking app 'apps.x86_64-linux.oci-intake'...
checking app 'apps.x86_64-linux.guest-determinism-gate'...
checking app 'apps.x86_64-linux.raft-accepted-verdict-dogfood'...
checking app 'apps.x86_64-linux.redb-accepted-verdict-dogfood'...
checking app 'apps.x86_64-linux.net-accepted-verdict-dogfood'...
checking app 'apps.x86_64-linux.rust-workload-accepted-verdict-dogfood'...
checking app 'apps.x86_64-linux.replay-readiness'...
checking app 'apps.x86_64-linux.scaffold-rust-workload'...
checking app 'apps.x86_64-linux.fresh-rust-workload-proof'...
checking app 'apps.x86_64-linux.vm-determinism-matrix'...
checking app 'apps.x86_64-linux.replay-readiness-summary'...
checking app 'apps.x86_64-linux.replay-readiness-dashboard'...
checking app 'apps.x86_64-linux.replay-readiness-triage'...
checking app 'apps.x86_64-linux.replay-readiness-fleet-index'...
checking app 'apps.x86_64-linux.replay-readiness-decision-receipt'...
checking app 'apps.x86_64-linux.replay-readiness-scheduler-receipt'...
checking app 'apps.x86_64-linux.in-process-simulator-receipt'...
checking app 'apps.x86_64-linux.local-multi-hypervisor-kvm-smoke'...
checking app 'apps.x86_64-linux.replay-readiness-readme-status'...
checking app 'apps.x86_64-linux.rust-workload-local-report'...
checking app 'apps.x86_64-linux.boot'...
checking app 'apps.x86_64-linux.snapshot-demo'...
checking app 'apps.x86_64-linux.explore'...
checking app 'apps.x86_64-linux.explore-raft'...
checking app 'apps.x86_64-linux.explore-redb'...
checking app 'apps.x86_64-linux.explore-sdk'...
checking app 'apps.x86_64-linux.explore-rust-workload'...
checking app 'apps.x86_64-linux.check-kvm-release-matrix'...
checking app 'apps.x86_64-linux.kvm-release-matrix'...
checking app 'apps.x86_64-linux.vm-determinism-drift'...
checking flake output 'devShells'...
checking derivation devShells.x86_64-linux.default...
derivation evaluated to /nix/store/x1kyl5ldx915q5xc722z2h6db7mj8v42-nix-shell.drv
running 85 flake checks...
building '/nix/store/har1ca2zs0j4hgl7mbdadncv94vr6lha-linkLockedDeps.drv'...
building '/nix/store/4rjfw4hq84v0s806kzzn0kcagl52r2xp-cargo-git-https-git.onix.computer-z2CpqLFpdP36fZXYUK5ZNWxMibpCo.git-29dac88ecded94457572db3fdfaaaab95fa91525.drv'...
building '/nix/store/dlnd6w3qxy0rm4lcmw0pgj359b5xy0hl-cargo-git-https-seed.radicle.garden-z2pbwQ4Zd52M4oC1W9bLT3nQem9ay.git-cad5a7cb6c6502b0ec5dc76c51e03352260d8efd.drv'...
building '/nix/store/9vi73s7dqqq0nxh1hwpigb4alscv1jy4-cargo-git-https-seed.radicle.garden-zqhtZvsteJhxCJE96dMAZSZ9y1PX.git-b0fd0103bc9eed2c1b6d852045959462d105d8f1.drv'...
cargo-git-https-git.onix.computer-z2CpqLFpdP36fZXYUK5ZNWxMibpCo.git> Running phase: unpackPhase
cargo-git-https-git.onix.computer-z2CpqLFpdP36fZXYUK5ZNWxMibpCo.git> unpacking source archive /nix/store/42kh9d4vr3zkiixs84f0vrf54n5d3x15-source
cargo-git-https-git.onix.computer-z2CpqLFpdP36fZXYUK5ZNWxMibpCo.git> source root is source
cargo-git-https-git.onix.computer-z2CpqLFpdP36fZXYUK5ZNWxMibpCo.git> Running phase: patchPhase
building '/nix/store/fqz40hr70fmsssi5n8ijc3cz99lvafcq-verus-proofs.drv'...
cargo-git-https-git.onix.computer-z2CpqLFpdP36fZXYUK5ZNWxMibpCo.git> Running phase: updateAutotoolsGnuConfigScriptsPhase
cargo-git-https-git.onix.computer-z2CpqLFpdP36fZXYUK5ZNWxMibpCo.git> Running phase: installPhase
cargo-git-https-seed.radicle.garden-z2pbwQ4Zd52M4oC1W9bLT3nQem9ay.git-cad5a7cb6c6502b0ec5dc76c51e03352260d8efd> Running phase: unpackPhase
cargo-git-https-seed.radicle.garden-z2pbwQ4Zd52M4oC1W9bLT3nQem9ay.git-cad5a7cb6c6502b0ec5dc76c51e03352260d8efd> unpacking source archive /nix/store/3x4pdzl4zslh1q8iynx4xy9vwhac8lcg-source
cargo-git-https-seed.radicle.garden-zqhtZvsteJhxCJE96dMAZSZ9y1PX.git-b0fd0103bc9eed2c1b6d852045959462d105d8f1> Running phase: unpackPhase
cargo-git-https-seed.radicle.garden-zqhtZvsteJhxCJE96dMAZSZ9y1PX.git-b0fd0103bc9eed2c1b6d852045959462d105d8f1> unpacking source archive /nix/store/wn6655z652d358mxmblh5rpcw657hzny-source
cargo-git-https-seed.radicle.garden-z2pbwQ4Zd52M4oC1W9bLT3nQem9ay.git-cad5a7cb6c6502b0ec5dc76c51e03352260d8efd> source root is source
cargo-git-https-seed.radicle.garden-zqhtZvsteJhxCJE96dMAZSZ9y1PX.git-b0fd0103bc9eed2c1b6d852045959462d105d8f1> source root is source
cargo-git-https-seed.radicle.garden-zqhtZvsteJhxCJE96dMAZSZ9y1PX.git-b0fd0103bc9eed2c1b6d852045959462d105d8f1> Running phase: patchPhase
cargo-git-https-seed.radicle.garden-z2pbwQ4Zd52M4oC1W9bLT3nQem9ay.git-cad5a7cb6c6502b0ec5dc76c51e03352260d8efd> Running phase: patchPhase
cargo-git-https-seed.radicle.garden-zqhtZvsteJhxCJE96dMAZSZ9y1PX.git-b0fd0103bc9eed2c1b6d852045959462d105d8f1> Running phase: updateAutotoolsGnuConfigScriptsPhase
cargo-git-https-seed.radicle.garden-z2pbwQ4Zd52M4oC1W9bLT3nQem9ay.git-cad5a7cb6c6502b0ec5dc76c51e03352260d8efd> Running phase: updateAutotoolsGnuConfigScriptsPhase
cargo-git-https-seed.radicle.garden-zqhtZvsteJhxCJE96dMAZSZ9y1PX.git-b0fd0103bc9eed2c1b6d852045959462d105d8f1> Running phase: installPhase
cargo-git-https-seed.radicle.garden-z2pbwQ4Zd52M4oC1W9bLT3nQem9ay.git-cad5a7cb6c6502b0ec5dc76c51e03352260d8efd> Running phase: installPhase
building '/nix/store/h2avl0w191ajbskw1xrj2rr6xnpwrkq2-chaoscontrol-vm-cohort-dependency.drv'...
building '/nix/store/innkm55mnw49g0s3knykx17hvja8w02r-wasmparser-0.220.1.drv'...
building '/nix/store/qq6861q3d8gc472rwkzbx4w1hgki1d02-protocol-observation-contracts.drv'...
building '/nix/store/r2s20m71h7f8hfb8gsk6i2myknq6pn3j-linkLockedDeps.drv'...
cargo-git-https-seed.radicle.garden-z2pbwQ4Zd52M4oC1W9bLT3nQem9ay.git-cad5a7cb6c6502b0ec5dc76c51e03352260d8efd> warning: manifest has no description, license, license-file, documentation, homepage or repository
cargo-git-https-seed.radicle.garden-z2pbwQ4Zd52M4oC1W9bLT3nQem9ay.git-cad5a7cb6c6502b0ec5dc76c51e03352260d8efd>   |
cargo-git-https-seed.radicle.garden-z2pbwQ4Zd52M4oC1W9bLT3nQem9ay.git-cad5a7cb6c6502b0ec5dc76c51e03352260d8efd>   = note: see https://doc.rust-lang.org/cargo/reference/manifest.html#package-metadata for more info
building '/nix/store/n9nbdbnqcs7k1yra6x38hgyka1y9j0bj-chaoscontrol-vm-cohort-adoption-contract.drv'...
building '/nix/store/k1wbvwzmh3c6qa65h6dc69pjpz0n9p3z-crate-wasmprinter-0.220.1.tar.gz.drv'...
crate-wasmprinter> structuredAttrs is enabled
building '/nix/store/dp3dqma19wnf96l4yhrkqizyq65afrlp-linkLockedDeps.drv'...
crate-wasmprinter> 
crate-wasmprinter> trying https://crates.io/api/v1/crates/wasmprinter/0.220.1/download
crate-wasmprinter>   % Total    % Received % Xferd  Average Speed  Time    Time    Time   Current
crate-wasmprinter>                                  Dload  Upload  Total   Spent   Left   Speed
building '/nix/store/ribh6q8gn0hfmf42wfj9i4cnsph162n7-chaoscontrol-deny-0.1.0.drv'...
crate-wasmprinter>   0      0   0      0   0      0      0      0                              0
crate-wasmprinter> curl: (22) The requested URL returned error: 403
crate-wasmprinter> Warning: Problem (retrying all errors). Will retry in 1 second. 3 retries left.
building '/nix/store/6dif0bz45m32wc6h4mig0k379ag96a0v-chaoscontrol-vm-cohort-adapter-octet-workspace.drv'...
chaoscontrol-deny> cargoArtifacts not set, will not reuse any cargo artifacts
chaoscontrol-deny> Running phase: unpackPhase
chaoscontrol-deny> unpacking source archive /nix/store/iqqlj581gnsn7w0i4cbf51dns8gvryn4-source
building '/nix/store/5fwh3p1pw9rmzm95sfy7k4hyrsik3jsq-cargo-src-memmap2-0.9.11.drv'...
cargo-src-memmap2> structuredAttrs is enabled
chaoscontrol-deny> source root is source
chaoscontrol-deny> Running phase: patchPhase
chaoscontrol-deny> Executing configureCargoCommonVars
chaoscontrol-deny> Running phase: updateAutotoolsGnuConfigScriptsPhase
chaoscontrol-deny> Running phase: configurePhase
chaoscontrol-deny> will append /build/source/.cargo-home/config.toml with contents of /nix/store/jakhr0biy2232q306zgrlayfc2hkls9n-vendor-cargo-deps/config.toml
chaoscontrol-deny> default configurePhase, nothing to do
cargo-src-memmap2> 
cargo-src-memmap2> trying https://static.crates.io/crates/memmap2/0.9.11/download
chaoscontrol-deny> Running phase: buildPhase
chaoscontrol-deny> +++ command cargo --version
cargo-src-memmap2>   % Total    % Received % Xferd  Average Speed  Time    Time    Time   Current
cargo-src-memmap2>                                  Dload  Upload  Total   Spent   Left   Speed
chaoscontrol-deny> cargo 1.92.0 (344c4567c 2025-10-21)
chaoscontrol-deny> +++ command cargo --offline deny --locked check bans licenses sources
cargo-src-memmap2> 100  35116 100  35116   0      0 555.4k      0                              0
building '/nix/store/bqxkhnvmgjjb2112wccbhb5m6ij27557-chaoscontrol-deps-0.1.0.drv'...
chaoscontrol-deps> cargoArtifacts not set, will not reuse any cargo artifacts
chaoscontrol-deps> Running phase: unpackPhase
chaoscontrol-deps> unpacking source archive /nix/store/vj85qcj0q0f2frlqncr2nabj02mqrkx6-source
chaoscontrol-deps> source root is source
chaoscontrol-deps> Running phase: patchPhase
chaoscontrol-deps> Executing configureCargoCommonVars
chaoscontrol-deps> Running phase: updateAutotoolsGnuConfigScriptsPhase
chaoscontrol-deps> Running phase: configurePhase
chaoscontrol-deps> will append /build/source/.cargo-home/config.toml with contents of /nix/store/07nn2pn5xcf8j8pq7kbm1x5rvg6rcnkp-vendor-cargo-deps/config.toml
chaoscontrol-deps> default configurePhase, nothing to do
chaoscontrol-deps> Running phase: buildPhase
chaoscontrol-deps> +++ command cargo --version
chaoscontrol-deps> cargo 1.98.0 (797e8a9bc 2026-08-05)
chaoscontrol-deps> +++ command cargo check --release --locked --all-targets
chaoscontrol-deps>    Compiling libc v0.2.180
chaoscontrol-deps>    Compiling proc-macro2 v1.0.106
chaoscontrol-deps>    Compiling unicode-ident v1.0.24
chaoscontrol-deps>    Compiling quote v1.0.44
chaoscontrol-deny> bans ok, licenses ok, sources ok
chaoscontrol-deny> Running phase: installPhase
chaoscontrol-deny> Running phase: fixupPhase
chaoscontrol-deps>    Compiling find-msvc-tools v0.1.9
chaoscontrol-deny> shrinking RPATHs of ELF executables and libraries in /nix/store/d5gfbpg06n3cg8mmpq86l2wnra3s0bjj-chaoscontrol-deny-0.1.0
chaoscontrol-deny> checking for references to /build/ in /nix/store/d5gfbpg06n3cg8mmpq86l2wnra3s0bjj-chaoscontrol-deny-0.1.0...
chaoscontrol-deny> patching script interpreter paths in /nix/store/d5gfbpg06n3cg8mmpq86l2wnra3s0bjj-chaoscontrol-deny-0.1.0
building '/nix/store/3wc1j2d45rxv2sng19nsqmsxa3nvbi68-cargo-package-memmap2-0.9.11.drv'...
chaoscontrol-deps>    Compiling shlex v1.3.0
chaoscontrol-deps>     Checking cfg-if v1.0.4
cargo-package-memmap2> Running phase: unpackPhase
cargo-package-memmap2> setting SOURCE_DATE_EPOCH to timestamp 1153704088 of file "./crate/src/windows.rs"
cargo-package-memmap2> Running phase: patchPhase
cargo-package-memmap2> Running phase: updateAutotoolsGnuConfigScriptsPhase
cargo-package-memmap2> Running phase: installPhase
chaoscontrol-deps>    Compiling serde_core v1.0.228
crate-wasmprinter>   0      0   0      0   0      0      0      0                              0
crate-wasmprinter> curl: (22) The requested URL returned error: 403
crate-wasmprinter> Warning: Problem (retrying all errors). Will retry in 2 seconds. 2 retries
crate-wasmprinter> Warning: left.
building '/nix/store/i48khch94p5py5rckjxlkb2j76v4khyy-crate-wasm-encoder-0.220.1.tar.gz.drv'...
crate-wasm-encoder> structuredAttrs is enabled
crate-wasm-encoder> 
crate-wasm-encoder> trying https://crates.io/api/v1/crates/wasm-encoder/0.220.1/download
crate-wasm-encoder>   % Total    % Received % Xferd  Average Speed  Time    Time    Time   Current
crate-wasm-encoder>                                  Dload  Upload  Total   Spent   Left   Speed
crate-wasm-encoder>   0      0   0      0   0      0      0      0                              0
crate-wasm-encoder> curl: (22) The requested URL returned error: 403
crate-wasm-encoder> Warning: Problem (retrying all errors). Will retry in 1 second. 3 retries left.
chaoscontrol-deps>    Compiling syn v2.0.116
chaoscontrol-deps>    Compiling serde v1.0.228
chaoscontrol-deps>    Compiling jobserver v0.1.34
chaoscontrol-deps>     Checking itoa v1.0.17
chaoscontrol-deps>    Compiling cc v1.2.56
chaoscontrol-deps>    Compiling zmij v1.0.21
chaoscontrol-deps>     Checking memchr v2.8.0
chaoscontrol-deps>     Checking arrayvec v0.7.8
chaoscontrol-deps>     Checking arrayref v0.3.9
chaoscontrol-deps>     Checking constant_time_eq v0.3.1
chaoscontrol-deps>    Compiling serde_json v1.0.149
chaoscontrol-deps>    Compiling zerocopy v0.8.39
crate-wasm-encoder>   0      0   0      0   0      0      0      0                              0
crate-wasm-encoder> curl: (22) The requested URL returned error: 403
crate-wasm-encoder> Warning: Problem (retrying all errors). Will retry in 2 seconds. 2 retries
crate-wasm-encoder> Warning: left.
chaoscontrol-deps>     Checking bitflags v2.11.0
chaoscontrol-deps>    Compiling chaoscontrol-protocol v0.1.0 (/build/source/crates/chaoscontrol-protocol)
chaoscontrol-deps>     Checking getrandom v0.2.17
chaoscontrol-deps>    Compiling blake3 v1.8.2
chaoscontrol-deps>     Checking rand_core v0.6.4
chaoscontrol-deps>    Compiling thiserror v2.0.18
chaoscontrol-deps>    Compiling heck v0.5.0
chaoscontrol-deps>     Checking log v0.4.29
chaoscontrol-deps>     Checking byteorder v1.5.0
chaoscontrol-deps>     Checking regex-syntax v0.8.9
chaoscontrol-deps>     Checking bitflags v1.3.2
chaoscontrol-deps>     Checking utf8parse v0.2.2
chaoscontrol-deps>     Checking anstyle-parse v0.2.7
crate-wasmprinter>   0      0   0      0   0      0      0      0                              0
crate-wasmprinter> curl: (22) The requested URL returned error: 403
crate-wasmprinter> Warning: Problem (retrying all errors). Will retry in 4 seconds. 1 retry left.
chaoscontrol-deps>     Checking aho-corasick v1.1.4
chaoscontrol-deps>     Checking is_terminal_polyfill v1.70.2
chaoscontrol-deps>     Checking anstyle-query v1.1.5
chaoscontrol-deps>     Checking anstyle v1.0.13
chaoscontrol-deps>    Compiling serde_derive v1.0.228
chaoscontrol-deps>    Compiling zerocopy-derive v0.8.39
chaoscontrol-deps>    Compiling thiserror-impl v2.0.18
chaoscontrol-deps>    Compiling snafu-derive v0.8.9
crate-wasm-encoder>   0      0   0      0   0      0      0      0                              0
crate-wasm-encoder> curl: (22) The requested URL returned error: 403
crate-wasm-encoder> Warning: Problem (retrying all errors). Will retry in 4 seconds. 1 retry left.
chaoscontrol-deps>     Checking colorchoice v1.0.4
chaoscontrol-deps>     Checking anstream v0.6.21
chaoscontrol-deps>     Checking regex-automata v0.4.14
chaoscontrol-deps>     Checking snafu v0.8.9
chaoscontrol-deps>    Compiling zerocopy-derive v0.7.35
chaoscontrol-deps>     Checking vmm-sys-util v0.12.1
chaoscontrol-deps>     Checking zerocopy v0.7.35
chaoscontrol-deps>    Compiling kvm-ioctls v0.19.1
chaoscontrol-deps>     Checking jiff v0.2.20
chaoscontrol-deps>     Checking regex v1.12.3
chaoscontrol-deps>    Compiling chaoscontrol-fault v0.1.0 (/build/source/crates/chaoscontrol-fault)
chaoscontrol-deps>     Checking kvm-bindings v0.10.0
chaoscontrol-deps>     Checking env_filter v1.0.0
chaoscontrol-deps>    Compiling chaoscontrol-sim-core v0.1.0 (/build/source/crates/chaoscontrol-sim-core)
chaoscontrol-deps>     Checking vm-memory v0.17.1
chaoscontrol-deps>    Compiling rustix v1.1.3
chaoscontrol-deps>     Checking linux-raw-sys v0.11.0
chaoscontrol-deps>     Checking ppv-lite86 v0.2.21
chaoscontrol-deps>    Compiling crc32fast v1.5.0
chaoscontrol-deps>     Checking rand_chacha v0.3.1
chaoscontrol-deps>    Compiling chaoscontrol-vmm v0.1.0 (/build/source/crates/chaoscontrol-vmm)
chaoscontrol-deps>     Checking rand v0.8.6
chaoscontrol-deps>     Checking linux-loader v0.13.2
crate-wasmprinter>   0      0   0      0   0      0      0      0                              0
crate-wasmprinter> curl: (22) The requested URL returned error: 403
chaoscontrol-deps>     Checking vm-superio v0.8.1
chaoscontrol-deps>     Checking once_cell v1.21.3
crate-wasmprinter> error: cannot download crate-wasmprinter-0.220.1.tar.gz from any mirror
error: Cannot build '/nix/store/k1wbvwzmh3c6qa65h6dc69pjpz0n9p3z-crate-wasmprinter-0.220.1.tar.gz.drv'.
       Reason: builder failed with exit code 1.
       Output paths:
         /nix/store/lc9sdgycb7sgws9w9f8ap6nmjjd8qlhg-crate-wasmprinter-0.220.1.tar.gz
       Last 18 log lines:
       > structuredAttrs is enabled
       >
       > trying https://crates.io/api/v1/crates/wasmprinter/0.220.1/download
       >   % Total    % Received % Xferd  Average Speed  Time    Time    Time   Current
       >                                  Dload  Upload  Total   Spent   Left   Speed
       >   0      0   0      0   0      0      0      0                              0
       > curl: (22) The requested URL returned error: 403
       > Warning: Problem (retrying all errors). Will retry in 1 second. 3 retries left.
       >   0      0   0      0   0      0      0      0                              0
       > curl: (22) The requested URL returned error: 403
       > Warning: Problem (retrying all errors). Will retry in 2 seconds. 2 retries
       > Warning: left.
       >   0      0   0      0   0      0      0      0                              0
       > curl: (22) The requested URL returned error: 403
       > Warning: Problem (retrying all errors). Will retry in 4 seconds. 1 retry left.
       >   0      0   0      0   0      0      0      0                              0
       > curl: (22) The requested URL returned error: 403
       > error: cannot download crate-wasmprinter-0.220.1.tar.gz from any mirror
       For full logs, run:
         nix log /nix/store/k1wbvwzmh3c6qa65h6dc69pjpz0n9p3z-crate-wasmprinter-0.220.1.tar.gz.drv
building '/nix/store/lngk9lmppax4dhscisng7kz8hqkln888-chaoscontrol-protocol-observation-test-0.1.0.drv'...
warning: killing stray builder process 3435165 ()...
error (ignored): deleting cgroup "/sys/fs/cgroup/system.slice/nix-daemon.service/nix-build-uid-872415232": Device or resource busy
warning: killing stray builder process 3437859 ()...
warning: killing stray builder process 3436007 ()...
warning: killing stray builder process 3437494 ()...
warning: killing stray builder process 3437717 ()...
warning: killing stray builder process 3436044 ()...
warning: killing stray builder process 3436434 ()...
warning: killing stray builder process 3436446 ()...
error: build of '/nix/store/p7a0jjrmj4kaq7v69bicr1hbmg5r802k-crate-wasmprinter-0.220.1.tar.gz.drv^*' failed: build of resolved derivation '/nix/store/k1wbvwzmh3c6qa65h6dc69pjpz0n9p3z-crate-wasmprinter-0.220.1.tar.gz.drv' failed
