ChaosControl development environment
Rust: rustc 1.98.0 (88d9e12ae 2026-08-18)
Clang: clang version 21.1.8

Commands:
  cargo build              Build VMM + tools
  cargo test               Run unit tests
  cargo clippy             Lint

Guests & Initrds (Nix):
  nix build .#guest-raft   Build Raft guest binary
  nix build .#initrd-raft  Build Raft initrd image
  nix build .#guest-sdk    Build SDK guest binary
  nix build .#guest-net    Build net guest binary

Exploration:
  nix run .#explore-raft   Run Raft exploration (builds everything)
  nix run .#explore        Run explorer with manual args

Kernels:
  nix build .#net-vmlinux       Virtio-net kernel
  nix build .#kcov-vmlinux      KCOV kernel
  nix build .#kcov-net-vmlinux  Both

CI:
  nix flake check          All checks (build, test, clippy, fmt)
  nix build .#raft-sim     Run simulation test (needs KVM, ~10 min)
    Checking chaoscontrol-protocol v0.1.0 (/home/brittonr/git/OnixResearch/.worktrees/chaoscontrol-protocol-observation-20260904/crates/chaoscontrol-protocol)
    Checking serde_core v1.0.228
    Checking memchr v2.8.0
    Checking chaoscontrol-sdk v0.1.0 (/home/brittonr/git/OnixResearch/.worktrees/chaoscontrol-protocol-observation-20260904/crates/chaoscontrol-sdk)
error[E0432]: unresolved import `serde_json`
 --> crates/chaoscontrol-sdk/tests/stable_assertions.rs:2:5
  |
2 | use serde_json::Value;
  |     ^^^^^^^^^^ use of unresolved module or unlinked crate `serde_json`
  |
  = help: if you wanted to use a crate named `serde_json`, use `cargo add serde_json` to add it to your `Cargo.toml`

error[E0433]: cannot find module or crate `serde_json` in this scope
  --> crates/chaoscontrol-sdk/tests/stable_assertions.rs:51:21
   |
51 |         .map(|line| serde_json::from_str::<Value>(line).expect("JSON line"))
   |                     ^^^^^^^^^^ use of unresolved module or unlinked crate `serde_json`
   |
   = help: if you wanted to use a crate named `serde_json`, use `cargo add serde_json` to add it to your `Cargo.toml`

Some errors have detailed explanations: E0432, E0433.
For more information about an error, try `rustc --explain E0432`.
error: could not compile `chaoscontrol-sdk` (test "stable_assertions") due to 2 previous errors
warning: build failed, waiting for other jobs to finish...
