20 edits: crates/chaoscontrol-sim-core/src/runtime_capacity.rs
14 edits: crates/chaoscontrol-protocol/src/fallback.rs
4 edits: crates/chaoscontrol-sim-core/src/snapshot.rs
6 edits: crates/chaoscontrol-protocol/src/process.rs
26 edits: crates/chaoscontrol-sim-core/src/scheduler/core.rs
8 edits: crates/chaoscontrol-vmm/src/devices/block.rs
24 edits: crates/chaoscontrol-sim-core/src/protocol_simulation.rs
REVIEW crates/chaoscontrol-vmm/src/controller.rs: conditional attribute needs review
54 edits: crates/chaoscontrol-fault/src/outcomes.rs
9 edits: crates/chaoscontrol-sim-core/src/protocol_replay.rs
24 edits: crates/chaoscontrol-vmm/src/snapshot.rs
REVIEW crates/chaoscontrol-sim-core/src/scheduler.rs: external module inheritance needs review
10 edits: crates/chaoscontrol-sim-core/src/kernel.rs
12 edits: crates/chaoscontrol-explore/src/campaign.rs
4 edits: crates/chaoscontrol-vmm/src/controller_core.rs
8 edits: crates/chaoscontrol-sim-core/src/protocol_fault.rs
14 edits: crates/chaoscontrol-sim-core/src/guest_determinism.rs
10 edits: crates/chaoscontrol-fault/src/faults.rs
8 edits: crates/chaoscontrol-sim-core/src/boundary.rs
4 edits: crates/chaoscontrol-explore/src/snapshot_store.rs
10 edits: crates/chaoscontrol-fault/src/scenario.rs
16 edits: crates/chaoscontrol-evidence/src/product_scope.rs
4 edits: crates/chaoscontrol-protocol/src/branch_marker.rs
20 edits: crates/chaoscontrol-protocol/src/oci_intake.rs
28 edits: crates/chaoscontrol-vmm/src/determinism_gate.rs
14 edits: crates/chaoscontrol-explore/src/checkpoint.rs
30 edits: crates/chaoscontrol-protocol/src/guest_process.rs
79 edits: crates/chaoscontrol-evidence/src/semantic_history.rs
2 edits: crates/chaoscontrol-evidence/src/kernel_bundle_initrd.rs
6 edits: crates/chaoscontrol-evidence/src/simulator_profile.rs
8 edits: crates/chaoscontrol-explore/src/marker_branching.rs
20 edits: crates/chaoscontrol-evidence/src/consistency_checker.rs
3 edits: crates/chaoscontrol-evidence/src/assertion/readiness.rs
12 edits: crates/chaoscontrol-explore/src/dashboard_types.rs
62 edits: crates/chaoscontrol-evidence/src/in_process_simulator.rs
30 edits: crates/chaoscontrol-evidence/src/kernel_bundle_validation.rs
