these 7 derivations will be built:
  /nix/store/2gs5akf3cgnwqqa1bm3hnzpf2v86a4mb-cargo-nightly-x86_64-unknown-linux-gnu.tar.gz.drv
  /nix/store/fbmhx73hba0pklgsdri1987451z7sgx4-rust-std-nightly-x86_64-unknown-linux-gnu.tar.gz.drv
  /nix/store/82xzqmdd15vx7k8jny091v3vw7y4drcw-rust-std-nightly-minimal-2026-09-05.drv
  /nix/store/ij9nsmzhs6mgq672gxqd66wx9zqyhmia-rustc-nightly-x86_64-unknown-linux-gnu.tar.gz.drv
  /nix/store/ajgq3201hpp059bvjsv2h2yyi20a01hf-rustc-nightly-minimal-2026-09-05.drv
  /nix/store/qlq7hln3hf9mxxb284f3v54bm21mjpqy-cargo-nightly-minimal-2026-09-05.drv
  /nix/store/4fysh7nlfnbg4b1v2364dv7hnq6jms3q-rust-nightly-minimal-2026-09-05.drv
this path will be fetched (8.1 KiB download, 23.9 KiB unpacked):
  /nix/store/49d600qd0cy61pwswvlcmv9rzk26s1m5-lndir-1.0.5
copying path '/nix/store/49d600qd0cy61pwswvlcmv9rzk26s1m5-lndir-1.0.5' from 'https://cache.nixos.org'...
building '/nix/store/flxjxy62p3gqranxmfcbkmgcfqyy94ll-cargo-nightly-x86_64-unknown-linux-gnu.tar.gz.drv'...
building '/nix/store/5h89q666mfsa4n6wnnyvywdn1y8wb2fk-rust-std-nightly-x86_64-unknown-linux-gnu.tar.gz.drv'...
building '/nix/store/7fqhankdnjam554n752c998p412flxy0-rustc-nightly-x86_64-unknown-linux-gnu.tar.gz.drv'...
building '/nix/store/qlq7hln3hf9mxxb284f3v54bm21mjpqy-cargo-nightly-minimal-2026-09-05.drv' on 'ssh-ng://root@aspen1.local'...
copying 1 paths...
copying path '/nix/store/zdgkx01qknacqkh57pjqw9c1p0fmwwq4-cargo-nightly-x86_64-unknown-linux-gnu.tar.gz' to 'ssh-ng://root@aspen1.local'...
building '/nix/store/qlq7hln3hf9mxxb284f3v54bm21mjpqy-cargo-nightly-minimal-2026-09-05.drv'...
building '/nix/store/ajgq3201hpp059bvjsv2h2yyi20a01hf-rustc-nightly-minimal-2026-09-05.drv' on 'ssh-ng://root@aspen1.local'...
copying 1 paths...
copying path '/nix/store/h5imi69abs4xn4jbrbdnhlnbp657jvg8-cargo-nightly-minimal-2026-09-05' from 'ssh-ng://root@aspen1.local'...
copying 1 paths...
copying path '/nix/store/nr1fk92dwymawa4c617m5qdwh56cvx8y-rustc-nightly-x86_64-unknown-linux-gnu.tar.gz' to 'ssh-ng://root@aspen1.local'...
building '/nix/store/ajgq3201hpp059bvjsv2h2yyi20a01hf-rustc-nightly-minimal-2026-09-05.drv'...
building '/nix/store/82xzqmdd15vx7k8jny091v3vw7y4drcw-rust-std-nightly-minimal-2026-09-05.drv' on 'ssh-ng://root@aspen1.local'...
copying 1 paths...
copying path '/nix/store/i5v71lsnv08994bggd2dq5z224qxlj6y-rust-std-nightly-x86_64-unknown-linux-gnu.tar.gz' to 'ssh-ng://root@aspen1.local'...
building '/nix/store/82xzqmdd15vx7k8jny091v3vw7y4drcw-rust-std-nightly-minimal-2026-09-05.drv'...
copying 1 paths...
copying path '/nix/store/6s6amhbhpzihssfgj8h440d9y8ihw1vv-rustc-nightly-minimal-2026-09-05' from 'ssh-ng://root@aspen1.local'...
copying 1 paths...
copying path '/nix/store/m9zv5gc85fc5mqr87jzk4qdw08v39rzk-rust-std-nightly-minimal-2026-09-05' from 'ssh-ng://root@aspen1.local'...
building '/nix/store/4fysh7nlfnbg4b1v2364dv7hnq6jms3q-rust-nightly-minimal-2026-09-05.drv'...
Serde inline-scope positive and negative controls passed
