Cargo.lock: OK
README.md: OK
checks/vm-cohort-adapter-octet/Cargo.lock: OK
contracts/evidence/registry.ncl: OK
contracts/product-scope/generated/product-scope.json: OK
contracts/product-scope/registry.ncl: OK
contracts/protocol-observation/fixtures/invalid/duplicate-participant.ncl: OK
contracts/protocol-observation/fixtures/invalid/impossible-bound.ncl: OK
contracts/protocol-observation/fixtures/invalid/malformed-ref.ncl: OK
contracts/protocol-observation/fixtures/invalid/missing-adapter.ncl: OK
contracts/protocol-observation/fixtures/invalid/self-oracle.ncl: OK
contracts/protocol-observation/fixtures/invalid/stale-schema.ncl: OK
contracts/protocol-observation/fixtures/invalid/unknown-field.ncl: OK
contracts/protocol-observation/fixtures/profile.ncl: OK
contracts/protocol-observation/fixtures/valid.json: OK
contracts/protocol-observation/fixtures/valid.ncl: OK
contracts/protocol-observation/profile.ncl: OK
crates/chaoscontrol-evidence/src/assertion/readiness.rs: OK
crates/chaoscontrol-evidence/src/assertion_evidence_carrier.rs: OK
crates/chaoscontrol-evidence/src/assertion_summary_identity.rs: OK
crates/chaoscontrol-evidence/src/assertion_summary_semantics.rs: OK
crates/chaoscontrol-evidence/src/bin/accepted-snapshot-verdict-dogfood.rs: OK
crates/chaoscontrol-evidence/src/bin/check-accepted-dogfood-config.rs: OK
crates/chaoscontrol-evidence/src/bin/check-architecture-boundaries.rs: OK
crates/chaoscontrol-evidence/src/bin/check-assertion-readiness-boundary.rs: OK
crates/chaoscontrol-evidence/src/bin/check-assertion-readiness-promotion-gate.rs: OK
crates/chaoscontrol-evidence/src/bin/check-cargo-audit-report.rs: OK
crates/chaoscontrol-evidence/src/bin/check-consistency-fixtures.rs: OK
crates/chaoscontrol-evidence/src/bin/check-consistency-history.rs: OK
crates/chaoscontrol-evidence/src/bin/check-contract-registry.rs: OK
crates/chaoscontrol-evidence/src/bin/check-dogfood-artifact-sizes.rs: OK
crates/chaoscontrol-evidence/src/bin/check-evidence-contracts.rs: OK
crates/chaoscontrol-evidence/src/bin/check-kvm-release-matrix.rs: OK
crates/chaoscontrol-evidence/src/bin/check-product-scope.rs: OK
crates/chaoscontrol-evidence/src/bin/check-profile-projections.rs: OK
crates/chaoscontrol-evidence/src/bin/check-readiness-promotion-gate.rs: OK
crates/chaoscontrol-evidence/src/bin/check-readiness-surface-drift.rs: OK
crates/chaoscontrol-evidence/src/bin/check-replay-proof-coverage.rs: OK
crates/chaoscontrol-evidence/src/bin/check-replay-verdict-artifact.rs: OK
crates/chaoscontrol-evidence/src/bin/check-rust-product-automation-source.rs: OK
crates/chaoscontrol-evidence/src/bin/check-sdk-assertion-quality.rs: OK
crates/chaoscontrol-evidence/src/bin/check-sim-core-purity.rs: OK
crates/chaoscontrol-evidence/src/bin/check-snapshot-descriptor-contracts.rs: OK
crates/chaoscontrol-evidence/src/bin/check-vm-determinism-drift-receipt.rs: OK
crates/chaoscontrol-evidence/src/bin/generate-assertion-readiness-report.rs: OK
crates/chaoscontrol-evidence/src/bin/generate-replay-readiness-report.rs: OK
crates/chaoscontrol-evidence/src/bin/guest-determinism-gate.rs: OK
crates/chaoscontrol-evidence/src/bin/in-process-simulator-receipt.rs: OK
crates/chaoscontrol-evidence/src/bin/kernel-bundle-vm-compat-smoke.rs: OK
crates/chaoscontrol-evidence/src/bin/local-multi-hypervisor-kvm-smoke.rs: OK
crates/chaoscontrol-evidence/src/bin/materialize-dogfood-receipt.rs: OK
crates/chaoscontrol-evidence/src/bin/materialize-replay-readiness-receipt.rs: OK
crates/chaoscontrol-evidence/src/bin/materialize-snapshot-chunks.rs: OK
crates/chaoscontrol-evidence/src/bin/oci-intake.rs: OK
crates/chaoscontrol-evidence/src/bin/render-vm-determinism-matrix-summary.rs: OK
crates/chaoscontrol-evidence/src/bin/replay-readiness-dashboard.rs: OK
crates/chaoscontrol-evidence/src/bin/replay-readiness-decision-receipt.rs: OK
crates/chaoscontrol-evidence/src/bin/replay-readiness-fleet-index.rs: OK
crates/chaoscontrol-evidence/src/bin/replay-readiness-readme-status.rs: OK
crates/chaoscontrol-evidence/src/bin/replay-readiness-scheduler-receipt.rs: OK
crates/chaoscontrol-evidence/src/bin/replay-readiness-summary.rs: OK
crates/chaoscontrol-evidence/src/bin/replay-readiness-triage.rs: OK
crates/chaoscontrol-evidence/src/bin/run-kvm-release-matrix.rs: OK
crates/chaoscontrol-evidence/src/bin/scaffold-rust-workload.rs: OK
crates/chaoscontrol-evidence/src/bin/snapshot-descriptor-fixture.rs: OK
crates/chaoscontrol-evidence/src/bin/summarize-accepted-dogfood-output.rs: OK
crates/chaoscontrol-evidence/src/bin/summarize-sdk-local-output.rs: OK
crates/chaoscontrol-evidence/src/bounded_file.rs: OK
crates/chaoscontrol-evidence/src/causality_shell.rs: OK
crates/chaoscontrol-evidence/src/consistency_checker.rs: OK
crates/chaoscontrol-evidence/src/contract_registry.rs: OK
crates/chaoscontrol-evidence/src/dogfood_guards.rs: OK
crates/chaoscontrol-evidence/src/evidence_contracts.rs: OK
crates/chaoscontrol-evidence/src/findability_shell.rs: OK
crates/chaoscontrol-evidence/src/guest_determinism.rs: OK
crates/chaoscontrol-evidence/src/in_process_simulator.rs: OK
crates/chaoscontrol-evidence/src/json_preflight.rs: OK
crates/chaoscontrol-evidence/src/kernel_bundle_initrd.rs: OK
crates/chaoscontrol-evidence/src/kernel_bundle_validation.rs: OK
crates/chaoscontrol-evidence/src/kvm_release/mod.rs: OK
crates/chaoscontrol-evidence/src/lib.rs: OK
crates/chaoscontrol-evidence/src/non_null_option.rs: OK
crates/chaoscontrol-evidence/src/oci_intake.rs: OK
crates/chaoscontrol-evidence/src/operator_triage.rs: OK
crates/chaoscontrol-evidence/src/phenomena_shell.rs: OK
crates/chaoscontrol-evidence/src/product_scope.rs: OK
crates/chaoscontrol-evidence/src/profile_projection.rs: OK
crates/chaoscontrol-evidence/src/profile_projection_spec.rs: OK
crates/chaoscontrol-evidence/src/profile_projection_verification.rs: OK
crates/chaoscontrol-evidence/src/protocol_simulation_receipt.rs: OK
crates/chaoscontrol-evidence/src/readiness_promotion_gate.rs: OK
crates/chaoscontrol-evidence/src/replay_readiness_ci_plans.rs: OK
crates/chaoscontrol-evidence/src/replay_readiness_core.rs: OK
crates/chaoscontrol-evidence/src/replay_readiness_loader.rs: OK
crates/chaoscontrol-evidence/src/replay_readiness_orchestration.rs: OK
crates/chaoscontrol-evidence/src/replay_readiness_publication.rs: OK
crates/chaoscontrol-evidence/src/replay_readiness_surfaces.rs: OK
crates/chaoscontrol-evidence/src/replay_verdict_artifact.rs: OK
crates/chaoscontrol-evidence/src/rust_automation/accepted_dogfood.rs: OK
crates/chaoscontrol-evidence/src/rust_automation/audit.rs: OK
crates/chaoscontrol-evidence/src/rust_automation/dogfood_receipt.rs: OK
crates/chaoscontrol-evidence/src/rust_automation/dogfood_summary.rs: OK
crates/chaoscontrol-evidence/src/rust_automation/local_kvm.rs: OK
crates/chaoscontrol-evidence/src/rust_automation/readiness_receipt.rs: OK
crates/chaoscontrol-evidence/src/rust_automation/scaffold.rs: OK
crates/chaoscontrol-evidence/src/rust_automation/vm_determinism.rs: OK
crates/chaoscontrol-evidence/src/sdk_local_catalog.rs: OK
crates/chaoscontrol-evidence/src/sdk_local_event.rs: OK
crates/chaoscontrol-evidence/src/sdk_local_identity.rs: OK
crates/chaoscontrol-evidence/src/sdk_local_identity_value.rs: OK
crates/chaoscontrol-evidence/src/sdk_local_quality.rs: OK
crates/chaoscontrol-evidence/src/sdk_local_report.rs: OK
crates/chaoscontrol-evidence/src/sdk_local_verdict.rs: OK
crates/chaoscontrol-evidence/src/semantic_history.rs: OK
crates/chaoscontrol-evidence/src/simulator_profile.rs: OK
crates/chaoscontrol-evidence/src/snapshot_descriptor/closure.rs: OK
crates/chaoscontrol-evidence/src/snapshot_descriptor/contracts.rs: OK
crates/chaoscontrol-evidence/src/snapshot_descriptor/fixture.rs: OK
crates/chaoscontrol-evidence/src/snapshot_descriptor/mod.rs: OK
crates/chaoscontrol-evidence/src/typed_operator_command.rs: OK
crates/chaoscontrol-explore/Cargo.toml: OK
crates/chaoscontrol-explore/src/assertion_report.rs: OK
crates/chaoscontrol-explore/src/assertion_summary.rs: OK
crates/chaoscontrol-explore/src/assertion_summary_validation.rs: OK
crates/chaoscontrol-explore/src/assertion_summary_writer.rs: OK
crates/chaoscontrol-explore/src/bin/chaoscontrol-explore.rs: OK
crates/chaoscontrol-explore/src/bin/check-profile-admission.rs: OK
crates/chaoscontrol-explore/src/bin/explore_validation.rs: OK
crates/chaoscontrol-explore/src/bounded_json.rs: OK
crates/chaoscontrol-explore/src/bug/identity.rs: OK
crates/chaoscontrol-explore/src/campaign.rs: OK
crates/chaoscontrol-explore/src/checkpoint.rs: OK
crates/chaoscontrol-explore/src/corpus.rs: OK
crates/chaoscontrol-explore/src/coverage.rs: OK
crates/chaoscontrol-explore/src/dashboard_types.rs: OK
crates/chaoscontrol-explore/src/frontier.rs: OK
crates/chaoscontrol-explore/src/input_tree.rs: OK
crates/chaoscontrol-explore/src/lib.rs: OK
crates/chaoscontrol-explore/src/marker_branching.rs: OK
crates/chaoscontrol-explore/src/memory.rs: OK
crates/chaoscontrol-explore/src/minimizer.rs: OK
crates/chaoscontrol-explore/src/mutator.rs: OK
crates/chaoscontrol-explore/src/non_null_option.rs: OK
crates/chaoscontrol-explore/src/profile/campaign.rs: OK
crates/chaoscontrol-explore/src/profile/mod.rs: OK
crates/chaoscontrol-explore/src/profile/run.rs: OK
crates/chaoscontrol-explore/src/profile/schedule.rs: OK
crates/chaoscontrol-explore/src/protocol/mod.rs: OK
crates/chaoscontrol-explore/src/protocol/session.rs: OK
crates/chaoscontrol-explore/src/replay_verdict.rs: OK
crates/chaoscontrol-explore/src/report.rs: OK
crates/chaoscontrol-explore/src/server.rs: OK
crates/chaoscontrol-explore/src/signal.rs: OK
crates/chaoscontrol-explore/src/snapshot_store.rs: OK
crates/chaoscontrol-explore/src/worker.rs: OK
crates/chaoscontrol-explore/tests/protocol/replay.rs: OK
crates/chaoscontrol-explore/tests/protocol/replay/fixture.rs: OK
crates/chaoscontrol-explore/tests/protocol/replay/guest.rs: OK
crates/chaoscontrol-explore/tests/protocol/replay/machine.rs: OK
crates/chaoscontrol-explore/tests/protocol_observation.rs: OK
crates/chaoscontrol-fault/src/engine.rs: OK
crates/chaoscontrol-fault/src/faults.rs: OK
crates/chaoscontrol-fault/src/lib.rs: OK
crates/chaoscontrol-fault/src/observation/collection.rs: OK
crates/chaoscontrol-fault/src/oracle.rs: OK
crates/chaoscontrol-fault/src/oracle_event_validation.rs: OK
crates/chaoscontrol-fault/src/oracle_record_validation.rs: OK
crates/chaoscontrol-fault/src/oracle_snapshot_validation.rs: OK
crates/chaoscontrol-fault/src/oracle_validation.rs: OK
crates/chaoscontrol-fault/src/outcomes.rs: OK
crates/chaoscontrol-fault/src/report_merge.rs: OK
crates/chaoscontrol-fault/src/scenario.rs: OK
crates/chaoscontrol-fault/src/schedule.rs: OK
crates/chaoscontrol-protocol/src/admission/evidence.rs: OK
crates/chaoscontrol-protocol/src/branch_marker.rs: OK
crates/chaoscontrol-protocol/src/fallback.rs: OK
crates/chaoscontrol-protocol/src/guest_process.rs: OK
crates/chaoscontrol-protocol/src/lib.rs: OK
crates/chaoscontrol-protocol/src/oci_intake.rs: OK
crates/chaoscontrol-protocol/src/process.rs: OK
crates/chaoscontrol-protocol/src/protocol_observation/admission.rs: OK
crates/chaoscontrol-protocol/src/protocol_observation/cohort.rs: OK
crates/chaoscontrol-protocol/src/protocol_observation/cohort/accounting.rs: OK
crates/chaoscontrol-protocol/src/protocol_observation/evidence.rs: OK
crates/chaoscontrol-protocol/src/protocol_observation/mod.rs: OK
crates/chaoscontrol-protocol/src/protocol_observation/model.rs: OK
crates/chaoscontrol-protocol/src/protocol_observation/oracle.rs: OK
crates/chaoscontrol-protocol/src/protocol_observation/oracle/marker.rs: OK
crates/chaoscontrol-protocol/src/protocol_observation/profile.rs: OK
crates/chaoscontrol-protocol/src/tests.rs: OK
crates/chaoscontrol-protocol/tests/protocol/admission.rs: OK
crates/chaoscontrol-protocol/tests/protocol/adversarial.rs: OK
crates/chaoscontrol-protocol/tests/protocol/fixtures.rs: OK
crates/chaoscontrol-protocol/tests/protocol/marker.rs: OK
crates/chaoscontrol-protocol/tests/protocol_observation.rs: OK
crates/chaoscontrol-sdk/Cargo.toml: OK
crates/chaoscontrol-sdk/src/assert.rs: OK
crates/chaoscontrol-sdk/src/assertion_catalog.rs: OK
crates/chaoscontrol-sdk/src/bounded_json.rs: OK
crates/chaoscontrol-sdk/src/coverage.rs: OK
crates/chaoscontrol-sdk/src/details.rs: OK
crates/chaoscontrol-sdk/src/internal.rs: OK
crates/chaoscontrol-sdk/src/kcov.rs: OK
crates/chaoscontrol-sdk/src/lib.rs: OK
crates/chaoscontrol-sdk/src/local_json_security.rs: OK
crates/chaoscontrol-sdk/src/prelude.rs: OK
crates/chaoscontrol-sdk/src/process.rs: OK
crates/chaoscontrol-sdk/src/protocol_observation.rs: OK
crates/chaoscontrol-sdk/src/resources.rs: OK
crates/chaoscontrol-sdk/src/runtime.rs: OK
crates/chaoscontrol-sdk/src/supervisor.rs: OK
crates/chaoscontrol-sdk/src/workload.rs: OK
crates/chaoscontrol-sim-core/src/boundary.rs: OK
crates/chaoscontrol-sim-core/src/causality/attribution.rs: OK
crates/chaoscontrol-sim-core/src/causality/minimization.rs: OK
crates/chaoscontrol-sim-core/src/causality/model.rs: OK
crates/chaoscontrol-sim-core/src/findability/model.rs: OK
crates/chaoscontrol-sim-core/src/findability/statistics.rs: OK
crates/chaoscontrol-sim-core/src/guest_determinism.rs: OK
crates/chaoscontrol-sim-core/src/kernel.rs: OK
crates/chaoscontrol-sim-core/src/network.rs: OK
crates/chaoscontrol-sim-core/src/protocol_fault.rs: OK
crates/chaoscontrol-sim-core/src/protocol_replay.rs: OK
crates/chaoscontrol-sim-core/src/protocol_simulation.rs: OK
crates/chaoscontrol-sim-core/src/runtime_capacity.rs: OK
crates/chaoscontrol-sim-core/src/scheduler/core.rs: OK
crates/chaoscontrol-sim-core/src/snapshot.rs: OK
crates/chaoscontrol-vmm/Cargo.toml: OK
crates/chaoscontrol-vmm/src/acpi.rs: OK
crates/chaoscontrol-vmm/src/bin/determinism_stress.rs: OK
crates/chaoscontrol-vmm/src/bin/perf_bench.rs: OK
crates/chaoscontrol-vmm/src/controller.rs: OK
crates/chaoscontrol-vmm/src/controller_core.rs: OK
crates/chaoscontrol-vmm/src/cpu.rs: OK
crates/chaoscontrol-vmm/src/determinism_gate.rs: OK
crates/chaoscontrol-vmm/src/devices/block.rs: OK
crates/chaoscontrol-vmm/src/devices/entropy.rs: OK
crates/chaoscontrol-vmm/src/devices/net.rs: OK
crates/chaoscontrol-vmm/src/devices/virtio_block.rs: OK
crates/chaoscontrol-vmm/src/devices/virtio_block_io.rs: OK
crates/chaoscontrol-vmm/src/devices/virtio_buffer.rs: OK
crates/chaoscontrol-vmm/src/devices/virtio_entropy.rs: OK
crates/chaoscontrol-vmm/src/devices/virtio_mmio.rs: OK
crates/chaoscontrol-vmm/src/devices/virtio_net.rs: OK
crates/chaoscontrol-vmm/src/dlog.rs: OK
crates/chaoscontrol-vmm/src/memory.rs: OK
crates/chaoscontrol-vmm/src/perf.rs: OK
crates/chaoscontrol-vmm/src/registers.rs: OK
crates/chaoscontrol-vmm/src/sim_adapter.rs: OK
crates/chaoscontrol-vmm/src/snapshot.rs: OK
crates/chaoscontrol-vmm/src/verified/block.rs: OK
crates/chaoscontrol-vmm/src/verified/pit.rs: OK
crates/chaoscontrol-vmm/src/vm.rs: OK
crates/chaoscontrol-vmm/src/vm/protocol.rs: OK
crates/chaoscontrol-vmm/tests/protocol/compatibility.rs: OK
crates/chaoscontrol-vmm/tests/protocol/raft.rs: OK
crates/chaoscontrol-vmm/tests/protocol_observation.rs: OK
deny.toml: OK
docs/cargo-radicle-compatibility.md: OK
docs/product-scope-status.md: OK
docs/protocol-observation-cohorts.md: OK
docs/vm-cohort-adoption.md: OK
flake.nix: OK
license-policy.tsv: OK
nix/cargo-radicle.nix: OK
nix/fixtures/vendor/probe.rs: OK
nix/patches/cargo-pathless-source.patch: OK
nix/patches/cargo-pathless-tests.patch: OK
nix/tests/source-filter.nix: OK
nix/tests/vm-cohort-vendor.nix: OK
nix/vm-cohort-vendor.nix: OK
