building '/nix/store/jgcv4i96mmd837zmhlpr9pvypy60m4j4-rust-default-1.98.0.drv'...
building '/nix/store/s1k7asxvp11pf5l83h9rq0lc0kz4rw5y-nix-shell-env.drv'...
ChaosControl development environment
Rust: rustc 1.98.0 (88d9e12ae 2026-08-18)
Clang: clang version 21.1.8

Commands:
  cargo build              Build VMM + tools
  cargo test               Run unit tests
  cargo clippy             Lint

Guests & Initrds (Nix):
  nix build .#guest-raft   Build Raft guest binary
  nix build .#initrd-raft  Build Raft initrd image
  nix build .#guest-sdk    Build SDK guest binary
  nix build .#guest-net    Build net guest binary

Exploration:
  nix run .#explore-raft   Run Raft exploration (builds everything)
  nix run .#explore        Run explorer with manual args

Kernels:
  nix build .#net-vmlinux       Virtio-net kernel
  nix build .#kcov-vmlinux      KCOV kernel
  nix build .#kcov-net-vmlinux  Both

CI:
  nix flake check          All checks (build, test, clippy, fmt)
  nix build .#raft-sim     Run simulation test (needs KVM, ~10 min)
error: couldn't read `.pi/vendor-baseline/vm-cohort-conformance/src/../../../config/generated/profile.json`: No such file or directory (os error 2)
 --> .pi/vendor-baseline/vm-cohort-conformance/src/probe.rs:2:33
  |
2 | const OBSERVED_PROFILE: &[u8] = include_bytes!("../../../config/generated/profile.json");
  |                                 ^^^^^^^^^^^^^^^^^^^^^^^^^^^^^^^^^^^^^^^^^^^^^^^^^^^^^^^^

error: aborting due to 1 previous error

