error: contract broken by a value
       extra field `unknown`
   ┌─ /nix/store/0m8r5yh9rfgq29k6y4phz03p830bmnai-source/contracts/protocol-observation/fixtures/invalid/unknown-field.ncl:2:1
   │
 2 │ ((import "../profile.ncl") & { unknown = true }) | Profile
   │ ------------------------------------------------   ------- expected type
   │ │                                                   
   │ evaluated to this expression
   │
   ┌─ <unknown> (generated by evaluation):1:1
   │  
 1 │ ╭ {
 2 │ │   bounds = %<closure@0x7fffffffa3e0>,
 3 │ │   cohort_ref : String = %<closure@0x7fffffffa3e0>,
 4 │ │   completion_rule : String = %<closure@0x7fffffffa3e0>,
   · │
16 │ │   unknown = true,
17 │ │ }
   │ ╰─' evaluated to this value
   │  
   = Have you misspelled a field?
   = The record contract might also be too strict. By default, record contracts exclude any field which is not listed.
     Append `, ..` at the end of the record contract, as in `{some_field | SomeContract, ..}`, to make it accept extra fields.

