evaluating flake...
checking flake output 'lib'...
checking flake output 'packages'...
checking derivation packages.x86_64-linux.default...
derivation evaluated to /nix/store/znxxxndq2v6wpdw5b8b0kwnclx95kdcs-chaoscontrol-0.1.0.drv
checking derivation packages.x86_64-linux.guest-sdk...
derivation evaluated to /nix/store/s244dym4zqdlaj5a98w3k0p3aixdiq9z-chaoscontrol-guest-0.1.0.drv
checking derivation packages.x86_64-linux.guest-determinism-probe...
derivation evaluated to /nix/store/m86yz8kq7rki6765izbk62mg9rrcf2xj-chaoscontrol-guest-determinism-probe-0.1.0.drv
checking derivation packages.x86_64-linux.guest-raft...
derivation evaluated to /nix/store/4f1cm2jghs06c30r0zflc9cbgifyvj0k-chaoscontrol-raft-guest-0.1.0.drv
checking derivation packages.x86_64-linux.guest-net...
derivation evaluated to /nix/store/nv3dhl4lqb71rqwmkwi57w1y2va290xv-chaoscontrol-net-guest-0.1.0.drv
checking derivation packages.x86_64-linux.guest-redb...
derivation evaluated to /nix/store/mdpv0jq7mqrijh2hh86nsgp0mawcgaxw-chaoscontrol-redb-guest-0.1.0.drv
checking derivation packages.x86_64-linux.guest-rust-workload...
derivation evaluated to /nix/store/b02f84z4hwfsfj17c0n8lxjb49ky6ixd-chaoscontrol-rust-workload-guest-0.1.0.drv
checking derivation packages.x86_64-linux.guest-supervisor...
derivation evaluated to /nix/store/7ym3qmwn45flwiz3dfirv19561gfbsy4-chaoscontrol-sdk-0.1.0.drv
checking derivation packages.x86_64-linux.initrd-sdk...
derivation evaluated to /nix/store/a30pahdbpx4m79a8ihs3w5nrsnk5sk9b-chaoscontrol-initrd-sdk.drv
checking derivation packages.x86_64-linux.initrd-determinism-probe...
derivation evaluated to /nix/store/5wzni9xpwwp52gsk27fkz2csz4h4vx47-chaoscontrol-initrd-determinism-probe.drv
checking derivation packages.x86_64-linux.initrd-raft...
derivation evaluated to /nix/store/rqb5ijhgxqjjq7bl3md5jzx4lsfj0izs-chaoscontrol-initrd-raft.drv
checking derivation packages.x86_64-linux.initrd-net...
derivation evaluated to /nix/store/gdd6ip29qzps9lyk7bxsjgnywbab5i06-chaoscontrol-initrd-net.drv
checking derivation packages.x86_64-linux.initrd-redb...
derivation evaluated to /nix/store/x5mcslp6bjf879vm24wgps11jcj5cfx7-chaoscontrol-initrd-redb.drv
checking derivation packages.x86_64-linux.initrd-rust-workload...
derivation evaluated to /nix/store/w2qj4c7xi0z4ar07gy5vh6k7isljbd1j-chaoscontrol-initrd-rust-workload.drv
checking derivation packages.x86_64-linux.initrd-multiprocess...
derivation evaluated to /nix/store/rjb75zqamg91wmrq33ah3i3wy1ss45cd-chaoscontrol-initrd-multiprocess.drv
checking derivation packages.x86_64-linux.redb-disk-image...
derivation evaluated to /nix/store/smr9nf644lykjg18rjjdmwhzjc2haasb-redb-disk-image.drv
checking derivation packages.x86_64-linux.chaoscontrol-vmm...
derivation evaluated to /nix/store/znxxxndq2v6wpdw5b8b0kwnclx95kdcs-chaoscontrol-0.1.0.drv
checking derivation packages.x86_64-linux.oci-intake...
derivation evaluated to /nix/store/41xqyglmy6zhwcnq41fkalgd3bf20bl2-chaoscontrol-oci-intake-0.1.0.drv
checking derivation packages.x86_64-linux.guest-determinism-gate...
derivation evaluated to /nix/store/6mpx14p0i7rzzgvy7yh0hy1djn97a92m-chaoscontrol-guest-determinism-gate-0.1.0.drv
checking derivation packages.x86_64-linux.raft-accepted-verdict-dogfood...
derivation evaluated to /nix/store/y79xxlf3wsam08gq3n37d8q16inc3b2k-raft-accepted-verdict-dogfood.drv
checking derivation packages.x86_64-linux.redb-accepted-verdict-dogfood...
derivation evaluated to /nix/store/rcbsm8xdharar4ddw09h5inmvcylyjyl-redb-accepted-verdict-dogfood.drv
checking derivation packages.x86_64-linux.net-accepted-verdict-dogfood...
derivation evaluated to /nix/store/515f8kakq8mrnijp8lshgbdczham4m7x-net-accepted-verdict-dogfood.drv
checking derivation packages.x86_64-linux.rust-workload-accepted-verdict-dogfood...
derivation evaluated to /nix/store/839zjwgzcyv85bvdskh5iqcr28b0yqm3-rust-workload-accepted-verdict-dogfood.drv
checking derivation packages.x86_64-linux.accepted-verdict-dogfood-config...
derivation evaluated to /nix/store/i20nqmd2phsbh6gil75p6q42b5xy65sm-accepted-verdict-dogfood-config.json.drv
checking derivation packages.x86_64-linux.replay-readiness...
derivation evaluated to /nix/store/kw4b5azqd1nj87kqf37zd4dq30zwq38m-replay-readiness.drv
checking derivation packages.x86_64-linux.scaffold-rust-workload...
derivation evaluated to /nix/store/7s5xa68nqrinhymx8pffq9gsnyc66dcl-scaffold-rust-workload.drv
checking derivation packages.x86_64-linux.fresh-rust-workload-proof...
derivation evaluated to /nix/store/bwsv5g83v4vpfjqssq63f1nr5pcz3gyj-fresh-rust-workload-proof.drv
checking derivation packages.x86_64-linux.vm-determinism-matrix...
derivation evaluated to /nix/store/ng7znazxavvvrq70ahxxdrgx4ncprrgw-vm-determinism-matrix.drv
checking derivation packages.x86_64-linux.replay-readiness-summary...
derivation evaluated to /nix/store/xra1khlpgdksvqilmv96bqpb2varsbd1-replay-readiness-summary.drv
checking derivation packages.x86_64-linux.replay-readiness-dashboard...
derivation evaluated to /nix/store/9agw54rg09qgc2v7ghzg8m27di1hzhjj-replay-readiness-dashboard.drv
checking derivation packages.x86_64-linux.replay-readiness-triage...
derivation evaluated to /nix/store/lpll013m8aix24rjl0dlgb7mz41zwaw8-replay-readiness-triage.drv
checking derivation packages.x86_64-linux.replay-readiness-fleet-index...
derivation evaluated to /nix/store/wdk9yhj99y61vxrwcr991aqj930vrbwm-replay-readiness-fleet-index.drv
checking derivation packages.x86_64-linux.replay-readiness-decision-receipt...
derivation evaluated to /nix/store/cczghg8nbr5nxhwi0kwfmyqnin0k0kkl-replay-readiness-decision-receipt.drv
checking derivation packages.x86_64-linux.replay-readiness-scheduler-receipt...
derivation evaluated to /nix/store/cn0254jf63bs5psk39kyvvs15mla1sd1-replay-readiness-scheduler-receipt.drv
checking derivation packages.x86_64-linux.in-process-simulator-receipt...
derivation evaluated to /nix/store/gfgpaqz91wlar27q6g6ksfpw5h8mvqv5-in-process-simulator-receipt.drv
checking derivation packages.x86_64-linux.local-multi-hypervisor-kvm-smoke...
derivation evaluated to /nix/store/21zi1smiw0msx72x308r451m1xf0zrds-local-multi-hypervisor-kvm-smoke.drv
checking derivation packages.x86_64-linux.replay-readiness-readme-status...
derivation evaluated to /nix/store/p839j9xn6gqp1vplhnmw7wimi5d18qf9-replay-readiness-readme-status.drv
checking derivation packages.x86_64-linux.cargo-tigerstyle...
derivation evaluated to /nix/store/i675hk4mr2svhbpz7ilv7jly4vpysw6i-cargo-octet-0.1.0.drv
checking derivation packages.x86_64-linux.tigerstyle-standards...
derivation evaluated to /nix/store/w5njs8pm48gd6rzsjcnbk29g7d8hjsq0-octet-standards-0.1.0.drv
checking derivation packages.x86_64-linux.verified-logic...
derivation evaluated to /nix/store/c3z245a5jqpl0hmf1ai9i8jzgb1nfq6w-verified-logic-0.2.0.drv
checking derivation packages.x86_64-linux.determinism-probe-vmlinux...
derivation evaluated to /nix/store/r0nhjyymj3xmkywcq0q87g2g7b0d13ak-chaoscontrol-vmlinux.drv
checking derivation packages.x86_64-linux.net-vmlinux...
derivation evaluated to /nix/store/m4nnxffwrzjlnqczph76sr1xsn3n0y0d-chaoscontrol-vmlinux.drv
checking derivation packages.x86_64-linux.kcov-vmlinux...
derivation evaluated to /nix/store/d9jgpxqp1fcjffc563w059n6rd8jwy91-chaoscontrol-vmlinux.drv
checking derivation packages.x86_64-linux.kcov-net-vmlinux...
derivation evaluated to /nix/store/vz4vngrnym8c2cjd5f2xs9gf376yw9k5-chaoscontrol-vmlinux.drv
checking derivation packages.x86_64-linux.raft-sim...
derivation evaluated to /nix/store/ay2j221jln739p9z1vclpjvfckxyzp66-chaoscontrol-test-raft-sim.drv
checking derivation packages.x86_64-linux.redb-sim...
derivation evaluated to /nix/store/0gff0f1yp7xygsjlm1yhxs0ld3pdp0cr-chaoscontrol-test-redb-sim.drv
checking derivation packages.x86_64-linux.rust-workload-sim...
derivation evaluated to /nix/store/j7b6jj45shkg7zm3bpsx14rbvmcs2sd7-chaoscontrol-test-rust-workload-sim.drv
checking derivation packages.x86_64-linux.rust-workload-local-report...
derivation evaluated to /nix/store/1rg3p63j8iqgvx24750vfqd6mzk53bgz-rust-workload-local-report.drv
checking derivation packages.x86_64-linux.docs...
derivation evaluated to /nix/store/2aww1z9xn1n26gc5mwvdzmyw3i0klbd8-chaoscontrol-docs.drv
checking flake output 'checks'...
checking derivation checks.x86_64-linux.replay-readiness...
derivation evaluated to /nix/store/qdsz9m3ijsyfcnaxvzxl40cg37l9l4wz-replay-readiness-check.drv
checking derivation checks.x86_64-linux.local-multi-hypervisor-kvm-smoke...
derivation evaluated to /nix/store/2ay6r6vagjvnh8hbp5sab1srypssb9ba-local-multi-hypervisor-kvm-smoke-check.drv
checking derivation checks.x86_64-linux.rustdoc...
derivation evaluated to /nix/store/kisc68fsyq7nw75aca3rb3l4l86m6wwi-chaoscontrol-doc-0.1.0.drv
checking derivation checks.x86_64-linux.package...
derivation evaluated to /nix/store/znxxxndq2v6wpdw5b8b0kwnclx95kdcs-chaoscontrol-0.1.0.drv
checking derivation checks.x86_64-linux.protocol-observation-tests...
derivation evaluated to /nix/store/f29nq5ia5123hq72s7fqj4s6k2688gvd-chaoscontrol-protocol-observation-test-0.1.0.drv
checking derivation checks.x86_64-linux.protocol-observation-contracts...
derivation evaluated to /nix/store/65fhhv94d185pj8pi56s3rc1a04ihnn1-protocol-observation-contracts.drv
checking derivation checks.x86_64-linux.license-boundary...
derivation evaluated to /nix/store/3sxw3z1svsbznr74n6fbp62lkh45shwz-chaoscontrol-license-boundary.drv
checking derivation checks.x86_64-linux.vm-cohort-dependency...
derivation evaluated to /nix/store/5gyfw3y85jjd1iny8mp6aq4bv1smgl4m-chaoscontrol-vm-cohort-dependency.drv
checking derivation checks.x86_64-linux.vm-cohort-adoption-contract...
derivation evaluated to /nix/store/3pj7678yvipwvswil833wjgqkw453x7j-chaoscontrol-vm-cohort-adoption-contract.drv
checking derivation checks.x86_64-linux.nickel-cohort-exact...
derivation evaluated to /nix/store/3i8imrqdvvx3hp5j2nrf753v3xdnmzqs-chaoscontrol-nickel-cohort-exact.drv
checking derivation checks.x86_64-linux.clippy...
derivation evaluated to /nix/store/yr2zvhix114l73nj8hr50zvkj6y1wbg2-chaoscontrol-clippy-0.1.0.drv
checking derivation checks.x86_64-linux.fmt...
derivation evaluated to /nix/store/g6iry92g5qb4xidrrij7whkjrs6cwlgl-chaoscontrol-fmt-0.1.0.drv
checking derivation checks.x86_64-linux.tests...
derivation evaluated to /nix/store/rm6v9cwlcx9djdi4yk0ksrhv1gk8y99d-chaoscontrol-test-0.1.0.drv
checking derivation checks.x86_64-linux.property-coverage...
derivation evaluated to /nix/store/msylnkg037zabxy3cqccwnlfn0a8p5di-property-coverage-check.drv
checking derivation checks.x86_64-linux.ebpf-trace-evidence...
derivation evaluated to /nix/store/wr4r3qz6i888x4fc0z6xak46fn6jsxjb-ebpf-trace-evidence-check.drv
checking derivation checks.x86_64-linux.virtio-malicious-guest-kvm-smoke...
derivation evaluated to /nix/store/a18jzmq8w1zzak4n0j40q1yk9f4wl388-chaoscontrol-test-0.1.0.drv
checking derivation checks.x86_64-linux.profiling...
derivation evaluated to /nix/store/9qg4gy7a36h1v11c819jb42i7sarw49r-chaoscontrol-clippy-0.1.0.drv
checking derivation checks.x86_64-linux.nixfmt...
derivation evaluated to /nix/store/7k47bfs3y5vc9szf960fz14yzaj5fadi-nixfmt-check.drv
checking derivation checks.x86_64-linux.dependency-audit...
derivation evaluated to /nix/store/5vvn9s1hf0dm9ar59b3jfvcvxzninn50-dependency-audit-check.drv
checking derivation checks.x86_64-linux.dependency-policy...
derivation evaluated to /nix/store/2cry88xl8s4cmckmzdcc40pr3hf69j5p-chaoscontrol-deny-0.1.0.drv
checking derivation checks.x86_64-linux.snapshot-descriptor-contracts...
derivation evaluated to /nix/store/33bg8n4yxw9g0bci0qnxcz75ipsq8bzv-snapshot-descriptor-contracts-check.drv
checking derivation checks.x86_64-linux.evidence-contracts...
derivation evaluated to /nix/store/00j5h2q69siqhk4bkv6vqpp403gm6r9m-evidence-contracts-check.drv
checking derivation checks.x86_64-linux.spacewasm-mvp-differential...
error:
       … while checking flake output 'checks'
         at /home/brittonr/git/OnixResearch/.worktrees/chaoscontrol-protocol-observation-20260904/flake.nix:2348:7:
         2347|       packages = forAllSystems (system: eachSystem.${system}.packages);
         2348|       checks = forAllSystems (system: eachSystem.${system}.checks);
             |       ^
         2349|       apps = forAllSystems (system: eachSystem.${system}.apps);

       … while checking the derivation 'checks.x86_64-linux.spacewasm-mvp-differential'
         at /home/brittonr/git/OnixResearch/.worktrees/chaoscontrol-protocol-observation-20260904/flake.nix:1868:13:
         1867|             # Exact, remeasured SpaceWasm MVP differential evidence against Wasmtime.
         1868|             spacewasm-mvp-differential =
             |             ^
         1869|               pkgs.runCommand "spacewasm-mvp-differential-check"

       … while evaluating derivation 'spacewasm-mvp-differential-check'
         whose name attribute is located at «github:NixOS/nixpkgs/a82ccc39b39b621151d6732718e3e250109076fa?narHash=sha256-gf2AmWVTs8lEq7z/3ZAsgnZDhWIckkb%2BZnAo5RzSxJg%3D»/pkgs/stdenv/generic/make-derivation.nix:537:13

       … while evaluating derivation 'mantle-spacewasm-reference-bundle-e24cf09355a90497148eb5029fdb8e3400bd63e3'
         whose name attribute is located at «github:NixOS/nixpkgs/dfd9566f82a6e1d55c30f861879186440614696e?narHash=sha256-/m3yyS/EnXqoPGBJYVy4jTOsirdgsEZ3JdN2gGkBr14%3D»/pkgs/stdenv/generic/make-derivation.nix:541:11

       … while evaluating derivation 'mantle-spacewasm-reference-bundler-0.1.0'
         whose name attribute is located at «github:NixOS/nixpkgs/dfd9566f82a6e1d55c30f861879186440614696e?narHash=sha256-/m3yyS/EnXqoPGBJYVy4jTOsirdgsEZ3JdN2gGkBr14%3D»/pkgs/stdenv/generic/make-derivation.nix:541:11

       … while evaluating derivation 'cargo-vendor-dir'
         whose name attribute is located at «github:NixOS/nixpkgs/dfd9566f82a6e1d55c30f861879186440614696e?narHash=sha256-/m3yyS/EnXqoPGBJYVy4jTOsirdgsEZ3JdN2gGkBr14%3D»/pkgs/stdenv/generic/make-derivation.nix:541:11

       (stack trace truncated; use '--show-trace' to show the full, detailed trace)

       error: Path "/var/tmp" is world-writable or a symlink. That's not allowed for security.
