ChaosControl development environment
Rust: rustc 1.98.0 (88d9e12ae 2026-08-18)
Clang: clang version 21.1.8

Commands:
  cargo build              Build VMM + tools
  cargo test               Run unit tests
  cargo clippy             Lint

Guests & Initrds (Nix):
  nix build .#guest-raft   Build Raft guest binary
  nix build .#initrd-raft  Build Raft initrd image
  nix build .#guest-sdk    Build SDK guest binary
  nix build .#guest-net    Build net guest binary

Exploration:
  nix run .#explore-raft   Run Raft exploration (builds everything)
  nix run .#explore        Run explorer with manual args

Kernels:
  nix build .#net-vmlinux       Virtio-net kernel
  nix build .#kcov-vmlinux      KCOV kernel
  nix build .#kcov-net-vmlinux  Both

CI:
  nix flake check          All checks (build, test, clippy, fmt)
  nix build .#raft-sim     Run simulation test (needs KVM, ~10 min)
   Compiling chaoscontrol-explore v0.1.0 (/home/brittonr/git/OnixResearch/.worktrees/chaoscontrol-protocol-observation-20260904/crates/chaoscontrol-explore)
    Finished `test` profile [unoptimized + debuginfo] target(s) in 3.64s
     Running tests/protocol_observation.rs (/home/brittonr/.cargo-target/debug/deps/protocol_observation-9e47aee4a9a7845d)

running 1 test
test replay::stored_parent_replays_executed_guest_observations ... protocol fixture: parent stored, begin guest continuation
guest step 0: rip=0x100000 rcx=0 rsi=0x7000 rdi=0x0
guest step 1: rip=0x100005 rcx=0 rsi=0x200000 rdi=0x0
guest step 2: rip=0x10000a rcx=0 rsi=0x200000 rdi=0xfe000
guest step 3: rip=0x10000f rcx=512 rsi=0x200000 rdi=0xfe000
guest step 4: rip=0x100010 rcx=512 rsi=0x200000 rdi=0xfe000
guest step 5: rip=0x100010 rcx=511 rsi=0x200008 rdi=0xfe008
guest step 6: rip=0x100010 rcx=510 rsi=0x200010 rdi=0xfe010
guest step 7: rip=0x100010 rcx=509 rsi=0x200018 rdi=0xfe018
guest step 8: rip=0x100010 rcx=508 rsi=0x200020 rdi=0xfe020
guest step 9: rip=0x100010 rcx=507 rsi=0x200028 rdi=0xfe028
guest step 10: rip=0x100010 rcx=506 rsi=0x200030 rdi=0xfe030
guest step 11: rip=0x100010 rcx=505 rsi=0x200038 rdi=0xfe038
guest step 12: rip=0x100010 rcx=504 rsi=0x200040 rdi=0xfe040
guest step 13: rip=0x100010 rcx=503 rsi=0x200048 rdi=0xfe048
guest step 14: rip=0x100010 rcx=502 rsi=0x200050 rdi=0xfe050
guest step 15: rip=0x100010 rcx=501 rsi=0x200058 rdi=0xfe058
guest step 16: rip=0x100010 rcx=500 rsi=0x200060 rdi=0xfe060
guest step 17: rip=0x100010 rcx=499 rsi=0x200068 rdi=0xfe068
guest step 18: rip=0x100010 rcx=498 rsi=0x200070 rdi=0xfe070
guest step 19: rip=0x100010 rcx=497 rsi=0x200078 rdi=0xfe078
guest step 20: rip=0x100010 rcx=496 rsi=0x200080 rdi=0xfe080
guest step 21: rip=0x100010 rcx=495 rsi=0x200088 rdi=0xfe088
guest step 22: rip=0x100010 rcx=494 rsi=0x200090 rdi=0xfe090
guest step 23: rip=0x100010 rcx=493 rsi=0x200098 rdi=0xfe098
guest step 24: rip=0x100010 rcx=492 rsi=0x2000a0 rdi=0xfe0a0
guest step 25: rip=0x100010 rcx=491 rsi=0x2000a8 rdi=0xfe0a8
guest step 26: rip=0x100010 rcx=490 rsi=0x2000b0 rdi=0xfe0b0
guest step 27: rip=0x100010 rcx=489 rsi=0x2000b8 rdi=0xfe0b8
guest step 28: rip=0x100010 rcx=488 rsi=0x2000c0 rdi=0xfe0c0
guest step 29: rip=0x100010 rcx=487 rsi=0x2000c8 rdi=0xfe0c8
guest step 30: rip=0x100010 rcx=486 rsi=0x2000d0 rdi=0xfe0d0
guest step 31: rip=0x100010 rcx=485 rsi=0x2000d8 rdi=0xfe0d8
guest step 32: rip=0x100010 rcx=484 rsi=0x2000e0 rdi=0xfe0e0
guest step 33: rip=0x100010 rcx=483 rsi=0x2000e8 rdi=0xfe0e8
guest step 34: rip=0x100010 rcx=482 rsi=0x2000f0 rdi=0xfe0f0
guest step 35: rip=0x100010 rcx=481 rsi=0x2000f8 rdi=0xfe0f8
guest step 36: rip=0x100010 rcx=480 rsi=0x200100 rdi=0xfe100
guest step 37: rip=0x100010 rcx=479 rsi=0x200108 rdi=0xfe108
guest step 38: rip=0x100010 rcx=478 rsi=0x200110 rdi=0xfe110
guest step 39: rip=0x100010 rcx=477 rsi=0x200118 rdi=0xfe118
guest step 40: rip=0x100010 rcx=476 rsi=0x200120 rdi=0xfe120
guest step 41: rip=0x100010 rcx=475 rsi=0x200128 rdi=0xfe128
guest step 42: rip=0x100010 rcx=474 rsi=0x200130 rdi=0xfe130
guest step 43: rip=0x100010 rcx=473 rsi=0x200138 rdi=0xfe138
guest step 44: rip=0x100010 rcx=472 rsi=0x200140 rdi=0xfe140
guest step 45: rip=0x100010 rcx=471 rsi=0x200148 rdi=0xfe148
guest step 46: rip=0x100010 rcx=470 rsi=0x200150 rdi=0xfe150
guest step 47: rip=0x100010 rcx=469 rsi=0x200158 rdi=0xfe158
guest step 48: rip=0x100010 rcx=468 rsi=0x200160 rdi=0xfe160
guest step 49: rip=0x100010 rcx=467 rsi=0x200168 rdi=0xfe168
guest step 50: rip=0x100010 rcx=466 rsi=0x200170 rdi=0xfe170
guest step 51: rip=0x100010 rcx=465 rsi=0x200178 rdi=0xfe178
guest step 52: rip=0x100010 rcx=464 rsi=0x200180 rdi=0xfe180
guest step 53: rip=0x100010 rcx=463 rsi=0x200188 rdi=0xfe188
guest step 54: rip=0x100010 rcx=462 rsi=0x200190 rdi=0xfe190
guest step 55: rip=0x100010 rcx=461 rsi=0x200198 rdi=0xfe198
guest step 56: rip=0x100010 rcx=460 rsi=0x2001a0 rdi=0xfe1a0
guest step 57: rip=0x100010 rcx=459 rsi=0x2001a8 rdi=0xfe1a8
guest step 58: rip=0x100010 rcx=458 rsi=0x2001b0 rdi=0xfe1b0
guest step 59: rip=0x100010 rcx=457 rsi=0x2001b8 rdi=0xfe1b8
guest step 60: rip=0x100010 rcx=456 rsi=0x2001c0 rdi=0xfe1c0
guest step 61: rip=0x100010 rcx=455 rsi=0x2001c8 rdi=0xfe1c8
guest step 62: rip=0x100010 rcx=454 rsi=0x2001d0 rdi=0xfe1d0
guest step 63: rip=0x100010 rcx=453 rsi=0x2001d8 rdi=0xfe1d8
guest step 64: rip=0x100010 rcx=452 rsi=0x2001e0 rdi=0xfe1e0
guest step 65: rip=0x100010 rcx=451 rsi=0x2001e8 rdi=0xfe1e8
guest step 66: rip=0x100010 rcx=450 rsi=0x2001f0 rdi=0xfe1f0
guest step 67: rip=0x100010 rcx=449 rsi=0x2001f8 rdi=0xfe1f8
guest step 68: rip=0x100010 rcx=448 rsi=0x200200 rdi=0xfe200
guest step 69: rip=0x100010 rcx=447 rsi=0x200208 rdi=0xfe208
guest step 70: rip=0x100010 rcx=446 rsi=0x200210 rdi=0xfe210
guest step 71: rip=0x100010 rcx=445 rsi=0x200218 rdi=0xfe218
guest step 72: rip=0x100010 rcx=444 rsi=0x200220 rdi=0xfe220
guest step 73: rip=0x100010 rcx=443 rsi=0x200228 rdi=0xfe228
guest step 74: rip=0x100010 rcx=442 rsi=0x200230 rdi=0xfe230
guest step 75: rip=0x100010 rcx=441 rsi=0x200238 rdi=0xfe238
guest step 76: rip=0x100010 rcx=440 rsi=0x200240 rdi=0xfe240
guest step 77: rip=0x100010 rcx=439 rsi=0x200248 rdi=0xfe248
guest step 78: rip=0x100010 rcx=438 rsi=0x200250 rdi=0xfe250
guest step 79: rip=0x100010 rcx=437 rsi=0x200258 rdi=0xfe258
guest step 80: rip=0x100010 rcx=436 rsi=0x200260 rdi=0xfe260
guest step 81: rip=0x100010 rcx=435 rsi=0x200268 rdi=0xfe268
guest step 82: rip=0x100010 rcx=434 rsi=0x200270 rdi=0xfe270
guest step 83: rip=0x100010 rcx=433 rsi=0x200278 rdi=0xfe278
guest step 84: rip=0x100010 rcx=432 rsi=0x200280 rdi=0xfe280
guest step 85: rip=0x100010 rcx=431 rsi=0x200288 rdi=0xfe288
guest step 86: rip=0x100010 rcx=430 rsi=0x200290 rdi=0xfe290
guest step 87: rip=0x100010 rcx=429 rsi=0x200298 rdi=0xfe298
guest step 88: rip=0x100010 rcx=428 rsi=0x2002a0 rdi=0xfe2a0
guest step 89: rip=0x100010 rcx=427 rsi=0x2002a8 rdi=0xfe2a8
guest step 90: rip=0x100010 rcx=426 rsi=0x2002b0 rdi=0xfe2b0
guest step 91: rip=0x100010 rcx=425 rsi=0x2002b8 rdi=0xfe2b8
guest step 92: rip=0x100010 rcx=424 rsi=0x2002c0 rdi=0xfe2c0
guest step 93: rip=0x100010 rcx=423 rsi=0x2002c8 rdi=0xfe2c8
guest step 94: rip=0x100010 rcx=422 rsi=0x2002d0 rdi=0xfe2d0
guest step 95: rip=0x100010 rcx=421 rsi=0x2002d8 rdi=0xfe2d8
guest step 96: rip=0x100010 rcx=420 rsi=0x2002e0 rdi=0xfe2e0
guest step 97: rip=0x100010 rcx=419 rsi=0x2002e8 rdi=0xfe2e8
guest step 98: rip=0x100010 rcx=418 rsi=0x2002f0 rdi=0xfe2f0
guest step 99: rip=0x100010 rcx=417 rsi=0x2002f8 rdi=0xfe2f8
guest step 100: rip=0x100010 rcx=416 rsi=0x200300 rdi=0xfe300
guest step 101: rip=0x100010 rcx=415 rsi=0x200308 rdi=0xfe308
guest step 102: rip=0x100010 rcx=414 rsi=0x200310 rdi=0xfe310
guest step 103: rip=0x100010 rcx=413 rsi=0x200318 rdi=0xfe318
guest step 104: rip=0x100010 rcx=412 rsi=0x200320 rdi=0xfe320
guest step 105: rip=0x100010 rcx=411 rsi=0x200328 rdi=0xfe328
guest step 106: rip=0x100010 rcx=410 rsi=0x200330 rdi=0xfe330
guest step 107: rip=0x100010 rcx=409 rsi=0x200338 rdi=0xfe338
guest step 108: rip=0x100010 rcx=408 rsi=0x200340 rdi=0xfe340
guest step 109: rip=0x100010 rcx=407 rsi=0x200348 rdi=0xfe348
guest step 110: rip=0x100010 rcx=406 rsi=0x200350 rdi=0xfe350
guest step 111: rip=0x100010 rcx=405 rsi=0x200358 rdi=0xfe358
guest step 112: rip=0x100010 rcx=404 rsi=0x200360 rdi=0xfe360
guest step 113: rip=0x100010 rcx=403 rsi=0x200368 rdi=0xfe368
guest step 114: rip=0x100010 rcx=402 rsi=0x200370 rdi=0xfe370
guest step 115: rip=0x100010 rcx=401 rsi=0x200378 rdi=0xfe378
guest step 116: rip=0x100010 rcx=400 rsi=0x200380 rdi=0xfe380
guest step 117: rip=0x100010 rcx=399 rsi=0x200388 rdi=0xfe388
guest step 118: rip=0x100010 rcx=398 rsi=0x200390 rdi=0xfe390
guest step 119: rip=0x100010 rcx=397 rsi=0x200398 rdi=0xfe398
guest step 120: rip=0x100010 rcx=396 rsi=0x2003a0 rdi=0xfe3a0
guest step 121: rip=0x100010 rcx=395 rsi=0x2003a8 rdi=0xfe3a8
guest step 122: rip=0x100010 rcx=394 rsi=0x2003b0 rdi=0xfe3b0
guest step 123: rip=0x100010 rcx=393 rsi=0x2003b8 rdi=0xfe3b8
guest step 124: rip=0x100010 rcx=392 rsi=0x2003c0 rdi=0xfe3c0
guest step 125: rip=0x100010 rcx=391 rsi=0x2003c8 rdi=0xfe3c8
guest step 126: rip=0x100010 rcx=390 rsi=0x2003d0 rdi=0xfe3d0
guest step 127: rip=0x100010 rcx=389 rsi=0x2003d8 rdi=0xfe3d8
guest step 128: rip=0x100010 rcx=388 rsi=0x2003e0 rdi=0xfe3e0
guest step 129: rip=0x100010 rcx=387 rsi=0x2003e8 rdi=0xfe3e8
guest step 130: rip=0x100010 rcx=386 rsi=0x2003f0 rdi=0xfe3f0
guest step 131: rip=0x100010 rcx=385 rsi=0x2003f8 rdi=0xfe3f8
guest step 132: rip=0x100010 rcx=384 rsi=0x200400 rdi=0xfe400
guest step 133: rip=0x100010 rcx=383 rsi=0x200408 rdi=0xfe408
guest step 134: rip=0x100010 rcx=382 rsi=0x200410 rdi=0xfe410
guest step 135: rip=0x100010 rcx=381 rsi=0x200418 rdi=0xfe418
guest step 136: rip=0x100010 rcx=380 rsi=0x200420 rdi=0xfe420
guest step 137: rip=0x100010 rcx=379 rsi=0x200428 rdi=0xfe428
guest step 138: rip=0x100010 rcx=378 rsi=0x200430 rdi=0xfe430
guest step 139: rip=0x100010 rcx=377 rsi=0x200438 rdi=0xfe438
guest step 140: rip=0x100010 rcx=376 rsi=0x200440 rdi=0xfe440
guest step 141: rip=0x100010 rcx=375 rsi=0x200448 rdi=0xfe448
guest step 142: rip=0x100010 rcx=374 rsi=0x200450 rdi=0xfe450
guest step 143: rip=0x100010 rcx=373 rsi=0x200458 rdi=0xfe458
guest step 144: rip=0x100010 rcx=372 rsi=0x200460 rdi=0xfe460
guest step 145: rip=0x100010 rcx=371 rsi=0x200468 rdi=0xfe468
guest step 146: rip=0x100010 rcx=370 rsi=0x200470 rdi=0xfe470
guest step 147: rip=0x100010 rcx=369 rsi=0x200478 rdi=0xfe478
guest step 148: rip=0x100010 rcx=368 rsi=0x200480 rdi=0xfe480
guest step 149: rip=0x100010 rcx=367 rsi=0x200488 rdi=0xfe488
guest step 150: rip=0x100010 rcx=366 rsi=0x200490 rdi=0xfe490
guest step 151: rip=0x100010 rcx=365 rsi=0x200498 rdi=0xfe498
guest step 152: rip=0x100010 rcx=364 rsi=0x2004a0 rdi=0xfe4a0
guest step 153: rip=0x100010 rcx=363 rsi=0x2004a8 rdi=0xfe4a8
guest step 154: rip=0x100010 rcx=362 rsi=0x2004b0 rdi=0xfe4b0
guest step 155: rip=0x100010 rcx=361 rsi=0x2004b8 rdi=0xfe4b8
guest step 156: rip=0x100010 rcx=360 rsi=0x2004c0 rdi=0xfe4c0
guest step 157: rip=0x100010 rcx=359 rsi=0x2004c8 rdi=0xfe4c8
guest step 158: rip=0x100010 rcx=358 rsi=0x2004d0 rdi=0xfe4d0
guest step 159: rip=0x100010 rcx=357 rsi=0x2004d8 rdi=0xfe4d8
guest step 160: rip=0x100010 rcx=356 rsi=0x2004e0 rdi=0xfe4e0
guest step 161: rip=0x100010 rcx=355 rsi=0x2004e8 rdi=0xfe4e8
guest step 162: rip=0x100010 rcx=354 rsi=0x2004f0 rdi=0xfe4f0
guest step 163: rip=0x100010 rcx=353 rsi=0x2004f8 rdi=0xfe4f8
guest step 164: rip=0x100010 rcx=352 rsi=0x200500 rdi=0xfe500
guest step 165: rip=0x100010 rcx=351 rsi=0x200508 rdi=0xfe508
guest step 166: rip=0x100010 rcx=350 rsi=0x200510 rdi=0xfe510
guest step 167: rip=0x100010 rcx=349 rsi=0x200518 rdi=0xfe518
guest step 168: rip=0x100010 rcx=348 rsi=0x200520 rdi=0xfe520
guest step 169: rip=0x100010 rcx=347 rsi=0x200528 rdi=0xfe528
guest step 170: rip=0x100010 rcx=346 rsi=0x200530 rdi=0xfe530
guest step 171: rip=0x100010 rcx=345 rsi=0x200538 rdi=0xfe538
guest step 172: rip=0x100010 rcx=344 rsi=0x200540 rdi=0xfe540
guest step 173: rip=0x100010 rcx=343 rsi=0x200548 rdi=0xfe548
guest step 174: rip=0x100010 rcx=342 rsi=0x200550 rdi=0xfe550
guest step 175: rip=0x100010 rcx=341 rsi=0x200558 rdi=0xfe558
guest step 176: rip=0x100010 rcx=340 rsi=0x200560 rdi=0xfe560
guest step 177: rip=0x100010 rcx=339 rsi=0x200568 rdi=0xfe568
guest step 178: rip=0x100010 rcx=338 rsi=0x200570 rdi=0xfe570
guest step 179: rip=0x100010 rcx=337 rsi=0x200578 rdi=0xfe578
guest step 180: rip=0x100010 rcx=336 rsi=0x200580 rdi=0xfe580
guest step 181: rip=0x100010 rcx=335 rsi=0x200588 rdi=0xfe588
guest step 182: rip=0x100010 rcx=334 rsi=0x200590 rdi=0xfe590
guest step 183: rip=0x100010 rcx=333 rsi=0x200598 rdi=0xfe598
guest step 184: rip=0x100010 rcx=332 rsi=0x2005a0 rdi=0xfe5a0
guest step 185: rip=0x100010 rcx=331 rsi=0x2005a8 rdi=0xfe5a8
guest step 186: rip=0x100010 rcx=330 rsi=0x2005b0 rdi=0xfe5b0
guest step 187: rip=0x100010 rcx=329 rsi=0x2005b8 rdi=0xfe5b8
guest step 188: rip=0x100010 rcx=328 rsi=0x2005c0 rdi=0xfe5c0
guest step 189: rip=0x100010 rcx=327 rsi=0x2005c8 rdi=0xfe5c8
guest step 190: rip=0x100010 rcx=326 rsi=0x2005d0 rdi=0xfe5d0
guest step 191: rip=0x100010 rcx=325 rsi=0x2005d8 rdi=0xfe5d8
guest step 192: rip=0x100010 rcx=324 rsi=0x2005e0 rdi=0xfe5e0
guest step 193: rip=0x100010 rcx=323 rsi=0x2005e8 rdi=0xfe5e8
guest step 194: rip=0x100010 rcx=322 rsi=0x2005f0 rdi=0xfe5f0
guest step 195: rip=0x100010 rcx=321 rsi=0x2005f8 rdi=0xfe5f8
guest step 196: rip=0x100010 rcx=320 rsi=0x200600 rdi=0xfe600
guest step 197: rip=0x100010 rcx=319 rsi=0x200608 rdi=0xfe608
guest step 198: rip=0x100010 rcx=318 rsi=0x200610 rdi=0xfe610
guest step 199: rip=0x100010 rcx=317 rsi=0x200618 rdi=0xfe618
guest step 200: rip=0x100010 rcx=316 rsi=0x200620 rdi=0xfe620
guest step 201: rip=0x100010 rcx=315 rsi=0x200628 rdi=0xfe628
guest step 202: rip=0x100010 rcx=314 rsi=0x200630 rdi=0xfe630
guest step 203: rip=0x100010 rcx=313 rsi=0x200638 rdi=0xfe638
guest step 204: rip=0x100010 rcx=312 rsi=0x200640 rdi=0xfe640
guest step 205: rip=0x100010 rcx=311 rsi=0x200648 rdi=0xfe648
guest step 206: rip=0x100010 rcx=310 rsi=0x200650 rdi=0xfe650
guest step 207: rip=0x100010 rcx=309 rsi=0x200658 rdi=0xfe658
guest step 208: rip=0x100010 rcx=308 rsi=0x200660 rdi=0xfe660
guest step 209: rip=0x100010 rcx=307 rsi=0x200668 rdi=0xfe668
guest step 210: rip=0x100010 rcx=306 rsi=0x200670 rdi=0xfe670
guest step 211: rip=0x100010 rcx=305 rsi=0x200678 rdi=0xfe678
guest step 212: rip=0x100010 rcx=304 rsi=0x200680 rdi=0xfe680
guest step 213: rip=0x100010 rcx=303 rsi=0x200688 rdi=0xfe688
guest step 214: rip=0x100010 rcx=302 rsi=0x200690 rdi=0xfe690
guest step 215: rip=0x100010 rcx=301 rsi=0x200698 rdi=0xfe698
guest step 216: rip=0x100010 rcx=300 rsi=0x2006a0 rdi=0xfe6a0
guest step 217: rip=0x100010 rcx=299 rsi=0x2006a8 rdi=0xfe6a8
guest step 218: rip=0x100010 rcx=298 rsi=0x2006b0 rdi=0xfe6b0
guest step 219: rip=0x100010 rcx=297 rsi=0x2006b8 rdi=0xfe6b8
guest step 220: rip=0x100010 rcx=296 rsi=0x2006c0 rdi=0xfe6c0
guest step 221: rip=0x100010 rcx=295 rsi=0x2006c8 rdi=0xfe6c8
guest step 222: rip=0x100010 rcx=294 rsi=0x2006d0 rdi=0xfe6d0
guest step 223: rip=0x100010 rcx=293 rsi=0x2006d8 rdi=0xfe6d8
guest step 224: rip=0x100010 rcx=292 rsi=0x2006e0 rdi=0xfe6e0
guest step 225: rip=0x100010 rcx=291 rsi=0x2006e8 rdi=0xfe6e8
guest step 226: rip=0x100010 rcx=290 rsi=0x2006f0 rdi=0xfe6f0
guest step 227: rip=0x100010 rcx=289 rsi=0x2006f8 rdi=0xfe6f8
guest step 228: rip=0x100010 rcx=288 rsi=0x200700 rdi=0xfe700
guest step 229: rip=0x100010 rcx=287 rsi=0x200708 rdi=0xfe708
guest step 230: rip=0x100010 rcx=286 rsi=0x200710 rdi=0xfe710
guest step 231: rip=0x100010 rcx=285 rsi=0x200718 rdi=0xfe718
guest step 232: rip=0x100010 rcx=284 rsi=0x200720 rdi=0xfe720
guest step 233: rip=0x100010 rcx=283 rsi=0x200728 rdi=0xfe728
guest step 234: rip=0x100010 rcx=282 rsi=0x200730 rdi=0xfe730
guest step 235: rip=0x100010 rcx=281 rsi=0x200738 rdi=0xfe738
guest step 236: rip=0x100010 rcx=280 rsi=0x200740 rdi=0xfe740
guest step 237: rip=0x100010 rcx=279 rsi=0x200748 rdi=0xfe748
guest step 238: rip=0x100010 rcx=278 rsi=0x200750 rdi=0xfe750
guest step 239: rip=0x100010 rcx=277 rsi=0x200758 rdi=0xfe758
guest step 240: rip=0x100010 rcx=276 rsi=0x200760 rdi=0xfe760
guest step 241: rip=0x100010 rcx=275 rsi=0x200768 rdi=0xfe768
guest step 242: rip=0x100010 rcx=274 rsi=0x200770 rdi=0xfe770
guest step 243: rip=0x100010 rcx=273 rsi=0x200778 rdi=0xfe778
guest step 244: rip=0x100010 rcx=272 rsi=0x200780 rdi=0xfe780
guest step 245: rip=0x100010 rcx=271 rsi=0x200788 rdi=0xfe788
guest step 246: rip=0x100010 rcx=270 rsi=0x200790 rdi=0xfe790
guest step 247: rip=0x100010 rcx=269 rsi=0x200798 rdi=0xfe798
guest step 248: rip=0x100010 rcx=268 rsi=0x2007a0 rdi=0xfe7a0
guest step 249: rip=0x100010 rcx=267 rsi=0x2007a8 rdi=0xfe7a8
guest step 250: rip=0x100010 rcx=266 rsi=0x2007b0 rdi=0xfe7b0
guest step 251: rip=0x100010 rcx=265 rsi=0x2007b8 rdi=0xfe7b8
guest step 252: rip=0x100010 rcx=264 rsi=0x2007c0 rdi=0xfe7c0
guest step 253: rip=0x100010 rcx=263 rsi=0x2007c8 rdi=0xfe7c8
guest step 254: rip=0x100010 rcx=262 rsi=0x2007d0 rdi=0xfe7d0
guest step 255: rip=0x100010 rcx=261 rsi=0x2007d8 rdi=0xfe7d8
guest step 256: rip=0x100010 rcx=260 rsi=0x2007e0 rdi=0xfe7e0
guest step 257: rip=0x100010 rcx=259 rsi=0x2007e8 rdi=0xfe7e8
guest step 258: rip=0x100010 rcx=258 rsi=0x2007f0 rdi=0xfe7f0
guest step 259: rip=0x100010 rcx=257 rsi=0x2007f8 rdi=0xfe7f8
guest step 260: rip=0x100010 rcx=256 rsi=0x200800 rdi=0xfe800
guest step 261: rip=0x100010 rcx=255 rsi=0x200808 rdi=0xfe808
guest step 262: rip=0x100010 rcx=254 rsi=0x200810 rdi=0xfe810
guest step 263: rip=0x100010 rcx=253 rsi=0x200818 rdi=0xfe818
guest step 264: rip=0x100010 rcx=252 rsi=0x200820 rdi=0xfe820
guest step 265: rip=0x100010 rcx=251 rsi=0x200828 rdi=0xfe828
guest step 266: rip=0x100010 rcx=250 rsi=0x200830 rdi=0xfe830
guest step 267: rip=0x100010 rcx=249 rsi=0x200838 rdi=0xfe838
guest step 268: rip=0x100010 rcx=248 rsi=0x200840 rdi=0xfe840
guest step 269: rip=0x100010 rcx=247 rsi=0x200848 rdi=0xfe848
guest step 270: rip=0x100010 rcx=246 rsi=0x200850 rdi=0xfe850
guest step 271: rip=0x100010 rcx=245 rsi=0x200858 rdi=0xfe858
guest step 272: rip=0x100010 rcx=244 rsi=0x200860 rdi=0xfe860
guest step 273: rip=0x100010 rcx=243 rsi=0x200868 rdi=0xfe868
guest step 274: rip=0x100010 rcx=242 rsi=0x200870 rdi=0xfe870
guest step 275: rip=0x100010 rcx=241 rsi=0x200878 rdi=0xfe878
guest step 276: rip=0x100010 rcx=240 rsi=0x200880 rdi=0xfe880
guest step 277: rip=0x100010 rcx=239 rsi=0x200888 rdi=0xfe888
guest step 278: rip=0x100010 rcx=238 rsi=0x200890 rdi=0xfe890
guest step 279: rip=0x100010 rcx=237 rsi=0x200898 rdi=0xfe898
guest step 280: rip=0x100010 rcx=236 rsi=0x2008a0 rdi=0xfe8a0
guest step 281: rip=0x100010 rcx=235 rsi=0x2008a8 rdi=0xfe8a8
guest step 282: rip=0x100010 rcx=234 rsi=0x2008b0 rdi=0xfe8b0
guest step 283: rip=0x100010 rcx=233 rsi=0x2008b8 rdi=0xfe8b8
guest step 284: rip=0x100010 rcx=232 rsi=0x2008c0 rdi=0xfe8c0
guest step 285: rip=0x100010 rcx=231 rsi=0x2008c8 rdi=0xfe8c8
guest step 286: rip=0x100010 rcx=230 rsi=0x2008d0 rdi=0xfe8d0
guest step 287: rip=0x100010 rcx=229 rsi=0x2008d8 rdi=0xfe8d8
guest step 288: rip=0x100010 rcx=228 rsi=0x2008e0 rdi=0xfe8e0
guest step 289: rip=0x100010 rcx=227 rsi=0x2008e8 rdi=0xfe8e8
guest step 290: rip=0x100010 rcx=226 rsi=0x2008f0 rdi=0xfe8f0
guest step 291: rip=0x100010 rcx=225 rsi=0x2008f8 rdi=0xfe8f8
guest step 292: rip=0x100010 rcx=224 rsi=0x200900 rdi=0xfe900
guest step 293: rip=0x100010 rcx=223 rsi=0x200908 rdi=0xfe908
guest step 294: rip=0x100010 rcx=222 rsi=0x200910 rdi=0xfe910
guest step 295: rip=0x100010 rcx=221 rsi=0x200918 rdi=0xfe918
guest step 296: rip=0x100010 rcx=220 rsi=0x200920 rdi=0xfe920
guest step 297: rip=0x100010 rcx=219 rsi=0x200928 rdi=0xfe928
guest step 298: rip=0x100010 rcx=218 rsi=0x200930 rdi=0xfe930
guest step 299: rip=0x100010 rcx=217 rsi=0x200938 rdi=0xfe938
guest step 300: rip=0x100010 rcx=216 rsi=0x200940 rdi=0xfe940
guest step 301: rip=0x100010 rcx=215 rsi=0x200948 rdi=0xfe948
guest step 302: rip=0x100010 rcx=214 rsi=0x200950 rdi=0xfe950
guest step 303: rip=0x100010 rcx=213 rsi=0x200958 rdi=0xfe958
guest step 304: rip=0x100010 rcx=212 rsi=0x200960 rdi=0xfe960
guest step 305: rip=0x100010 rcx=211 rsi=0x200968 rdi=0xfe968
guest step 306: rip=0x100010 rcx=210 rsi=0x200970 rdi=0xfe970
guest step 307: rip=0x100010 rcx=209 rsi=0x200978 rdi=0xfe978
guest step 308: rip=0x100010 rcx=208 rsi=0x200980 rdi=0xfe980
guest step 309: rip=0x100010 rcx=207 rsi=0x200988 rdi=0xfe988
guest step 310: rip=0x100010 rcx=206 rsi=0x200990 rdi=0xfe990
guest step 311: rip=0x100010 rcx=205 rsi=0x200998 rdi=0xfe998
guest step 312: rip=0x100010 rcx=204 rsi=0x2009a0 rdi=0xfe9a0
guest step 313: rip=0x100010 rcx=203 rsi=0x2009a8 rdi=0xfe9a8
guest step 314: rip=0x100010 rcx=202 rsi=0x2009b0 rdi=0xfe9b0
guest step 315: rip=0x100010 rcx=201 rsi=0x2009b8 rdi=0xfe9b8
guest step 316: rip=0x100010 rcx=200 rsi=0x2009c0 rdi=0xfe9c0
guest step 317: rip=0x100010 rcx=199 rsi=0x2009c8 rdi=0xfe9c8
guest step 318: rip=0x100010 rcx=198 rsi=0x2009d0 rdi=0xfe9d0
guest step 319: rip=0x100010 rcx=197 rsi=0x2009d8 rdi=0xfe9d8
guest step 320: rip=0x100010 rcx=196 rsi=0x2009e0 rdi=0xfe9e0
guest step 321: rip=0x100010 rcx=195 rsi=0x2009e8 rdi=0xfe9e8
guest step 322: rip=0x100010 rcx=194 rsi=0x2009f0 rdi=0xfe9f0
guest step 323: rip=0x100010 rcx=193 rsi=0x2009f8 rdi=0xfe9f8
guest step 324: rip=0x100010 rcx=192 rsi=0x200a00 rdi=0xfea00
guest step 325: rip=0x100010 rcx=191 rsi=0x200a08 rdi=0xfea08
guest step 326: rip=0x100010 rcx=190 rsi=0x200a10 rdi=0xfea10
guest step 327: rip=0x100010 rcx=189 rsi=0x200a18 rdi=0xfea18
guest step 328: rip=0x100010 rcx=188 rsi=0x200a20 rdi=0xfea20
guest step 329: rip=0x100010 rcx=187 rsi=0x200a28 rdi=0xfea28
guest step 330: rip=0x100010 rcx=186 rsi=0x200a30 rdi=0xfea30
guest step 331: rip=0x100010 rcx=185 rsi=0x200a38 rdi=0xfea38
guest step 332: rip=0x100010 rcx=184 rsi=0x200a40 rdi=0xfea40
guest step 333: rip=0x100010 rcx=183 rsi=0x200a48 rdi=0xfea48
guest step 334: rip=0x100010 rcx=182 rsi=0x200a50 rdi=0xfea50
guest step 335: rip=0x100010 rcx=181 rsi=0x200a58 rdi=0xfea58
guest step 336: rip=0x100010 rcx=180 rsi=0x200a60 rdi=0xfea60
guest step 337: rip=0x100010 rcx=179 rsi=0x200a68 rdi=0xfea68
guest step 338: rip=0x100010 rcx=178 rsi=0x200a70 rdi=0xfea70
guest step 339: rip=0x100010 rcx=177 rsi=0x200a78 rdi=0xfea78
guest step 340: rip=0x100010 rcx=176 rsi=0x200a80 rdi=0xfea80
guest step 341: rip=0x100010 rcx=175 rsi=0x200a88 rdi=0xfea88
guest step 342: rip=0x100010 rcx=174 rsi=0x200a90 rdi=0xfea90
guest step 343: rip=0x100010 rcx=173 rsi=0x200a98 rdi=0xfea98
guest step 344: rip=0x100010 rcx=172 rsi=0x200aa0 rdi=0xfeaa0
guest step 345: rip=0x100010 rcx=171 rsi=0x200aa8 rdi=0xfeaa8
guest step 346: rip=0x100010 rcx=170 rsi=0x200ab0 rdi=0xfeab0
guest step 347: rip=0x100010 rcx=169 rsi=0x200ab8 rdi=0xfeab8
guest step 348: rip=0x100010 rcx=168 rsi=0x200ac0 rdi=0xfeac0
guest step 349: rip=0x100010 rcx=167 rsi=0x200ac8 rdi=0xfeac8
guest step 350: rip=0x100010 rcx=166 rsi=0x200ad0 rdi=0xfead0
guest step 351: rip=0x100010 rcx=165 rsi=0x200ad8 rdi=0xfead8
guest step 352: rip=0x100010 rcx=164 rsi=0x200ae0 rdi=0xfeae0
guest step 353: rip=0x100010 rcx=163 rsi=0x200ae8 rdi=0xfeae8
guest step 354: rip=0x100010 rcx=162 rsi=0x200af0 rdi=0xfeaf0
guest step 355: rip=0x100010 rcx=161 rsi=0x200af8 rdi=0xfeaf8
guest step 356: rip=0x100010 rcx=160 rsi=0x200b00 rdi=0xfeb00
guest step 357: rip=0x100010 rcx=159 rsi=0x200b08 rdi=0xfeb08
guest step 358: rip=0x100010 rcx=158 rsi=0x200b10 rdi=0xfeb10
guest step 359: rip=0x100010 rcx=157 rsi=0x200b18 rdi=0xfeb18
guest step 360: rip=0x100010 rcx=156 rsi=0x200b20 rdi=0xfeb20
guest step 361: rip=0x100010 rcx=155 rsi=0x200b28 rdi=0xfeb28
guest step 362: rip=0x100010 rcx=154 rsi=0x200b30 rdi=0xfeb30
guest step 363: rip=0x100010 rcx=153 rsi=0x200b38 rdi=0xfeb38
guest step 364: rip=0x100010 rcx=152 rsi=0x200b40 rdi=0xfeb40
guest step 365: rip=0x100010 rcx=151 rsi=0x200b48 rdi=0xfeb48
guest step 366: rip=0x100010 rcx=150 rsi=0x200b50 rdi=0xfeb50
guest step 367: rip=0x100010 rcx=149 rsi=0x200b58 rdi=0xfeb58
guest step 368: rip=0x100010 rcx=148 rsi=0x200b60 rdi=0xfeb60
guest step 369: rip=0x100010 rcx=147 rsi=0x200b68 rdi=0xfeb68
guest step 370: rip=0x100010 rcx=146 rsi=0x200b70 rdi=0xfeb70
guest step 371: rip=0x100010 rcx=145 rsi=0x200b78 rdi=0xfeb78
guest step 372: rip=0x100010 rcx=144 rsi=0x200b80 rdi=0xfeb80
guest step 373: rip=0x100010 rcx=143 rsi=0x200b88 rdi=0xfeb88
guest step 374: rip=0x100010 rcx=142 rsi=0x200b90 rdi=0xfeb90
guest step 375: rip=0x100010 rcx=141 rsi=0x200b98 rdi=0xfeb98
guest step 376: rip=0x100010 rcx=140 rsi=0x200ba0 rdi=0xfeba0
guest step 377: rip=0x100010 rcx=139 rsi=0x200ba8 rdi=0xfeba8
guest step 378: rip=0x100010 rcx=138 rsi=0x200bb0 rdi=0xfebb0
guest step 379: rip=0x100010 rcx=137 rsi=0x200bb8 rdi=0xfebb8
guest step 380: rip=0x100010 rcx=136 rsi=0x200bc0 rdi=0xfebc0
guest step 381: rip=0x100010 rcx=135 rsi=0x200bc8 rdi=0xfebc8
guest step 382: rip=0x100010 rcx=134 rsi=0x200bd0 rdi=0xfebd0
guest step 383: rip=0x100010 rcx=133 rsi=0x200bd8 rdi=0xfebd8
guest step 384: rip=0x100010 rcx=132 rsi=0x200be0 rdi=0xfebe0
guest step 385: rip=0x100010 rcx=131 rsi=0x200be8 rdi=0xfebe8
guest step 386: rip=0x100010 rcx=130 rsi=0x200bf0 rdi=0xfebf0
guest step 387: rip=0x100010 rcx=129 rsi=0x200bf8 rdi=0xfebf8
guest step 388: rip=0x100010 rcx=128 rsi=0x200c00 rdi=0xfec00
guest step 389: rip=0x100010 rcx=127 rsi=0x200c08 rdi=0xfec08
guest step 390: rip=0x100010 rcx=126 rsi=0x200c10 rdi=0xfec10
guest step 391: rip=0x100010 rcx=125 rsi=0x200c18 rdi=0xfec18
guest step 392: rip=0x100010 rcx=124 rsi=0x200c20 rdi=0xfec20
guest step 393: rip=0x100010 rcx=123 rsi=0x200c28 rdi=0xfec28
guest step 394: rip=0x100010 rcx=122 rsi=0x200c30 rdi=0xfec30
guest step 395: rip=0x100010 rcx=121 rsi=0x200c38 rdi=0xfec38
guest step 396: rip=0x100010 rcx=120 rsi=0x200c40 rdi=0xfec40
guest step 397: rip=0x100010 rcx=119 rsi=0x200c48 rdi=0xfec48
guest step 398: rip=0x100010 rcx=118 rsi=0x200c50 rdi=0xfec50
guest step 399: rip=0x100010 rcx=117 rsi=0x200c58 rdi=0xfec58
guest step 400: rip=0x100010 rcx=116 rsi=0x200c60 rdi=0xfec60
guest step 401: rip=0x100010 rcx=115 rsi=0x200c68 rdi=0xfec68
guest step 402: rip=0x100010 rcx=114 rsi=0x200c70 rdi=0xfec70
guest step 403: rip=0x100010 rcx=113 rsi=0x200c78 rdi=0xfec78
guest step 404: rip=0x100010 rcx=112 rsi=0x200c80 rdi=0xfec80
guest step 405: rip=0x100010 rcx=111 rsi=0x200c88 rdi=0xfec88
guest step 406: rip=0x100010 rcx=110 rsi=0x200c90 rdi=0xfec90
guest step 407: rip=0x100010 rcx=109 rsi=0x200c98 rdi=0xfec98
guest step 408: rip=0x100010 rcx=108 rsi=0x200ca0 rdi=0xfeca0
guest step 409: rip=0x100010 rcx=107 rsi=0x200ca8 rdi=0xfeca8
guest step 410: rip=0x100010 rcx=106 rsi=0x200cb0 rdi=0xfecb0
guest step 411: rip=0x100010 rcx=105 rsi=0x200cb8 rdi=0xfecb8
guest step 412: rip=0x100010 rcx=104 rsi=0x200cc0 rdi=0xfecc0
guest step 413: rip=0x100010 rcx=103 rsi=0x200cc8 rdi=0xfecc8
guest step 414: rip=0x100010 rcx=102 rsi=0x200cd0 rdi=0xfecd0
guest step 415: rip=0x100010 rcx=101 rsi=0x200cd8 rdi=0xfecd8
guest step 416: rip=0x100010 rcx=100 rsi=0x200ce0 rdi=0xfece0
guest step 417: rip=0x100010 rcx=99 rsi=0x200ce8 rdi=0xfece8
guest step 418: rip=0x100010 rcx=98 rsi=0x200cf0 rdi=0xfecf0
guest step 419: rip=0x100010 rcx=97 rsi=0x200cf8 rdi=0xfecf8
guest step 420: rip=0x100010 rcx=96 rsi=0x200d00 rdi=0xfed00
guest step 421: rip=0x100010 rcx=95 rsi=0x200d08 rdi=0xfed08
guest step 422: rip=0x100010 rcx=94 rsi=0x200d10 rdi=0xfed10
guest step 423: rip=0x100010 rcx=93 rsi=0x200d18 rdi=0xfed18
guest step 424: rip=0x100010 rcx=92 rsi=0x200d20 rdi=0xfed20
guest step 425: rip=0x100010 rcx=91 rsi=0x200d28 rdi=0xfed28
guest step 426: rip=0x100010 rcx=90 rsi=0x200d30 rdi=0xfed30
guest step 427: rip=0x100010 rcx=89 rsi=0x200d38 rdi=0xfed38
guest step 428: rip=0x100010 rcx=88 rsi=0x200d40 rdi=0xfed40
guest step 429: rip=0x100010 rcx=87 rsi=0x200d48 rdi=0xfed48
guest step 430: rip=0x100010 rcx=86 rsi=0x200d50 rdi=0xfed50
guest step 431: rip=0x100010 rcx=85 rsi=0x200d58 rdi=0xfed58
guest step 432: rip=0x100010 rcx=84 rsi=0x200d60 rdi=0xfed60
guest step 433: rip=0x100010 rcx=83 rsi=0x200d68 rdi=0xfed68
guest step 434: rip=0x100010 rcx=82 rsi=0x200d70 rdi=0xfed70
guest step 435: rip=0x100010 rcx=81 rsi=0x200d78 rdi=0xfed78
guest step 436: rip=0x100010 rcx=80 rsi=0x200d80 rdi=0xfed80
guest step 437: rip=0x100010 rcx=79 rsi=0x200d88 rdi=0xfed88
guest step 438: rip=0x100010 rcx=78 rsi=0x200d90 rdi=0xfed90
guest step 439: rip=0x100010 rcx=77 rsi=0x200d98 rdi=0xfed98
guest step 440: rip=0x100010 rcx=76 rsi=0x200da0 rdi=0xfeda0
guest step 441: rip=0x100010 rcx=75 rsi=0x200da8 rdi=0xfeda8
guest step 442: rip=0x100010 rcx=74 rsi=0x200db0 rdi=0xfedb0
guest step 443: rip=0x100010 rcx=73 rsi=0x200db8 rdi=0xfedb8
guest step 444: rip=0x100010 rcx=72 rsi=0x200dc0 rdi=0xfedc0
guest step 445: rip=0x100010 rcx=71 rsi=0x200dc8 rdi=0xfedc8
guest step 446: rip=0x100010 rcx=70 rsi=0x200dd0 rdi=0xfedd0
guest step 447: rip=0x100010 rcx=69 rsi=0x200dd8 rdi=0xfedd8
guest step 448: rip=0x100010 rcx=68 rsi=0x200de0 rdi=0xfede0
guest step 449: rip=0x100010 rcx=67 rsi=0x200de8 rdi=0xfede8
guest step 450: rip=0x100010 rcx=66 rsi=0x200df0 rdi=0xfedf0
guest step 451: rip=0x100010 rcx=65 rsi=0x200df8 rdi=0xfedf8
guest step 452: rip=0x100010 rcx=64 rsi=0x200e00 rdi=0xfee00
guest step 453: rip=0x100010 rcx=63 rsi=0x200e08 rdi=0xfee08
guest step 454: rip=0x100010 rcx=62 rsi=0x200e10 rdi=0xfee10
guest step 455: rip=0x100010 rcx=61 rsi=0x200e18 rdi=0xfee18
guest step 456: rip=0x100010 rcx=60 rsi=0x200e20 rdi=0xfee20
guest step 457: rip=0x100010 rcx=59 rsi=0x200e28 rdi=0xfee28
guest step 458: rip=0x100010 rcx=58 rsi=0x200e30 rdi=0xfee30
guest step 459: rip=0x100010 rcx=57 rsi=0x200e38 rdi=0xfee38
guest step 460: rip=0x100010 rcx=56 rsi=0x200e40 rdi=0xfee40
guest step 461: rip=0x100010 rcx=55 rsi=0x200e48 rdi=0xfee48
guest step 462: rip=0x100010 rcx=54 rsi=0x200e50 rdi=0xfee50
guest step 463: rip=0x100010 rcx=53 rsi=0x200e58 rdi=0xfee58
guest step 464: rip=0x100010 rcx=52 rsi=0x200e60 rdi=0xfee60
guest step 465: rip=0x100010 rcx=51 rsi=0x200e68 rdi=0xfee68
guest step 466: rip=0x100010 rcx=50 rsi=0x200e70 rdi=0xfee70
guest step 467: rip=0x100010 rcx=49 rsi=0x200e78 rdi=0xfee78
guest step 468: rip=0x100010 rcx=48 rsi=0x200e80 rdi=0xfee80
guest step 469: rip=0x100010 rcx=47 rsi=0x200e88 rdi=0xfee88
guest step 470: rip=0x100010 rcx=46 rsi=0x200e90 rdi=0xfee90
guest step 471: rip=0x100010 rcx=45 rsi=0x200e98 rdi=0xfee98
guest step 472: rip=0x100010 rcx=44 rsi=0x200ea0 rdi=0xfeea0
guest step 473: rip=0x100010 rcx=43 rsi=0x200ea8 rdi=0xfeea8
guest step 474: rip=0x100010 rcx=42 rsi=0x200eb0 rdi=0xfeeb0
guest step 475: rip=0x100010 rcx=41 rsi=0x200eb8 rdi=0xfeeb8
guest step 476: rip=0x100010 rcx=40 rsi=0x200ec0 rdi=0xfeec0
guest step 477: rip=0x100010 rcx=39 rsi=0x200ec8 rdi=0xfeec8
guest step 478: rip=0x100010 rcx=38 rsi=0x200ed0 rdi=0xfeed0
guest step 479: rip=0x100010 rcx=37 rsi=0x200ed8 rdi=0xfeed8
guest step 480: rip=0x100010 rcx=36 rsi=0x200ee0 rdi=0xfeee0
guest step 481: rip=0x100010 rcx=35 rsi=0x200ee8 rdi=0xfeee8
guest step 482: rip=0x100010 rcx=34 rsi=0x200ef0 rdi=0xfeef0
guest step 483: rip=0x100010 rcx=33 rsi=0x200ef8 rdi=0xfeef8
guest step 484: rip=0x100010 rcx=32 rsi=0x200f00 rdi=0xfef00
guest step 485: rip=0x100010 rcx=31 rsi=0x200f08 rdi=0xfef08
guest step 486: rip=0x100010 rcx=30 rsi=0x200f10 rdi=0xfef10
guest step 487: rip=0x100010 rcx=29 rsi=0x200f18 rdi=0xfef18
guest step 488: rip=0x100010 rcx=28 rsi=0x200f20 rdi=0xfef20
guest step 489: rip=0x100010 rcx=27 rsi=0x200f28 rdi=0xfef28
guest step 490: rip=0x100010 rcx=26 rsi=0x200f30 rdi=0xfef30
guest step 491: rip=0x100010 rcx=25 rsi=0x200f38 rdi=0xfef38
guest step 492: rip=0x100010 rcx=24 rsi=0x200f40 rdi=0xfef40
guest step 493: rip=0x100010 rcx=23 rsi=0x200f48 rdi=0xfef48
guest step 494: rip=0x100010 rcx=22 rsi=0x200f50 rdi=0xfef50
guest step 495: rip=0x100010 rcx=21 rsi=0x200f58 rdi=0xfef58
guest step 496: rip=0x100010 rcx=20 rsi=0x200f60 rdi=0xfef60
guest step 497: rip=0x100010 rcx=19 rsi=0x200f68 rdi=0xfef68
guest step 498: rip=0x100010 rcx=18 rsi=0x200f70 rdi=0xfef70
guest step 499: rip=0x100010 rcx=17 rsi=0x200f78 rdi=0xfef78
guest step 500: rip=0x100010 rcx=16 rsi=0x200f80 rdi=0xfef80
guest step 501: rip=0x100010 rcx=15 rsi=0x200f88 rdi=0xfef88
guest step 502: rip=0x100010 rcx=14 rsi=0x200f90 rdi=0xfef90
guest step 503: rip=0x100010 rcx=13 rsi=0x200f98 rdi=0xfef98
guest step 504: rip=0x100010 rcx=12 rsi=0x200fa0 rdi=0xfefa0
guest step 505: rip=0x100010 rcx=11 rsi=0x200fa8 rdi=0xfefa8
guest step 506: rip=0x100010 rcx=10 rsi=0x200fb0 rdi=0xfefb0
guest step 507: rip=0x100010 rcx=9 rsi=0x200fb8 rdi=0xfefb8
guest step 508: rip=0x100010 rcx=8 rsi=0x200fc0 rdi=0xfefc0
guest step 509: rip=0x100010 rcx=7 rsi=0x200fc8 rdi=0xfefc8
guest step 510: rip=0x100010 rcx=6 rsi=0x200fd0 rdi=0xfefd0
guest step 511: rip=0x100010 rcx=5 rsi=0x200fd8 rdi=0xfefd8
guest step 512: rip=0x100010 rcx=4 rsi=0x200fe0 rdi=0xfefe0
guest step 513: rip=0x100010 rcx=3 rsi=0x200fe8 rdi=0xfefe8
guest step 514: rip=0x100010 rcx=2 rsi=0x200ff0 rdi=0xfeff0
guest step 515: rip=0x100010 rcx=1 rsi=0x200ff8 rdi=0xfeff8
guest step 516: rip=0x100013 rcx=0 rsi=0x201000 rdi=0xff000
guest step 517: rip=0x100017 rcx=0 rsi=0x201000 rdi=0xff000
guest step 518: rip=0x100019 rcx=0 rsi=0x201000 rdi=0xff000
guest step 519: rip=0x100019 rcx=0 rsi=0x201000 rdi=0xff000
guest step 520: rip=0x10001a rcx=0 rsi=0x201000 rdi=0xff000
guest step 521: rip=0x10001f rcx=0 rsi=0x201000 rdi=0xff000
guest step 522: rip=0x100022 rcx=0 rsi=0x201000 rdi=0xff000
guest step 523: rip=0x100023 rcx=0 rsi=0x201000 rdi=0xff000
