ChaosControl development environment
Rust: rustc 1.98.0 (88d9e12ae 2026-08-18)
Clang: clang version 21.1.8

Commands:
  cargo build              Build VMM + tools
  cargo test               Run unit tests
  cargo clippy             Lint

Guests & Initrds (Nix):
  nix build .#guest-raft   Build Raft guest binary
  nix build .#initrd-raft  Build Raft initrd image
  nix build .#guest-sdk    Build SDK guest binary
  nix build .#guest-net    Build net guest binary

Exploration:
  nix run .#explore-raft   Run Raft exploration (builds everything)
  nix run .#explore        Run explorer with manual args

Kernels:
  nix build .#net-vmlinux       Virtio-net kernel
  nix build .#kcov-vmlinux      KCOV kernel
  nix build .#kcov-net-vmlinux  Both

CI:
  nix flake check          All checks (build, test, clippy, fmt)
  nix build .#raft-sim     Run simulation test (needs KVM, ~10 min)
   Compiling chaoscontrol-explore v0.1.0 (/home/brittonr/git/OnixResearch/.worktrees/chaoscontrol-protocol-observation-20260904/crates/chaoscontrol-explore)
error[E0609]: no field `pit` on type `&mut (VmSnapshot, VmStatus)`
   --> crates/chaoscontrol-explore/tests/protocol/replay/fixture.rs:114:22
    |
114 |             snapshot.pit.channels[0].gate = 0;
    |                      ^^^ unknown field
    |
help: one of the expressions' fields has a field of the same name
    |
114 |             snapshot.0.pit.channels[0].gate = 0;
    |                      ++

For more information about this error, try `rustc --explain E0609`.
error: could not compile `chaoscontrol-explore` (test "protocol_observation") due to 1 previous error
