evaluating flake...
checking flake output 'lib'...
checking flake output 'packages'...
checking derivation packages.x86_64-linux.default...
derivation evaluated to /nix/store/znxxxndq2v6wpdw5b8b0kwnclx95kdcs-chaoscontrol-0.1.0.drv
checking derivation packages.x86_64-linux.guest-sdk...
derivation evaluated to /nix/store/s244dym4zqdlaj5a98w3k0p3aixdiq9z-chaoscontrol-guest-0.1.0.drv
checking derivation packages.x86_64-linux.guest-determinism-probe...
derivation evaluated to /nix/store/m86yz8kq7rki6765izbk62mg9rrcf2xj-chaoscontrol-guest-determinism-probe-0.1.0.drv
checking derivation packages.x86_64-linux.guest-raft...
derivation evaluated to /nix/store/4f1cm2jghs06c30r0zflc9cbgifyvj0k-chaoscontrol-raft-guest-0.1.0.drv
checking derivation packages.x86_64-linux.guest-net...
derivation evaluated to /nix/store/nv3dhl4lqb71rqwmkwi57w1y2va290xv-chaoscontrol-net-guest-0.1.0.drv
checking derivation packages.x86_64-linux.guest-redb...
derivation evaluated to /nix/store/mdpv0jq7mqrijh2hh86nsgp0mawcgaxw-chaoscontrol-redb-guest-0.1.0.drv
checking derivation packages.x86_64-linux.guest-rust-workload...
derivation evaluated to /nix/store/b02f84z4hwfsfj17c0n8lxjb49ky6ixd-chaoscontrol-rust-workload-guest-0.1.0.drv
checking derivation packages.x86_64-linux.guest-supervisor...
derivation evaluated to /nix/store/7ym3qmwn45flwiz3dfirv19561gfbsy4-chaoscontrol-sdk-0.1.0.drv
checking derivation packages.x86_64-linux.initrd-sdk...
derivation evaluated to /nix/store/a30pahdbpx4m79a8ihs3w5nrsnk5sk9b-chaoscontrol-initrd-sdk.drv
checking derivation packages.x86_64-linux.initrd-determinism-probe...
derivation evaluated to /nix/store/5wzni9xpwwp52gsk27fkz2csz4h4vx47-chaoscontrol-initrd-determinism-probe.drv
checking derivation packages.x86_64-linux.initrd-raft...
derivation evaluated to /nix/store/rqb5ijhgxqjjq7bl3md5jzx4lsfj0izs-chaoscontrol-initrd-raft.drv
checking derivation packages.x86_64-linux.initrd-net...
derivation evaluated to /nix/store/gdd6ip29qzps9lyk7bxsjgnywbab5i06-chaoscontrol-initrd-net.drv
checking derivation packages.x86_64-linux.initrd-redb...
derivation evaluated to /nix/store/x5mcslp6bjf879vm24wgps11jcj5cfx7-chaoscontrol-initrd-redb.drv
checking derivation packages.x86_64-linux.initrd-rust-workload...
derivation evaluated to /nix/store/w2qj4c7xi0z4ar07gy5vh6k7isljbd1j-chaoscontrol-initrd-rust-workload.drv
checking derivation packages.x86_64-linux.initrd-multiprocess...
derivation evaluated to /nix/store/rjb75zqamg91wmrq33ah3i3wy1ss45cd-chaoscontrol-initrd-multiprocess.drv
checking derivation packages.x86_64-linux.redb-disk-image...
derivation evaluated to /nix/store/smr9nf644lykjg18rjjdmwhzjc2haasb-redb-disk-image.drv
checking derivation packages.x86_64-linux.chaoscontrol-vmm...
derivation evaluated to /nix/store/znxxxndq2v6wpdw5b8b0kwnclx95kdcs-chaoscontrol-0.1.0.drv
checking derivation packages.x86_64-linux.oci-intake...
derivation evaluated to /nix/store/41xqyglmy6zhwcnq41fkalgd3bf20bl2-chaoscontrol-oci-intake-0.1.0.drv
checking derivation packages.x86_64-linux.guest-determinism-gate...
derivation evaluated to /nix/store/6mpx14p0i7rzzgvy7yh0hy1djn97a92m-chaoscontrol-guest-determinism-gate-0.1.0.drv
checking derivation packages.x86_64-linux.raft-accepted-verdict-dogfood...
derivation evaluated to /nix/store/y79xxlf3wsam08gq3n37d8q16inc3b2k-raft-accepted-verdict-dogfood.drv
checking derivation packages.x86_64-linux.redb-accepted-verdict-dogfood...
derivation evaluated to /nix/store/rcbsm8xdharar4ddw09h5inmvcylyjyl-redb-accepted-verdict-dogfood.drv
checking derivation packages.x86_64-linux.net-accepted-verdict-dogfood...
derivation evaluated to /nix/store/515f8kakq8mrnijp8lshgbdczham4m7x-net-accepted-verdict-dogfood.drv
checking derivation packages.x86_64-linux.rust-workload-accepted-verdict-dogfood...
derivation evaluated to /nix/store/839zjwgzcyv85bvdskh5iqcr28b0yqm3-rust-workload-accepted-verdict-dogfood.drv
checking derivation packages.x86_64-linux.accepted-verdict-dogfood-config...
derivation evaluated to /nix/store/i20nqmd2phsbh6gil75p6q42b5xy65sm-accepted-verdict-dogfood-config.json.drv
checking derivation packages.x86_64-linux.replay-readiness...
derivation evaluated to /nix/store/w9zm5bzqyv96wmv3v916pfb7cc6ph303-replay-readiness.drv
checking derivation packages.x86_64-linux.scaffold-rust-workload...
derivation evaluated to /nix/store/8gklzj2l3ckpnnac874q0z6c2qmgfk5n-scaffold-rust-workload.drv
checking derivation packages.x86_64-linux.fresh-rust-workload-proof...
derivation evaluated to /nix/store/2w2ijcw9dpnk1a5jhva0vdw7pic9qjaq-fresh-rust-workload-proof.drv
checking derivation packages.x86_64-linux.vm-determinism-matrix...
derivation evaluated to /nix/store/ng7znazxavvvrq70ahxxdrgx4ncprrgw-vm-determinism-matrix.drv
checking derivation packages.x86_64-linux.replay-readiness-summary...
derivation evaluated to /nix/store/xra1khlpgdksvqilmv96bqpb2varsbd1-replay-readiness-summary.drv
checking derivation packages.x86_64-linux.replay-readiness-dashboard...
derivation evaluated to /nix/store/9agw54rg09qgc2v7ghzg8m27di1hzhjj-replay-readiness-dashboard.drv
checking derivation packages.x86_64-linux.replay-readiness-triage...
derivation evaluated to /nix/store/lpll013m8aix24rjl0dlgb7mz41zwaw8-replay-readiness-triage.drv
checking derivation packages.x86_64-linux.replay-readiness-fleet-index...
derivation evaluated to /nix/store/wdk9yhj99y61vxrwcr991aqj930vrbwm-replay-readiness-fleet-index.drv
checking derivation packages.x86_64-linux.replay-readiness-decision-receipt...
derivation evaluated to /nix/store/cczghg8nbr5nxhwi0kwfmyqnin0k0kkl-replay-readiness-decision-receipt.drv
checking derivation packages.x86_64-linux.replay-readiness-scheduler-receipt...
derivation evaluated to /nix/store/cn0254jf63bs5psk39kyvvs15mla1sd1-replay-readiness-scheduler-receipt.drv
checking derivation packages.x86_64-linux.in-process-simulator-receipt...
derivation evaluated to /nix/store/gfgpaqz91wlar27q6g6ksfpw5h8mvqv5-in-process-simulator-receipt.drv
checking derivation packages.x86_64-linux.local-multi-hypervisor-kvm-smoke...
derivation evaluated to /nix/store/m2x0wk9d1y8xhn4dlxvfvvpssp1m154v-local-multi-hypervisor-kvm-smoke.drv
checking derivation packages.x86_64-linux.replay-readiness-readme-status...
derivation evaluated to /nix/store/p839j9xn6gqp1vplhnmw7wimi5d18qf9-replay-readiness-readme-status.drv
checking derivation packages.x86_64-linux.cargo-tigerstyle...
derivation evaluated to /nix/store/i675hk4mr2svhbpz7ilv7jly4vpysw6i-cargo-octet-0.1.0.drv
checking derivation packages.x86_64-linux.tigerstyle-standards...
derivation evaluated to /nix/store/w5njs8pm48gd6rzsjcnbk29g7d8hjsq0-octet-standards-0.1.0.drv
checking derivation packages.x86_64-linux.verified-logic...
derivation evaluated to /nix/store/c3z245a5jqpl0hmf1ai9i8jzgb1nfq6w-verified-logic-0.2.0.drv
checking derivation packages.x86_64-linux.determinism-probe-vmlinux...
derivation evaluated to /nix/store/r0nhjyymj3xmkywcq0q87g2g7b0d13ak-chaoscontrol-vmlinux.drv
checking derivation packages.x86_64-linux.net-vmlinux...
derivation evaluated to /nix/store/m4nnxffwrzjlnqczph76sr1xsn3n0y0d-chaoscontrol-vmlinux.drv
checking derivation packages.x86_64-linux.kcov-vmlinux...
derivation evaluated to /nix/store/d9jgpxqp1fcjffc563w059n6rd8jwy91-chaoscontrol-vmlinux.drv
checking derivation packages.x86_64-linux.kcov-net-vmlinux...
derivation evaluated to /nix/store/vz4vngrnym8c2cjd5f2xs9gf376yw9k5-chaoscontrol-vmlinux.drv
checking derivation packages.x86_64-linux.raft-sim...
derivation evaluated to /nix/store/ay2j221jln739p9z1vclpjvfckxyzp66-chaoscontrol-test-raft-sim.drv
checking derivation packages.x86_64-linux.redb-sim...
derivation evaluated to /nix/store/0gff0f1yp7xygsjlm1yhxs0ld3pdp0cr-chaoscontrol-test-redb-sim.drv
checking derivation packages.x86_64-linux.rust-workload-sim...
derivation evaluated to /nix/store/j7b6jj45shkg7zm3bpsx14rbvmcs2sd7-chaoscontrol-test-rust-workload-sim.drv
checking derivation packages.x86_64-linux.rust-workload-local-report...
derivation evaluated to /nix/store/1rg3p63j8iqgvx24750vfqd6mzk53bgz-rust-workload-local-report.drv
checking derivation packages.x86_64-linux.docs...
derivation evaluated to /nix/store/2aww1z9xn1n26gc5mwvdzmyw3i0klbd8-chaoscontrol-docs.drv
checking flake output 'checks'...
checking derivation checks.x86_64-linux.replay-readiness...
derivation evaluated to /nix/store/kp7dy805fgr09zpb1vfgrsg87hsgx8nc-replay-readiness-check.drv
checking derivation checks.x86_64-linux.local-multi-hypervisor-kvm-smoke...
derivation evaluated to /nix/store/yfm82iir60000an3zvz8fxg7vp4yggyp-local-multi-hypervisor-kvm-smoke-check.drv
checking derivation checks.x86_64-linux.rustdoc...
derivation evaluated to /nix/store/kisc68fsyq7nw75aca3rb3l4l86m6wwi-chaoscontrol-doc-0.1.0.drv
checking derivation checks.x86_64-linux.package...
derivation evaluated to /nix/store/znxxxndq2v6wpdw5b8b0kwnclx95kdcs-chaoscontrol-0.1.0.drv
checking derivation checks.x86_64-linux.protocol-observation-tests...
derivation evaluated to /nix/store/f29nq5ia5123hq72s7fqj4s6k2688gvd-chaoscontrol-protocol-observation-test-0.1.0.drv
checking derivation checks.x86_64-linux.protocol-observation-contracts...
derivation evaluated to /nix/store/nsff48ngza3c35h5kdn39rvrqk4rf622-protocol-observation-contracts.drv
checking derivation checks.x86_64-linux.license-boundary...
derivation evaluated to /nix/store/ll7i4s2p00amr6873783ci481nqgdmwv-chaoscontrol-license-boundary.drv
checking derivation checks.x86_64-linux.vm-cohort-dependency...
derivation evaluated to /nix/store/h6s9s4y73vx3ipvk0xgdjlp4cw9y241b-chaoscontrol-vm-cohort-dependency.drv
checking derivation checks.x86_64-linux.vm-cohort-adoption-contract...
derivation evaluated to /nix/store/vrxc9sjybxz954yx9q4scmj9xiv6vds5-chaoscontrol-vm-cohort-adoption-contract.drv
checking derivation checks.x86_64-linux.nickel-cohort-exact...
derivation evaluated to /nix/store/lnwzzipd0y0ssks1r572b232aa18zxfb-chaoscontrol-nickel-cohort-exact.drv
checking derivation checks.x86_64-linux.clippy...
derivation evaluated to /nix/store/yr2zvhix114l73nj8hr50zvkj6y1wbg2-chaoscontrol-clippy-0.1.0.drv
checking derivation checks.x86_64-linux.fmt...
derivation evaluated to /nix/store/g6iry92g5qb4xidrrij7whkjrs6cwlgl-chaoscontrol-fmt-0.1.0.drv
checking derivation checks.x86_64-linux.tests...
derivation evaluated to /nix/store/rm6v9cwlcx9djdi4yk0ksrhv1gk8y99d-chaoscontrol-test-0.1.0.drv
checking derivation checks.x86_64-linux.property-coverage...
derivation evaluated to /nix/store/3kzss08hq6wqmrl1mmylhvjpdy8qcwqz-property-coverage-check.drv
checking derivation checks.x86_64-linux.ebpf-trace-evidence...
derivation evaluated to /nix/store/4s15j79yi7f9j7mrncbgbbnpgr44g7q3-ebpf-trace-evidence-check.drv
checking derivation checks.x86_64-linux.virtio-malicious-guest-kvm-smoke...
derivation evaluated to /nix/store/a18jzmq8w1zzak4n0j40q1yk9f4wl388-chaoscontrol-test-0.1.0.drv
checking derivation checks.x86_64-linux.profiling...
derivation evaluated to /nix/store/9qg4gy7a36h1v11c819jb42i7sarw49r-chaoscontrol-clippy-0.1.0.drv
checking derivation checks.x86_64-linux.nixfmt...
derivation evaluated to /nix/store/kqfww32qz3c3pbg5843y905gp9hkmhdg-nixfmt-check.drv
checking derivation checks.x86_64-linux.dependency-audit...
derivation evaluated to /nix/store/9apg4pm4j7cfj8d4fqxw3nmcvgcv8gmb-dependency-audit-check.drv
checking derivation checks.x86_64-linux.dependency-policy...
derivation evaluated to /nix/store/2cry88xl8s4cmckmzdcc40pr3hf69j5p-chaoscontrol-deny-0.1.0.drv
checking derivation checks.x86_64-linux.snapshot-descriptor-contracts...
derivation evaluated to /nix/store/43xrv2vx31jsvhyp2r0hmrxj0nn29dnl-snapshot-descriptor-contracts-check.drv
checking derivation checks.x86_64-linux.evidence-contracts...
derivation evaluated to /nix/store/n3z6zhbc15lj0mak85wvqp048ri1wvn4-evidence-contracts-check.drv
checking derivation checks.x86_64-linux.spacewasm-mvp-differential...
building '/nix/store/k8x5162igc5f0843k8jdny0w7ih12j94-mantle-spacewasm-bundler-source.drv'...
derivation evaluated to /nix/store/lc48ycdcfh1x67nx84myhw0n5gfjv1vr-spacewasm-mvp-differential-check.drv
checking derivation checks.x86_64-linux.vm-determinism-drift-receipt...
derivation evaluated to /nix/store/y9fg1icba48sx0dmxmvajbfczsvj42m3-vm-determinism-drift-receipt-check.drv
checking derivation checks.x86_64-linux.snapshot-replay-smoke...
derivation evaluated to /nix/store/sp8ycdcjypbm4gksk6641grfrg9b6vh0-snapshot-replay-smoke-check.drv
checking derivation checks.x86_64-linux.tigerstyle-policy-registry...
derivation evaluated to /nix/store/y6j4w8055wqw5xvcnx98hk9xgr2gp9hk-octet-policy-registry-check.drv
checking derivation checks.x86_64-linux.vm-cohort-adapter-octet-deny-all...
derivation evaluated to /nix/store/9zndbgvks8payny8v20yin7c9gnv877n-octet-consumer-check.drv
checking derivation checks.x86_64-linux.snapshot-descriptor-octet-deny-all...
derivation evaluated to /nix/store/gv38yj0w0lyqws9rpx7qg85fgnqcic5q-octet-consumer-check.drv
checking derivation checks.x86_64-linux.tigerstyle-chaoscontrol-focused...
derivation evaluated to /nix/store/jl8s9h5kb15g6iid2ny5x4bbdcl8j3l6-octet-consumer-check.drv
checking derivation checks.x86_64-linux.verified-logic-verus-proofs...
derivation evaluated to /nix/store/fqz40hr70fmsssi5n8ijc3cz99lvafcq-verus-proofs.drv
checking flake output 'apps'...
checking app 'apps.x86_64-linux.default'...
checking app 'apps.x86_64-linux.oci-intake'...
checking app 'apps.x86_64-linux.guest-determinism-gate'...
checking app 'apps.x86_64-linux.raft-accepted-verdict-dogfood'...
checking app 'apps.x86_64-linux.redb-accepted-verdict-dogfood'...
checking app 'apps.x86_64-linux.net-accepted-verdict-dogfood'...
checking app 'apps.x86_64-linux.rust-workload-accepted-verdict-dogfood'...
checking app 'apps.x86_64-linux.replay-readiness'...
checking app 'apps.x86_64-linux.scaffold-rust-workload'...
checking app 'apps.x86_64-linux.fresh-rust-workload-proof'...
checking app 'apps.x86_64-linux.vm-determinism-matrix'...
checking app 'apps.x86_64-linux.replay-readiness-summary'...
checking app 'apps.x86_64-linux.replay-readiness-dashboard'...
checking app 'apps.x86_64-linux.replay-readiness-triage'...
checking app 'apps.x86_64-linux.replay-readiness-fleet-index'...
checking app 'apps.x86_64-linux.replay-readiness-decision-receipt'...
checking app 'apps.x86_64-linux.replay-readiness-scheduler-receipt'...
checking app 'apps.x86_64-linux.in-process-simulator-receipt'...
checking app 'apps.x86_64-linux.local-multi-hypervisor-kvm-smoke'...
checking app 'apps.x86_64-linux.replay-readiness-readme-status'...
checking app 'apps.x86_64-linux.rust-workload-local-report'...
checking app 'apps.x86_64-linux.boot'...
checking app 'apps.x86_64-linux.snapshot-demo'...
checking app 'apps.x86_64-linux.explore'...
checking app 'apps.x86_64-linux.explore-raft'...
checking app 'apps.x86_64-linux.explore-redb'...
checking app 'apps.x86_64-linux.explore-sdk'...
checking app 'apps.x86_64-linux.explore-rust-workload'...
checking app 'apps.x86_64-linux.check-kvm-release-matrix'...
checking app 'apps.x86_64-linux.kvm-release-matrix'...
checking app 'apps.x86_64-linux.vm-determinism-drift'...
checking flake output 'devShells'...
checking derivation devShells.x86_64-linux.default...
derivation evaluated to /nix/store/x1kyl5ldx915q5xc722z2h6db7mj8v42-nix-shell.drv
running 140 flake checks...
building '/nix/store/i20nqmd2phsbh6gil75p6q42b5xy65sm-accepted-verdict-dogfood-config.json.drv'...
building '/nix/store/milxq53n8mr1l6sfsi11fj7k57mji0s5-rust-default-1.98.0.drv'...
copying path '/nix/store/bnyg1gycq05zcasq05z83qd0kz3lkxwn-spacewasm-e24cf09355a90497148eb5029fdb8e3400bd63e3-corpora' from 'http://100.100.103.95:5000'...
copying path '/nix/store/90alqfxsdgcq3jmld4wnsp2687iwsx4a-rust-std-1.91.1-wasm32-unknown-unknown' from 'http://100.100.103.95:5000'...
copying path '/nix/store/0bw8ynkhhbxv51kc4q872vyj1dqlm5zj-spacewasm-source-e24cf09355a90497148eb5029fdb8e3400bd63e3' from 'http://100.100.103.95:5000'...
copying path '/nix/store/kx4xmzcv0njjcvcp2q5i1ka0vxd1n6s5-cargo-1.91.1-x86_64-unknown-linux-gnu' from 'http://100.100.103.95:5000'...
copying path '/nix/store/5yz8zc0v13kxb0glpclayyd2dmq7zn9z-rust-std-1.91.1-x86_64-unknown-linux-gnu' from 'http://100.100.103.95:5000'...
copying path '/nix/store/v47jhnn6lc5vf555cgnd1dq5vjsq8jqk-rustc-1.91.1-x86_64-unknown-linux-gnu' from 'http://100.100.103.95:5000'...
copying path '/nix/store/2pbgy5agk2kxn0blsznz7gpc1il7cirh-spacewasm-e24cf09355a90497148eb5029fdb8e3400bd63e3.tar.gz' from 'http://100.100.103.95:5000'...
building '/nix/store/f39khaiqig9jxdhmby3zb2r2aijwmcyd-cargo-package-aho-corasick-1.1.5.drv'...
building '/nix/store/dssyf59w8cxpibcrqaajqmyhwn2gyg0x-cargo-package-bitflags-2.13.1.drv'...
cargo-package-aho-corasick> Running phase: unpackPhase
cargo-package-aho-corasick> setting SOURCE_DATE_EPOCH to timestamp 1153704088 of file "./crate/src/util/special.rs"
cargo-package-aho-corasick> Running phase: patchPhase
cargo-package-aho-corasick> Running phase: updateAutotoolsGnuConfigScriptsPhase
cargo-package-aho-corasick> Running phase: installPhase
building '/nix/store/9di9w9bma3klszhadadb3kv1g94pawda-cargo-package-defmt-1.1.1.drv'...
cargo-package-bitflags> Running phase: unpackPhase
cargo-package-bitflags> setting SOURCE_DATE_EPOCH to timestamp 1153704088 of file "./crate/src/traits.rs"
cargo-package-bitflags> Running phase: patchPhase
cargo-package-bitflags> Running phase: updateAutotoolsGnuConfigScriptsPhase
cargo-package-bitflags> Running phase: installPhase
copying path '/nix/store/8i68yqrfslag4nxlkn331sq1n93bh8x5-redb-disk-image' from 'http://100.100.103.95:5000'...
copying path '/nix/store/s7ay48jh2rnwgs3wzr7k0lkf6imnn371-ShellCheck-0.11.0' from 'http://100.100.103.95:5000'...
copying path '/nix/store/m7ml4g146b4prgpqgk0v3px50mlrp7iq-cargo-audit-0.22.0' from 'http://100.100.103.95:5000'...
copying path '/nix/store/cmrahwlsdrxgf95ayk4x9yxkf0zb6fwb-wasm-tools-1.245.1' from 'http://100.100.103.95:5000'...
copying path '/nix/store/fl02yv3ax1qf1xkq64ik8qz5bjxyyd71-cargo-deny-0.19.0' from 'http://100.100.103.95:5000'...
copying path '/nix/store/myjc6ajfxj626x0fmdyxszaq957yf1rm-wabt-1.0.39' from 'http://100.100.103.95:5000'...
copying path '/nix/store/2iy1jp3n0lf7q4vx633iyygs2spw9831-env_filter-1.0.1' from 'https://cache.nixos.org'...
copying path '/nix/store/qzy834qdd473gsywmx7ysbc1xi6rsv44-env_logger-0.11.10' from 'https://cache.nixos.org'...
copying path '/nix/store/q8qk0mkndvphprcfvng6n435x3pwy9vl-wasmtime-41.0.3' from 'https://cache.nixos.org'...
copying path '/nix/store/5bwc8lhmiyz9i6d9d11nhx88drxpkgj1-flagset-0.4.7' from 'https://cache.nixos.org'...
copying path '/nix/store/acbam4si6ryld7kz9781sqsb0bmzg54j-derive_arbitrary-1.4.2' from 'https://cache.nixos.org'...
copying path '/nix/store/qnlhxhd8ac7409j0hq5aqs9qwq6yyx15-cargo-src-log-0.4.34' from 'https://nix-community.cachix.org'...
cargo-package-defmt> Running phase: unpackPhase
cargo-package-defmt> setting SOURCE_DATE_EPOCH to timestamp 1153704088 of file "./crate/tests/ui_logs_off.rs"
cargo-package-defmt> Running phase: patchPhase
cargo-package-defmt> Running phase: updateAutotoolsGnuConfigScriptsPhase
cargo-package-defmt> Running phase: installPhase
building '/nix/store/a1yyc4dnwi4q1paw8jagwnyxplimvh13-cargo-package-portable-atomic-util-0.2.7.drv'...
cargo-package-portable-atomic-util> Running phase: unpackPhase
building '/nix/store/v142gf5x755p79wkgma9pzyc6d9bq63x-cargo-package-jiff-static-0.2.35.drv'...
cargo-package-portable-atomic-util> setting SOURCE_DATE_EPOCH to timestamp 1153704088 of file "./crate/tests/arc.rs"
cargo-package-portable-atomic-util> Running phase: patchPhase
cargo-package-portable-atomic-util> Running phase: updateAutotoolsGnuConfigScriptsPhase
cargo-package-portable-atomic-util> Running phase: installPhase
building '/nix/store/zxrbmn2jw9aml28xqnil7frxmzkrq131-cargo-package-regex-1.13.1.drv'...
cargo-package-jiff-static> Running phase: unpackPhase
cargo-package-jiff-static> setting SOURCE_DATE_EPOCH to timestamp 1153704088 of file "./crate/src/lib.rs"
cargo-package-jiff-static> Running phase: patchPhase
cargo-package-jiff-static> Running phase: updateAutotoolsGnuConfigScriptsPhase
cargo-package-jiff-static> Running phase: installPhase
rust-default> nullglob                  on
copying path '/nix/store/mc3x7gqp0pwd59459d8z4q25wc8gyxg1-cargo-src-syn-3.0.4' from 'https://nix-community.cachix.org'...
copying path '/nix/store/704fvdf1ihvikmb7jqbwkj2792m8rzh7-crate-jiff-0.2.28.tar.gz' from 'https://nix-community.cachix.org'...
copying path '/nix/store/jslljr5js1wnn7hqlmlbs6cx43n4az8g-rust-lib-src' from 'http://100.100.103.95:5000'...
copying path '/nix/store/8awfafv0l1j281lmy8h20pfid676v140-wasmtime-41.0.3-lib' from 'https://cache.nixos.org'...
copying path '/nix/store/dl68apx6p614rvsd7fq0rwbcma5g09cs-crate-jiff-static-0.2.28.tar.gz' from 'https://nix-community.cachix.org'...
copying path '/nix/store/6wndx4vdfnrvgqsj7xxhk8dc1l8gdpfd-linux-6.19' from 'http://100.100.103.95:5000'...
building '/nix/store/lyvpz75h8vvsg0bkzwrrwzq8bfnal0gi-cargo-package-jiff-0.2.35.drv'...
cargo-package-regex> Running phase: unpackPhase
cargo-package-regex> setting SOURCE_DATE_EPOCH to timestamp 1153704088 of file "./crate/tests/suite_string_set.rs"
cargo-package-regex> Running phase: patchPhase
cargo-package-regex> Running phase: updateAutotoolsGnuConfigScriptsPhase
cargo-package-regex> Running phase: installPhase
building '/nix/store/sjnyynqvbrywhpq95rds5qkzmbdglf3v-cargo-package-zerocopy-0.8.56.drv'...
cargo-package-jiff> Running phase: unpackPhase
cargo-package-jiff> setting SOURCE_DATE_EPOCH to timestamp 1153704088 of file "./crate/tests/lib.rs"
cargo-package-jiff> Running phase: patchPhase
cargo-package-jiff> Running phase: updateAutotoolsGnuConfigScriptsPhase
cargo-package-jiff> Running phase: installPhase
copying path '/nix/store/37z0f7m30gxphvkpdvpk5gz40cky30wl-linux-6.19' from 'http://100.100.103.95:5000'...
cargo-package-zerocopy> Running phase: unpackPhase
copying path '/nix/store/2zg8a82r8l591h5j35a09r66vakrg4iy-linux-6.19' from 'http://100.100.103.95:5000'...
building '/nix/store/faq92k3ny35djrwh48v0hb61gzm61q4i-cargo-package-syn-2.0.119.drv'...
cargo-package-zerocopy> setting SOURCE_DATE_EPOCH to timestamp 1153704088 of file "./crate/win-cargo.bat"
cargo-package-zerocopy> Running phase: patchPhase
cargo-package-zerocopy> Running phase: updateAutotoolsGnuConfigScriptsPhase
cargo-package-zerocopy> Running phase: installPhase
rust-default> warning: entry 48 in symbol table refers to a non-existent section, skipping
building '/nix/store/p5v4vx5w0qckqd0rfda8hdianykhh98z-cargo-package-zerocopy-derive-0.8.56.drv'...
cargo-package-syn> Running phase: unpackPhase
cargo-package-syn> setting SOURCE_DATE_EPOCH to timestamp 1153704088 of file "./crate/tests/zzz_stable.rs"
cargo-package-syn> Running phase: patchPhase
cargo-package-syn> Running phase: updateAutotoolsGnuConfigScriptsPhase
cargo-package-syn> Running phase: installPhase
building '/nix/store/7vd27rsz6f0mfwpsj2j2vid7clsswsyi-cargo-package-blake3-1.8.7.drv'...
building '/nix/store/cf6fxscfijpcar52xajfdrwnc3mkpwr0-cargo-package-serde_core-1.0.229.drv'...
cargo-package-blake3> Running phase: unpackPhase
cargo-package-blake3> setting SOURCE_DATE_EPOCH to timestamp 1153704088 of file "./crate/tools/release.md"
cargo-package-blake3> Running phase: patchPhase
cargo-package-blake3> Running phase: updateAutotoolsGnuConfigScriptsPhase
cargo-package-blake3> Running phase: installPhase
cargo-package-zerocopy-derive> Running phase: unpackPhase
cargo-package-zerocopy-derive> setting SOURCE_DATE_EPOCH to timestamp 1153704088 of file "./crate/tests/unsafe_cell.rs"
cargo-package-zerocopy-derive> Running phase: patchPhase
cargo-package-zerocopy-derive> Running phase: updateAutotoolsGnuConfigScriptsPhase
cargo-package-zerocopy-derive> Running phase: installPhase
copying path '/nix/store/944s4mx9a14nrjpnslp4g7kfqyk0k7w7-linux-6.19-dev' from 'http://100.100.103.95:5000'...
copying path '/nix/store/cag982m78l51rxccpw8qfz7vb66kxy1i-linux-6.19-dev' from 'http://100.100.103.95:5000'...
copying path '/nix/store/sxfyw375xwpr7v0jnqdnydcy6y5drz9g-linux-6.19-dev' from 'http://100.100.103.95:5000'...
copying path '/nix/store/kj9mfk6jh4iscgdjlbpmjbzxjdnw93r0-rust-minimal-1.91.1' from 'http://100.100.103.95:5000'...
copying path '/nix/store/mk2xd4jc9d0nnpqyxjr40v5qkr5cbv15-wasmtime-41.0.3-dev' from 'https://cache.nixos.org'...
building '/nix/store/93yjsn9b9zqmwv37j5sb54w3gz8gpq9f-cargo-package-defmt-macros-1.1.1.drv'...
cargo-package-defmt-macros> Running phase: unpackPhase
cargo-package-defmt-macros> setting SOURCE_DATE_EPOCH to timestamp 1153704088 of file "./crate/src/lib.rs"
cargo-package-defmt-macros> Running phase: patchPhase
cargo-package-defmt-macros> Running phase: updateAutotoolsGnuConfigScriptsPhase
cargo-package-defmt-macros> Running phase: installPhase
cargo-package-serde_core> Running phase: unpackPhase
cargo-package-serde_core> setting SOURCE_DATE_EPOCH to timestamp 1153704088 of file "./crate/src/std_error.rs"
cargo-package-serde_core> Running phase: patchPhase
cargo-package-serde_core> Running phase: updateAutotoolsGnuConfigScriptsPhase
cargo-package-serde_core> Running phase: installPhase
building '/nix/store/js3016004pwq7kxkvgwgbafi26a0lkag-spacewasm-e24cf09355a90497148eb5029fdb8e3400bd63e3-generated-fixtures.drv'...
building '/nix/store/ffx0nvpjb2fjhplla3g86yr1r9x1yz5j-jiff-0.2.28.drv'...
building '/nix/store/2cry88xl8s4cmckmzdcc40pr3hf69j5p-chaoscontrol-deny-0.1.0.drv'...
building '/nix/store/5ym8cgpmrflfhjzn6667gjxy3qqlpxlz-cargo-package-serde-1.0.229.drv'...
chaoscontrol-deny> cargoArtifacts not set, will not reuse any cargo artifacts
chaoscontrol-deny> Running phase: unpackPhase
chaoscontrol-deny> unpacking source archive /nix/store/jr92jbim2yx5fbhw20vwvdjykmkdh4h7-source
chaoscontrol-deny> source root is source
building '/nix/store/xg0xcag0bcpaipqiy9ywglq7lkmqqqsy-cargo-package-portable-atomic-1.15.0.drv'...
building '/nix/store/z85la2dpkm6bv00pag42g8clcsxlchmh-cargo-package-serde_derive-1.0.229.drv'...
cargo-package-portable-atomic> Running phase: unpackPhase
cargo-package-portable-atomic> setting SOURCE_DATE_EPOCH to timestamp 1153704088 of file "./crate/version.rs"
cargo-package-serde> Running phase: unpackPhase
cargo-package-serde> setting SOURCE_DATE_EPOCH to timestamp 1153704088 of file "./crate/src/private/ser.rs"
cargo-package-serde> Running phase: patchPhase
cargo-package-serde> Running phase: updateAutotoolsGnuConfigScriptsPhase
cargo-package-serde> Running phase: installPhase
chaoscontrol-deny> Running phase: patchPhase
chaoscontrol-deny> Executing configureCargoCommonVars
chaoscontrol-deny> Running phase: updateAutotoolsGnuConfigScriptsPhase
chaoscontrol-deny> Running phase: configurePhase
chaoscontrol-deny> will append /build/source/.cargo-home/config.toml with contents of /nix/store/07nn2pn5xcf8j8pq7kbm1x5rvg6rcnkp-vendor-cargo-deps/config.toml
chaoscontrol-deny> default configurePhase, nothing to do
chaoscontrol-deny> Running phase: buildPhase
chaoscontrol-deny> +++ command cargo --version
chaoscontrol-deny> cargo 1.98.0 (797e8a9bc 2026-08-05)
chaoscontrol-deny> +++ command cargo --offline deny --locked check bans licenses sources
cargo-package-portable-atomic> Running phase: patchPhase
cargo-package-portable-atomic> Running phase: updateAutotoolsGnuConfigScriptsPhase
cargo-package-portable-atomic> Running phase: installPhase
cargo-package-serde_derive> Running phase: unpackPhase
cargo-package-serde_derive> setting SOURCE_DATE_EPOCH to timestamp 1153704088 of file "./crate/src/this.rs"
cargo-package-serde_derive> Running phase: patchPhase
cargo-package-serde_derive> Running phase: updateAutotoolsGnuConfigScriptsPhase
cargo-package-serde_derive> Running phase: installPhase
building '/nix/store/f9qqnrsajp5p104ws3a65v41gc4xfgyz-cargo-package-libc-0.2.189.drv'...
chaoscontrol-deny> 2026-09-05 05:05:34 [ERROR] `cargo metadata` exited with an error:
chaoscontrol-deny> thread 'main' (78) panicked at src/tools/cargo/crates/cargo-util-schemas/src/core/package_id_spec.rs:248:40:
chaoscontrol-deny> called `Option::unwrap()` on a `None` value
chaoscontrol-deny> note: run with `RUST_BACKTRACE=1` environment variable to display a backtrace
chaoscontrol-deny> 
building '/nix/store/k1b6xv590zjvg0r8n5makmc11z753jhz-cargo-package-find-msvc-tools-0.1.11.drv'...
building '/nix/store/hypk0h43sad73xwd7f686i7gghv7m35k-cargo-package-quote-1.0.47.drv'...
cargo-package-libc> Running phase: unpackPhase
cargo-package-libc> setting SOURCE_DATE_EPOCH to timestamp 1153704088 of file "./crate/tests/const_fn.rs"
cargo-package-libc> Running phase: patchPhase
cargo-package-libc> Running phase: updateAutotoolsGnuConfigScriptsPhase
error: failed to build attribute 'checks.x86_64-linux.dependency-policy', build of '/nix/store/2cry88xl8s4cmckmzdcc40pr3hf69j5p-chaoscontrol-deny-0.1.0.drv^*' failed: Cannot build '/nix/store/2cry88xl8s4cmckmzdcc40pr3hf69j5p-chaoscontrol-deny-0.1.0.drv'.
       Reason: builder failed with exit code 1.
       Output paths:
         /nix/store/2k3z94ribslkkkjzwa9pa5q8ly95j6rl-chaoscontrol-deny-0.1.0
       Last 19 log lines:
       > cargoArtifacts not set, will not reuse any cargo artifacts
       > Running phase: unpackPhase
       > unpacking source archive /nix/store/jr92jbim2yx5fbhw20vwvdjykmkdh4h7-source
       > source root is source
       > Running phase: patchPhase
       > Executing configureCargoCommonVars
       > Running phase: updateAutotoolsGnuConfigScriptsPhase
       > Running phase: configurePhase
       > will append /build/source/.cargo-home/config.toml with contents of /nix/store/07nn2pn5xcf8j8pq7kbm1x5rvg6rcnkp-vendor-cargo-deps/config.toml
       > default configurePhase, nothing to do
       > Running phase: buildPhase
       > +++ command cargo --version
       > cargo 1.98.0 (797e8a9bc 2026-08-05)
       > +++ command cargo --offline deny --locked check bans licenses sources
       > 2026-09-05 05:05:34 [ERROR] `cargo metadata` exited with an error:
       > thread 'main' (78) panicked at src/tools/cargo/crates/cargo-util-schemas/src/core/package_id_spec.rs:248:40:
       > called `Option::unwrap()` on a `None` value
       > note: run with `RUST_BACKTRACE=1` environment variable to display a backtrace
       > 
       For full logs, run:
         nix log /nix/store/2cry88xl8s4cmckmzdcc40pr3hf69j5p-chaoscontrol-deny-0.1.0.drv
