Cargo.lock: OK
README.md: OK
contracts/evidence/registry.ncl: OK
contracts/product-scope/generated/product-scope.json: OK
contracts/product-scope/registry.ncl: OK
contracts/protocol-observation/fixtures/invalid/duplicate-participant.ncl: OK
contracts/protocol-observation/fixtures/invalid/impossible-bound.ncl: OK
contracts/protocol-observation/fixtures/invalid/malformed-ref.ncl: OK
contracts/protocol-observation/fixtures/invalid/missing-adapter.ncl: OK
contracts/protocol-observation/fixtures/invalid/self-oracle.ncl: OK
contracts/protocol-observation/fixtures/invalid/stale-schema.ncl: OK
contracts/protocol-observation/fixtures/invalid/unknown-field.ncl: OK
contracts/protocol-observation/fixtures/profile.ncl: OK
contracts/protocol-observation/fixtures/valid.json: OK
contracts/protocol-observation/fixtures/valid.ncl: OK
contracts/protocol-observation/profile.ncl: OK
crates/chaoscontrol-explore/src/lib.rs: OK
crates/chaoscontrol-explore/src/protocol/mod.rs: OK
crates/chaoscontrol-explore/src/protocol/session.rs: OK
crates/chaoscontrol-explore/tests/protocol_observation.rs: OK
crates/chaoscontrol-fault/src/engine.rs: OK
crates/chaoscontrol-fault/src/lib.rs: OK
crates/chaoscontrol-fault/src/observation/collection.rs: OK
crates/chaoscontrol-fault/src/oracle.rs: OK
crates/chaoscontrol-protocol/src/branch_marker.rs: OK
crates/chaoscontrol-protocol/src/lib.rs: OK
crates/chaoscontrol-protocol/src/protocol_observation/admission.rs: OK
crates/chaoscontrol-protocol/src/protocol_observation/cohort.rs: OK
crates/chaoscontrol-protocol/src/protocol_observation/cohort/accounting.rs: OK
crates/chaoscontrol-protocol/src/protocol_observation/evidence.rs: OK
crates/chaoscontrol-protocol/src/protocol_observation/mod.rs: OK
crates/chaoscontrol-protocol/src/protocol_observation/model.rs: OK
crates/chaoscontrol-protocol/src/protocol_observation/oracle.rs: OK
crates/chaoscontrol-protocol/src/protocol_observation/oracle/marker.rs: OK
crates/chaoscontrol-protocol/src/protocol_observation/profile.rs: OK
crates/chaoscontrol-protocol/tests/protocol/admission.rs: OK
crates/chaoscontrol-protocol/tests/protocol/adversarial.rs: OK
crates/chaoscontrol-protocol/tests/protocol/fixtures.rs: OK
crates/chaoscontrol-protocol/tests/protocol/marker.rs: OK
crates/chaoscontrol-protocol/tests/protocol_observation.rs: OK
crates/chaoscontrol-sdk/Cargo.toml: OK
crates/chaoscontrol-sdk/src/lib.rs: OK
crates/chaoscontrol-sdk/src/prelude.rs: OK
crates/chaoscontrol-sdk/src/protocol_observation.rs: OK
crates/chaoscontrol-sim-core/src/scheduler/core.rs: OK
crates/chaoscontrol-vmm/Cargo.toml: OK
crates/chaoscontrol-vmm/src/vm.rs: OK
crates/chaoscontrol-vmm/src/vm/protocol.rs: OK
crates/chaoscontrol-vmm/tests/protocol/compatibility.rs: OK
crates/chaoscontrol-vmm/tests/protocol/raft.rs: OK
crates/chaoscontrol-vmm/tests/protocol_observation.rs: OK
docs/protocol-observation-cohorts.md: OK
flake.nix: OK
license-policy.tsv: OK
